******************************************************************************
              TMS320C55x Linker Unix v4.4.1                    
******************************************************************************
>> Linked Sun Dec 24 01:42:13 2023

OUTPUT FILE NAME:   <ANF.out>
ENTRY POINT SYMBOL: "_c_int00"  address: 00026abe


MEMORY CONFIGURATION

         name            origin    length      used     unused   attr    fill
                        (bytes)   (bytes)    (bytes)   (bytes)
----------------------  --------  ---------  --------  --------  ----  --------
PAGE 0:
  MMR                   00000000   000000c0  00000000  000000c0  RWIX
  DARAM0                000000c0   0000ff40  000061ae  00009d92  RWIX
  SARAM0                00010000   00010000  00000000  00010000  RWIX
  SARAM1                00020000   00020000  00006c47  000193b9  RWIX
  SARAM2                00040000   0000fe00  00000590  0000f870  RWIX
  VECS                  0004fe00   00000200  00000100  00000100  RWIX
  PDROM                 00ff8000   00008000  00000000  00008000  R IX

PAGE 2:
  IOPORT                00000000   00020000  00000000  00020000  RWI 


SECTION ALLOCATION MAP
(Addresses surrounded by []'s are displayed for convenience only!)

output                                                          attributes/
section   page  orgn(bytes) orgn(words) len(bytes) len(words)   input sections
--------  ----  ----------- ----------- ---------- ----------   --------------
.pinit       0   [ 00040000 ]  00020000          *   00000000   UNINITIALIZED

.stack       0   [ 000000c0 ]  00000060          *   00001000   UNINITIALIZED
                 [ 000000c0 ]  00000060          *   00001000   --HOLE--

.data        0   [ 000000c0 ]  00000060          *   00000000   UNINITIALIZED

.sysstack 
*            0   [ 000020c0 ]  00001060          *   00000800   UNINITIALIZED
                 [ 000020c0 ]  00001060          *   00000800   --HOLE--

.sysmem      0   [ 000030c0 ]  00001860          *   00001000   UNINITIALIZED
                 [ 000030c0 ]  00001860          *   00001000   --HOLE--

.const.1     0   [ 000050c0 ]  00002860          *   0000052d   
                 [ 000050c0 ]  00002860          *   00000236   PLL.obj (.const:.string)
                 [ 0000552c ]  00002a96          *   00000174   aic3204_init.obj (.const:.string)
                 [ 00005814 ]  00002c0a          *   00000101   rts55h.lib : ctype.obj (.const:__ctypes_)
                 [ 00005a16 ]  00002d0b          *   00000001   mainonline_anf.obj (.const:_$P$T0$1)
                 [ 00005a18 ]  00002d0c          *   00000081   mainonline_anf.obj (.const:.string)

.const.2     0   [ 00005b1c ]  00002d8e          *   0000003e   
                 [ 00005b1c ]  00002d8e          *   00000024   rts55h.lib : _printfi.obj (.const:.string)
                 [ 00005b64 ]  00002db2          *   0000000c              : _printfi.obj (.const)
                 [ 00005b7c ]  00002dbe          *   00000008              : divd.obj (.const:_initial_approx$1)
                 [ 00005b8c ]  00002dc6          *   00000002              : fputs.obj (.const:.string)
                 [ 00005b90 ]  00002dc8          *   00000002   mainonline_anf.obj (.const:_$P$T1$2)
                 [ 00005b94 ]  00002dca          *   00000002   rts55h.lib : fltlid.obj (.const)

.bss         0   [ 00005b98 ]  00002dcc          *   0000036c   UNINITIALIZED
                 [ 00005b98 ]  00002dcc          *   00000119   rts55h.lib : defs.obj (.bss)
                 [ 00005dca ]  00002ee5          *   000000d0              : trgdrv.obj (.bss)
                 [ 00005f6a ]  00002fb5          *   000000bc   oled5515.obj (.bss)
                 [ 000060e2 ]  00003071          *   00000001   rts55h.lib : fopen.obj (.bss)
                 [ 000060e4 ]  00003072          *   00000071              : lowlev.obj (.bss)
                 [ 000061c6 ]  000030e3          *   00000001   usbstk5505_i2c.obj (.bss)
                 [ 000061c8 ]  000030e4          *   00000036   PLL.obj (.bss)
                 [ 00006234 ]  0000311a          *   0000000c   pushbuttons5515.obj (.bss)
                 [ 0000624c ]  00003126          *   00000007   rts55h.lib : memory.obj (.bss)
                 [ 0000625a ]  0000312d          *   00000001   usbstk5515_i2c.obj (.bss)
                 [ 0000625c ]  0000312e          *   00000004   rts55h.lib : _lock.obj (.bss)
                 [ 00006264 ]  00003132          *   00000004              : exit.obj (.bss)
                 [ 0000626c ]  00003136          *   00000002   aic3204.obj (.bss)

.text        0     00020000  [ 00010000 ] 00006c47          *   
                   00020000  [ 00010000 ] 00001533          *   rts55h.lib : _printfi.obj (.text)
                   00021533  [ 00010a99+] 00000866          *   oled5515.obj (.text)
                   00021d99  [ 00010ecc+] 00000538          *   rts55h.lib : trgdrv.obj (.text)
                   000222d1  [ 00011168+] 00000533          *              : memory.obj (.text)
                   00022804  [ 00011402 ] 00000522          *   aic3204_init.obj (.text)
                   00022d26  [ 00011693 ] 00000518          *   rts55h.lib : lowlev.obj (.text)
                   0002323e  [ 0001191f ] 000003c7          *              : divd.obj (.text)
                   00023605  [ 00011b02+] 00000391          *   anf_cascade.obj (.text)
                   00023996  [ 00011ccb ] 00000340          *   PLL.obj (.text)
                   00023cd6  [ 00011e6b ] 000002b6          *   pushbuttons5515.obj (.text)
                   00023f8c  [ 00011fc6 ] 000002ad          *   CSLc55x5h.lib : csl_pll.obj (.text)
                   00024239  [ 0001211c+] 0000026c          *   rts55h.lib : fopen.obj (.text)
                   000244a5  [ 00012252+] 0000025c          *   bargraph5515.obj (.text)
                   00024701  [ 00012380+] 0000025c          *   rts55h.lib : llmpy.obj (.text)
                   0002495d  [ 000124ae+] 00000257          *              : addd.obj (.text)
                   00024bb4  [ 000125da ] 00000226          *              : fwrite.obj (.text)
                   00024dda  [ 000126ed ] 000001ea          *              : cmpd.obj (.text)
                   00024fc4  [ 000127e2 ] 000001c9          *   usbstk5515_led.obj (.text)
                   0002518d  [ 000128c6+] 0000017b          *   rts55h.lib : fputs.obj (.text)
                   00025308  [ 00012984 ] 00000164          *   usbstk5505_gpio.obj (.text)
                   0002546c  [ 00012a36 ] 00000156          *   usbstk5515_gpio.obj (.text)
                   000255c2  [ 00012ae1 ] 0000014b          *   rts55h.lib : mpyd.obj (.text)
                   0002570d  [ 00012b86+] 00000148          *              : fread.obj (.text)
                   00025855  [ 00012c2a+] 0000013e          *   usbstk5515_i2c.obj (.text)
                   00025993  [ 00012cc9+] 0000013b          *   aic3204.obj (.text)
                   00025ace  [ 00012d67 ] 0000013b          *   anf.obj (.text)
                   00025c09  [ 00012e04+] 0000012a          *   usbstk5505_i2c.obj (.text)
                   00025d33  [ 00012e99+] 00000126          *   mainonline_anf.obj (.text)
                   00025e59  [ 00012f2c+] 000000f3          *   rts55h.lib : setvbuf.obj (.text)
                   00025f4c  [ 00012fa6 ] 000000da          *              : _io_perm.obj (.text)
                   00026026  [ 00013013 ] 000000be          *              : trgmsg.obj (.text:CIO_breakpoint)
                   000260e4  [ 00013072 ] 000000ba          *              : fflush.obj (.text)
                   0002619e  [ 000130cf ] 000000a6          *              : _bufread.obj (.text)
                   00026244  [ 00013122 ] 000000a2          *              : fputc.obj (.text)
                   000262e6  [ 00013173 ] 000000a0          *              : divul.obj (.text)
                   00026386  [ 000131c3 ] 00000079          *              : ltoa.obj (.text)
                   000263ff  [ 000131ff+] 00000076          *              : fclose.obj (.text)
                   00026475  [ 0001323a+] 00000076          *              : frcmpyd.obj (.text)
                   000264eb  [ 00013275+] 00000073          *              : frcmpyd_div.obj (.text)
                   0002655e  [ 000132af ] 00000070          *              : remul.obj (.text)
                   000265ce  [ 000132e7 ] 0000006e          *              : fixdli.obj (.text)
                   0002663c  [ 0001331e ] 0000006b          *              : trgmsg.obj (.text)
                   000266a7  [ 00013353+] 00000068          *              : fseek.obj (.text)
                   0002670f  [ 00013387+] 00000067          *              : fltlid.obj (.text)
                   00026776  [ 000133bb ] 00000059          *              : atoi.obj (.text)
                   000267cf  [ 000133e7+] 00000056          *              : memcpy.obj (.text)
                   00026825  [ 00013412+] 00000054          *   usbstk5505.obj (.text)
                   00026879  [ 0001343c+] 00000054          *   usbstk5515.obj (.text)
                   000268cd  [ 00013466+] 0000004e          *   rts55h.lib : printf.obj (.text)
                   0002691b  [ 0001348d+] 0000004d          *              : autoinit.obj (.text)
                   00026968  [ 000134b4 ] 0000004b          *              : remli.obj (.text)
                   000269b3  [ 000134d9+] 00000049          *              : args_main.obj (.text)
                   000269fc  [ 000134fe ] 00000048          *              : divli.obj (.text)
                   00026a44  [ 00013522 ] 0000003e          *              : exit.obj (.text)
                   00026a82  [ 00013541 ] 0000003c          *              : idiv.obj (.text)
                   00026abe  [ 0001355f ] 00000034          *              : boot.obj (.text)
                   00026af2  [ 00013579 ] 0000002d          *   usbstk5505_led.obj (.text)
                   00026b1f  [ 0001358f+] 0000002a          *   rts55h.lib : fixdi.obj (.text)
                   00026b49  [ 000135a4+] 0000002a          *              : udiv.obj (.text)
                   00026b73  [ 000135b9+] 00000022          *              : memccpy.obj (.text)
                   00026b95  [ 000135ca+] 0000001f          *              : memset.obj (.text)
                   00026bb4  [ 000135da ] 0000001c          *   stereo.obj (.text)
                   00026bd0  [ 000135e8 ] 0000001a          *   rts55h.lib : isinf.obj (.text)
                   00026bea  [ 000135f5 ] 00000014          *              : subd.obj (.text)
                   00026bfe  [ 000135ff ] 00000013          *              : lmpy.obj (.text)
                   00026c11  [ 00013608+] 00000012          *              : _lock.obj (.text)
                   00026c23  [ 00013611+] 00000010          *              : negd.obj (.text)
                   00026c33  [ 00013619+] 0000000a          *              : remove.obj (.text)
                   00026c3d  [ 0001361e+] 00000007          *              : exit.obj (.text:CIO_breakpoint)
                   00026c44  [ 00013622 ] 00000002          *              : vectors.obj (.text)
                   00026c46  [ 00013623 ] 00000001          *   --HOLE-- [fill = 20]

.cinit       0   [ 00040000 ]  00020000          *   000001a8   
                 [ 00040000 ]  00020000          *   000000c2   oled5515.obj (.cinit)
                 [ 00040184 ]  000200c2          *   00000046   PLL.obj (.cinit)
                 [ 00040210 ]  00020108          *   0000002d   rts55h.lib : lowlev.obj (.cinit)
                 [ 0004026a ]  00020135          *   0000002a              : defs.obj (.cinit)
                 [ 000402be ]  0002015f          *   00000024   pushbuttons5515.obj (.cinit)
                 [ 00040306 ]  00020183          *   0000000a   rts55h.lib : _lock.obj (.cinit)
                 [ 0004031a ]  0002018d          *   0000000a              : exit.obj (.cinit)
                 [ 0004032e ]  00020197          *   00000004              : fopen.obj (.cinit)
                 [ 00040336 ]  0002019b          *   00000004              : memory.obj (.cinit)
                 [ 0004033e ]  0002019f          *   00000004   usbstk5505_i2c.obj (.cinit)
                 [ 00040346 ]  000201a3          *   00000004   usbstk5515_i2c.obj (.cinit)
                 [ 0004034e ]  000201a7          *   00000001   --HOLE-- [fill = 0]

.cio         0   [ 00040350 ]  000201a8          *   00000120   UNINITIALIZED
                 [ 00040350 ]  000201a8          *   00000120   rts55h.lib : trgmsg.obj (.cio)

vectors      0     0004fe00  [ 00027f00 ] 00000100          *   
                   0004fe00  [ 00027f00 ] 00000100          *   rts55h.lib : vectors.obj (vectors)


GLOBAL SYMBOLS: SORTED ALPHABETICALLY BY Name 

abs. value/
byte addr   word addr   name
---------   ---------   ----
00000002                $TI_capability$C5500$CallingConvention
00000008                $TI_capability$C5500$MemoryModel
00000001                $TI_capability_requires_rev3
ffffffff                .bss
ffffffff                .data
ffffffff                .text
00026c3e                C$$EXIT
000260df                C$$IO$$
00026a82                I$$DIV
00026bfe                I$$LMPY
00026aa1                I$$MOD
00026b49                I$$UDIV
00026b5e                I$$UMOD
00025993                _AIC3204_rget
000259de                _AIC3204_rset
00022273                _HOSTclock
00022208                _HOSTclose
00022153                _HOSTlseek
000220b2                _HOSTopen
00022027                _HOSTread
00021f6e                _HOSTrename
00021f10                _HOSTtime
00021ea4                _HOSTunlink
00021e19                _HOSTwrite
00021553                _OSD9616_multiSend
00021533                _OSD9616_send
0002417e                _PLL_bypass
00023fee                _PLL_config
00024117                _PLL_enable
00023fb6                _PLL_init
000241cd                _PLL_reset
0004fe00                _Reset
00023cd6                _SAR_init
00025414                _USBSTK5505_GPIO_getInput
00025308                _USBSTK5505_GPIO_init
0002530c                _USBSTK5505_GPIO_setDirection
00025397                _USBSTK5505_GPIO_setOutput
00025c28                _USBSTK5505_I2C_close
00025c09                _USBSTK5505_I2C_init
00025cba                _USBSTK5505_I2C_read
00025c31                _USBSTK5505_I2C_reset
00025c3f                _USBSTK5505_I2C_write
00026af2                _USBSTK5505_LED_init
00026b0e                _USBSTK5505_LED_off
00026afd                _USBSTK5505_LED_on
0002686b                _USBSTK5505_init
00026825                _USBSTK5505_wait
00026859                _USBSTK5505_waitusec
0002556a                _USBSTK5515_GPIO_getInput
0002546c                _USBSTK5515_GPIO_init
00025470                _USBSTK5515_GPIO_setDirection
000254ed                _USBSTK5515_GPIO_setOutput
00025874                _USBSTK5515_I2C_close
00025855                _USBSTK5515_I2C_init
0002591a                _USBSTK5515_I2C_read
0002587d                _USBSTK5515_I2C_reset
0002588b                _USBSTK5515_I2C_write
00024fc4                _USBSTK5515_LED_init
00024fe0                _USBSTK5515_LED_off
00024fcf                _USBSTK5515_LED_on
00025020                _USBSTK5515_ULED_getall
00024ff1                _USBSTK5515_ULED_init
00025115                _USBSTK5515_ULED_off
000250e0                _USBSTK5515_ULED_on
00025072                _USBSTK5515_ULED_setall
00025148                _USBSTK5515_ULED_toggle
000268bf                _USBSTK5515_init
00026879                _USBSTK5515_wait
000268ad                _USBSTK5515_waitusec
            000201a8    __CIOBUF_
            00001060    __STACK_END
00002000                __STACK_SIZE
00002000                __SYSMEM_SIZE
00001000                __SYSSTACK_SIZE
00000001                __TI_args_main
ffffffff                ___binit__
ffffffff                ___bss__
ffffffff                ___c_args__
            00020000    ___cinit__
ffffffff                ___data__
ffffffff                ___edata__
ffffffff                ___end__
ffffffff                ___etext__
00026bd0                ___isinf
ffffffff                ___pinit__
ffffffff                ___text__
0002495d                __addd
000269b3                __args_main
0002619e                __buff_read
0002434e                __cleanup
            00003132    __cleanup_ptr
00024f6c                __cmpd
            00002c0a    __ctypes_
0002323e                __divd
00026a82                __divi
000269fc                __divli
00024929                __divlli
00026b49                __divu
000262e6                __divul
00024835                __divull
000260e4                __doflush
            00003134    __dtors_ptr
00024f38                __eqld
00026b1f                __fixdi
000265ce                __fixdli
0002670f                __fltlid
00026475                __frcmpyd
000264eb                __frcmpyd_div
            00002ee4    __ft_end
            00002dcc    __ftable
00024eee                __geqd
00024ea3                __gtrd
00024e56                __leqd
            0000312e    __lock
00024e0e                __lssd
000255c2                __mpyd
00026bfe                __mpyli
0002477e                __mpylli
00026c23                __negd
00024dda                __neqd
00026c21                __nop
00021315                __printfi
00025fc9                __rd_ok
00026c19                __register_lock
00026c11                __register_unlock
00026aa1                __remi
00026968                __remli
0002474f                __remlli
00026b5e                __remu
0002655e                __remul
00024701                __remull
            00000060    __stack
00026bea                __subd
            00001860    __sys_memory
            00001060    __sysstack
            00002e44    __tmpnams
            00003130    __unlock
00025f4c                __wrt_ok
00026c3d                _abort
00023156                _add_device
00025a4c                _aic3204_codec_read
00025a92                _aic3204_codec_write
00025a30                _aic3204_disable
00025a00                _aic3204_hardware_init
00022804                _aic3204_init
00025ace                _anf
00023605                _anf_cascade
00026776                _atoi
0002691b                _auto_init
000245e1                _bargraph_12dB
000244a5                _bargraph_3dB
00024543                _bargraph_6dB
00026abe                _c_int00
000227b8                _calloc
            00002fb5    _character_set
000227b0                _chkheap
000230e6                _close
            00003136    _counter1
            00003137    _counter2
00026a44                _exit
000263ff                _fclose
00026146                _fflush
000230dd                _find_registered_device
0002446c                _fopen
00026244                _fputc
0002518d                _fputs
0002570d                _fread
000222d1                _free
00022749                _free_memory
000243a6                _freopen
000266a7                _fseek
00024bb4                _fwrite
00021d99                _getenv
            000030ee    _hPll
00023079                _lseek
00026386                _ltoa
00025d33                _main
00022415                _malloc
000226df                _max_free
00026b73                _memccpy
000267cf                _memcpy
00026b95                _memset
000223a3                _minit
            0000301d    _number_set
00021b08                _oled_display_bargraph
000217f9                _oled_display_message
00021cc8                _oled_display_picture
00021bf1                _oled_display_waveform
000216d1                _oled_init
00022fbc                _open
            00003118    _pConfigInfo
            000030ea    _pllCfg1
            00003110    _pllCfg_100MHz
            00003114    _pllCfg_120MHz
            000030f8    _pllCfg_12MHz
            000030fc    _pllCfg_12p288MHz
            000030f0    _pllCfg_1MHz
            000030f4    _pllCfg_2MHz
            00003100    _pllCfg_40MHz
            00003104    _pllCfg_60MHz
            00003108    _pllCfg_75MHz
            0000310c    _pllCfg_98MHz
            000030e4    _pllObj
00023a11                _pll_frequency_setup
0002159f                _printCharacter
000215e3                _printMessage
000268cd                _printf
00023cee                _pushbuttons_read
00023e6c                _pushbuttons_read_raw
00026244                _putc
000262d7                _putchar
000252dc                _puts
00022f12                _read
0002663c                _readmsg
00022516                _realloc
00026c33                _remove
00022ede                _remove_device
00022e87                _rename
000229d6                _set_sampling_frequency_and_gain
00025e59                _setvbuf
0002467f                _spectrum_analyser_display
00026bb4                _stereo_to_mono
00022e53                _unlink
00022d26                _write
00025e31                _writeToFile
00026026                _writemsg
ffffffff                binit
            00020000    cinit
ffffffff                edata
ffffffff                end
ffffffff                etext
ffffffff                pinit


GLOBAL SYMBOLS: SORTED BY Symbol Address 

abs. value/
byte addr   word addr   name
---------   ---------   ----
00000001                $TI_capability_requires_rev3
00000001                __TI_args_main
00000002                $TI_capability$C5500$CallingConvention
00000008                $TI_capability$C5500$MemoryModel
            00000060    __stack
00001000                __SYSSTACK_SIZE
00002000                __STACK_SIZE
00002000                __SYSMEM_SIZE
            00001060    __STACK_END
            00001060    __sysstack
            00001860    __sys_memory
            00002c0a    __ctypes_
            00002dcc    __ftable
            00002e44    __tmpnams
            00002ee4    __ft_end
            00002fb5    _character_set
            0000301d    _number_set
            000030e4    _pllObj
            000030ea    _pllCfg1
            000030ee    _hPll
            000030f0    _pllCfg_1MHz
            000030f4    _pllCfg_2MHz
            000030f8    _pllCfg_12MHz
            000030fc    _pllCfg_12p288MHz
            00003100    _pllCfg_40MHz
            00003104    _pllCfg_60MHz
            00003108    _pllCfg_75MHz
            0000310c    _pllCfg_98MHz
            00003110    _pllCfg_100MHz
            00003114    _pllCfg_120MHz
            00003118    _pConfigInfo
            0000312e    __lock
            00003130    __unlock
            00003132    __cleanup_ptr
            00003134    __dtors_ptr
            00003136    _counter1
            00003137    _counter2
00021315                __printfi
00021533                _OSD9616_send
00021553                _OSD9616_multiSend
0002159f                _printCharacter
000215e3                _printMessage
000216d1                _oled_init
000217f9                _oled_display_message
00021b08                _oled_display_bargraph
00021bf1                _oled_display_waveform
00021cc8                _oled_display_picture
00021d99                _getenv
00021e19                _HOSTwrite
00021ea4                _HOSTunlink
00021f10                _HOSTtime
00021f6e                _HOSTrename
00022027                _HOSTread
000220b2                _HOSTopen
00022153                _HOSTlseek
00022208                _HOSTclose
00022273                _HOSTclock
000222d1                _free
000223a3                _minit
00022415                _malloc
00022516                _realloc
000226df                _max_free
00022749                _free_memory
000227b0                _chkheap
000227b8                _calloc
00022804                _aic3204_init
000229d6                _set_sampling_frequency_and_gain
00022d26                _write
00022e53                _unlink
00022e87                _rename
00022ede                _remove_device
00022f12                _read
00022fbc                _open
00023079                _lseek
000230dd                _find_registered_device
000230e6                _close
00023156                _add_device
0002323e                __divd
00023605                _anf_cascade
00023a11                _pll_frequency_setup
00023cd6                _SAR_init
00023cee                _pushbuttons_read
00023e6c                _pushbuttons_read_raw
00023fb6                _PLL_init
00023fee                _PLL_config
00024117                _PLL_enable
0002417e                _PLL_bypass
000241cd                _PLL_reset
0002434e                __cleanup
000243a6                _freopen
0002446c                _fopen
000244a5                _bargraph_3dB
00024543                _bargraph_6dB
000245e1                _bargraph_12dB
0002467f                _spectrum_analyser_display
00024701                __remull
0002474f                __remlli
0002477e                __mpylli
00024835                __divull
00024929                __divlli
0002495d                __addd
00024bb4                _fwrite
00024dda                __neqd
00024e0e                __lssd
00024e56                __leqd
00024ea3                __gtrd
00024eee                __geqd
00024f38                __eqld
00024f6c                __cmpd
00024fc4                _USBSTK5515_LED_init
00024fcf                _USBSTK5515_LED_on
00024fe0                _USBSTK5515_LED_off
00024ff1                _USBSTK5515_ULED_init
00025020                _USBSTK5515_ULED_getall
00025072                _USBSTK5515_ULED_setall
000250e0                _USBSTK5515_ULED_on
00025115                _USBSTK5515_ULED_off
00025148                _USBSTK5515_ULED_toggle
0002518d                _fputs
000252dc                _puts
00025308                _USBSTK5505_GPIO_init
0002530c                _USBSTK5505_GPIO_setDirection
00025397                _USBSTK5505_GPIO_setOutput
00025414                _USBSTK5505_GPIO_getInput
0002546c                _USBSTK5515_GPIO_init
00025470                _USBSTK5515_GPIO_setDirection
000254ed                _USBSTK5515_GPIO_setOutput
0002556a                _USBSTK5515_GPIO_getInput
000255c2                __mpyd
0002570d                _fread
00025855                _USBSTK5515_I2C_init
00025874                _USBSTK5515_I2C_close
0002587d                _USBSTK5515_I2C_reset
0002588b                _USBSTK5515_I2C_write
0002591a                _USBSTK5515_I2C_read
00025993                _AIC3204_rget
000259de                _AIC3204_rset
00025a00                _aic3204_hardware_init
00025a30                _aic3204_disable
00025a4c                _aic3204_codec_read
00025a92                _aic3204_codec_write
00025ace                _anf
00025c09                _USBSTK5505_I2C_init
00025c28                _USBSTK5505_I2C_close
00025c31                _USBSTK5505_I2C_reset
00025c3f                _USBSTK5505_I2C_write
00025cba                _USBSTK5505_I2C_read
00025d33                _main
00025e31                _writeToFile
00025e59                _setvbuf
00025f4c                __wrt_ok
00025fc9                __rd_ok
00026026                _writemsg
000260df                C$$IO$$
000260e4                __doflush
00026146                _fflush
0002619e                __buff_read
00026244                _fputc
00026244                _putc
000262d7                _putchar
000262e6                __divul
00026386                _ltoa
000263ff                _fclose
00026475                __frcmpyd
000264eb                __frcmpyd_div
0002655e                __remul
000265ce                __fixdli
0002663c                _readmsg
000266a7                _fseek
0002670f                __fltlid
00026776                _atoi
000267cf                _memcpy
00026825                _USBSTK5505_wait
00026859                _USBSTK5505_waitusec
0002686b                _USBSTK5505_init
00026879                _USBSTK5515_wait
000268ad                _USBSTK5515_waitusec
000268bf                _USBSTK5515_init
000268cd                _printf
0002691b                _auto_init
00026968                __remli
000269b3                __args_main
000269fc                __divli
00026a44                _exit
00026a82                I$$DIV
00026a82                __divi
00026aa1                I$$MOD
00026aa1                __remi
00026abe                _c_int00
00026af2                _USBSTK5505_LED_init
00026afd                _USBSTK5505_LED_on
00026b0e                _USBSTK5505_LED_off
00026b1f                __fixdi
00026b49                I$$UDIV
00026b49                __divu
00026b5e                I$$UMOD
00026b5e                __remu
00026b73                _memccpy
00026b95                _memset
00026bb4                _stereo_to_mono
00026bd0                ___isinf
00026bea                __subd
00026bfe                I$$LMPY
00026bfe                __mpyli
00026c11                __register_unlock
00026c19                __register_lock
00026c21                __nop
00026c23                __negd
00026c33                _remove
00026c3d                _abort
00026c3e                C$$EXIT
            00020000    ___cinit__
            00020000    cinit
            000201a8    __CIOBUF_
0004fe00                _Reset
ffffffff                .bss
ffffffff                .data
ffffffff                .text
ffffffff                ___binit__
ffffffff                ___bss__
ffffffff                ___c_args__
ffffffff                ___data__
ffffffff                ___edata__
ffffffff                ___end__
ffffffff                ___etext__
ffffffff                ___pinit__
ffffffff                ___text__
ffffffff                binit
ffffffff                edata
ffffffff                end
ffffffff                etext
ffffffff                pinit

[232 symbols]
