<?xml version="1.0"?>
<link_info>
   <banner>TMS320C55x Linker Unix v4.4.1</banner>
   <copyright>Copyright (c) 1996-2012 Texas Instruments Incorporated</copyright>
   <link_time>0x65877e65</link_time>
   <output_file>ANF.out</output_file>
   <entry_point>
      <name>_c_int00</name>
      <address>0x26abe</address>
   </entry_point>
   <input_file_list>
      <input_file id="fl-2">
         <path>./</path>
         <kind>object</kind>
         <file>anf.obj</file>
         <name>anf.obj</name>
      </input_file>
      <input_file id="fl-3">
         <path>./</path>
         <kind>object</kind>
         <file>anf_cascade.obj</file>
         <name>anf_cascade.obj</name>
      </input_file>
      <input_file id="fl-4">
         <path>./</path>
         <kind>object</kind>
         <file>mainoffline_anf.obj</file>
         <name>mainoffline_anf.obj</name>
      </input_file>
      <input_file id="fl-5">
         <path>./</path>
         <kind>object</kind>
         <file>mainonline_anf.obj</file>
         <name>mainonline_anf.obj</name>
      </input_file>
      <input_file id="fl-6">
         <path>./USBSTK5515bsl/lib/</path>
         <kind>object</kind>
         <file>PLL.obj</file>
         <name>PLL.obj</name>
      </input_file>
      <input_file id="fl-7">
         <path>./USBSTK5515bsl/lib/</path>
         <kind>object</kind>
         <file>aic3204.obj</file>
         <name>aic3204.obj</name>
      </input_file>
      <input_file id="fl-8">
         <path>./USBSTK5515bsl/lib/</path>
         <kind>object</kind>
         <file>aic3204_init.obj</file>
         <name>aic3204_init.obj</name>
      </input_file>
      <input_file id="fl-9">
         <path>./USBSTK5515bsl/lib/</path>
         <kind>object</kind>
         <file>bargraph5515.obj</file>
         <name>bargraph5515.obj</name>
      </input_file>
      <input_file id="fl-a">
         <path>./USBSTK5515bsl/lib/</path>
         <kind>object</kind>
         <file>oled5515.obj</file>
         <name>oled5515.obj</name>
      </input_file>
      <input_file id="fl-b">
         <path>./USBSTK5515bsl/lib/</path>
         <kind>object</kind>
         <file>pushbuttons5515.obj</file>
         <name>pushbuttons5515.obj</name>
      </input_file>
      <input_file id="fl-c">
         <path>./USBSTK5515bsl/lib/</path>
         <kind>object</kind>
         <file>stereo.obj</file>
         <name>stereo.obj</name>
      </input_file>
      <input_file id="fl-d">
         <path>./USBSTK5515bsl/lib/</path>
         <kind>object</kind>
         <file>usbstk5505.obj</file>
         <name>usbstk5505.obj</name>
      </input_file>
      <input_file id="fl-e">
         <path>./USBSTK5515bsl/lib/</path>
         <kind>object</kind>
         <file>usbstk5505_gpio.obj</file>
         <name>usbstk5505_gpio.obj</name>
      </input_file>
      <input_file id="fl-f">
         <path>./USBSTK5515bsl/lib/</path>
         <kind>object</kind>
         <file>usbstk5505_i2c.obj</file>
         <name>usbstk5505_i2c.obj</name>
      </input_file>
      <input_file id="fl-10">
         <path>./USBSTK5515bsl/lib/</path>
         <kind>object</kind>
         <file>usbstk5505_led.obj</file>
         <name>usbstk5505_led.obj</name>
      </input_file>
      <input_file id="fl-11">
         <path>./USBSTK5515bsl/lib/</path>
         <kind>object</kind>
         <file>usbstk5515.obj</file>
         <name>usbstk5515.obj</name>
      </input_file>
      <input_file id="fl-12">
         <path>./USBSTK5515bsl/lib/</path>
         <kind>object</kind>
         <file>usbstk5515_gpio.obj</file>
         <name>usbstk5515_gpio.obj</name>
      </input_file>
      <input_file id="fl-13">
         <path>./USBSTK5515bsl/lib/</path>
         <kind>object</kind>
         <file>usbstk5515_i2c.obj</file>
         <name>usbstk5515_i2c.obj</name>
      </input_file>
      <input_file id="fl-14">
         <path>./USBSTK5515bsl/lib/</path>
         <kind>object</kind>
         <file>usbstk5515_led.obj</file>
         <name>usbstk5515_led.obj</name>
      </input_file>
      <input_file id="fl-1a">
         <path>../USBSTK5515bsl/lib/</path>
         <kind>archive</kind>
         <file>CSLc55x5h.lib</file>
         <name>csl_pll.obj</name>
      </input_file>
      <input_file id="fl-1b">
         <path>/home/jeffee/ti/ccs910/ccs/tools/compiler/c5500_4.4.1/lib/</path>
         <kind>archive</kind>
         <file>rts55h.lib</file>
         <name>boot.obj</name>
      </input_file>
      <input_file id="fl-1c">
         <path>/home/jeffee/ti/ccs910/ccs/tools/compiler/c5500_4.4.1/lib/</path>
         <kind>archive</kind>
         <file>rts55h.lib</file>
         <name>exit.obj</name>
      </input_file>
      <input_file id="fl-1d">
         <path>/home/jeffee/ti/ccs910/ccs/tools/compiler/c5500_4.4.1/lib/</path>
         <kind>archive</kind>
         <file>rts55h.lib</file>
         <name>fclose.obj</name>
      </input_file>
      <input_file id="fl-1e">
         <path>/home/jeffee/ti/ccs910/ccs/tools/compiler/c5500_4.4.1/lib/</path>
         <kind>archive</kind>
         <file>rts55h.lib</file>
         <name>fflush.obj</name>
      </input_file>
      <input_file id="fl-1f">
         <path>/home/jeffee/ti/ccs910/ccs/tools/compiler/c5500_4.4.1/lib/</path>
         <kind>archive</kind>
         <file>rts55h.lib</file>
         <name>fopen.obj</name>
      </input_file>
      <input_file id="fl-20">
         <path>/home/jeffee/ti/ccs910/ccs/tools/compiler/c5500_4.4.1/lib/</path>
         <kind>archive</kind>
         <file>rts55h.lib</file>
         <name>fread.obj</name>
      </input_file>
      <input_file id="fl-21">
         <path>/home/jeffee/ti/ccs910/ccs/tools/compiler/c5500_4.4.1/lib/</path>
         <kind>archive</kind>
         <file>rts55h.lib</file>
         <name>fwrite.obj</name>
      </input_file>
      <input_file id="fl-22">
         <path>/home/jeffee/ti/ccs910/ccs/tools/compiler/c5500_4.4.1/lib/</path>
         <kind>archive</kind>
         <file>rts55h.lib</file>
         <name>idiv.obj</name>
      </input_file>
      <input_file id="fl-23">
         <path>/home/jeffee/ti/ccs910/ccs/tools/compiler/c5500_4.4.1/lib/</path>
         <kind>archive</kind>
         <file>rts55h.lib</file>
         <name>lmpy.obj</name>
      </input_file>
      <input_file id="fl-24">
         <path>/home/jeffee/ti/ccs910/ccs/tools/compiler/c5500_4.4.1/lib/</path>
         <kind>archive</kind>
         <file>rts55h.lib</file>
         <name>lowlev.obj</name>
      </input_file>
      <input_file id="fl-25">
         <path>/home/jeffee/ti/ccs910/ccs/tools/compiler/c5500_4.4.1/lib/</path>
         <kind>archive</kind>
         <file>rts55h.lib</file>
         <name>memcpy.obj</name>
      </input_file>
      <input_file id="fl-26">
         <path>/home/jeffee/ti/ccs910/ccs/tools/compiler/c5500_4.4.1/lib/</path>
         <kind>archive</kind>
         <file>rts55h.lib</file>
         <name>memory.obj</name>
      </input_file>
      <input_file id="fl-27">
         <path>/home/jeffee/ti/ccs910/ccs/tools/compiler/c5500_4.4.1/lib/</path>
         <kind>archive</kind>
         <file>rts55h.lib</file>
         <name>memset.obj</name>
      </input_file>
      <input_file id="fl-28">
         <path>/home/jeffee/ti/ccs910/ccs/tools/compiler/c5500_4.4.1/lib/</path>
         <kind>archive</kind>
         <file>rts55h.lib</file>
         <name>printf.obj</name>
      </input_file>
      <input_file id="fl-29">
         <path>/home/jeffee/ti/ccs910/ccs/tools/compiler/c5500_4.4.1/lib/</path>
         <kind>archive</kind>
         <file>rts55h.lib</file>
         <name>remove.obj</name>
      </input_file>
      <input_file id="fl-2a">
         <path>/home/jeffee/ti/ccs910/ccs/tools/compiler/c5500_4.4.1/lib/</path>
         <kind>archive</kind>
         <file>rts55h.lib</file>
         <name>trgdrv.obj</name>
      </input_file>
      <input_file id="fl-2b">
         <path>/home/jeffee/ti/ccs910/ccs/tools/compiler/c5500_4.4.1/lib/</path>
         <kind>archive</kind>
         <file>rts55h.lib</file>
         <name>trgmsg.obj</name>
      </input_file>
      <input_file id="fl-2c">
         <path>/home/jeffee/ti/ccs910/ccs/tools/compiler/c5500_4.4.1/lib/</path>
         <kind>archive</kind>
         <file>rts55h.lib</file>
         <name>vectors.obj</name>
      </input_file>
      <input_file id="fl-2d">
         <path>/home/jeffee/ti/ccs910/ccs/tools/compiler/c5500_4.4.1/lib/</path>
         <kind>archive</kind>
         <file>rts55h.lib</file>
         <name>_bufread.obj</name>
      </input_file>
      <input_file id="fl-2e">
         <path>/home/jeffee/ti/ccs910/ccs/tools/compiler/c5500_4.4.1/lib/</path>
         <kind>archive</kind>
         <file>rts55h.lib</file>
         <name>_io_perm.obj</name>
      </input_file>
      <input_file id="fl-2f">
         <path>/home/jeffee/ti/ccs910/ccs/tools/compiler/c5500_4.4.1/lib/</path>
         <kind>archive</kind>
         <file>rts55h.lib</file>
         <name>_lock.obj</name>
      </input_file>
      <input_file id="fl-30">
         <path>/home/jeffee/ti/ccs910/ccs/tools/compiler/c5500_4.4.1/lib/</path>
         <kind>archive</kind>
         <file>rts55h.lib</file>
         <name>_printfi.obj</name>
      </input_file>
      <input_file id="fl-31">
         <path>/home/jeffee/ti/ccs910/ccs/tools/compiler/c5500_4.4.1/lib/</path>
         <kind>archive</kind>
         <file>rts55h.lib</file>
         <name>args_main.obj</name>
      </input_file>
      <input_file id="fl-32">
         <path>/home/jeffee/ti/ccs910/ccs/tools/compiler/c5500_4.4.1/lib/</path>
         <kind>archive</kind>
         <file>rts55h.lib</file>
         <name>atoi.obj</name>
      </input_file>
      <input_file id="fl-33">
         <path>/home/jeffee/ti/ccs910/ccs/tools/compiler/c5500_4.4.1/lib/</path>
         <kind>archive</kind>
         <file>rts55h.lib</file>
         <name>autoinit.obj</name>
      </input_file>
      <input_file id="fl-34">
         <path>/home/jeffee/ti/ccs910/ccs/tools/compiler/c5500_4.4.1/lib/</path>
         <kind>archive</kind>
         <file>rts55h.lib</file>
         <name>cmpd.obj</name>
      </input_file>
      <input_file id="fl-35">
         <path>/home/jeffee/ti/ccs910/ccs/tools/compiler/c5500_4.4.1/lib/</path>
         <kind>archive</kind>
         <file>rts55h.lib</file>
         <name>ctype.obj</name>
      </input_file>
      <input_file id="fl-36">
         <path>/home/jeffee/ti/ccs910/ccs/tools/compiler/c5500_4.4.1/lib/</path>
         <kind>archive</kind>
         <file>rts55h.lib</file>
         <name>defs.obj</name>
      </input_file>
      <input_file id="fl-37">
         <path>/home/jeffee/ti/ccs910/ccs/tools/compiler/c5500_4.4.1/lib/</path>
         <kind>archive</kind>
         <file>rts55h.lib</file>
         <name>divd.obj</name>
      </input_file>
      <input_file id="fl-38">
         <path>/home/jeffee/ti/ccs910/ccs/tools/compiler/c5500_4.4.1/lib/</path>
         <kind>archive</kind>
         <file>rts55h.lib</file>
         <name>divul.obj</name>
      </input_file>
      <input_file id="fl-39">
         <path>/home/jeffee/ti/ccs910/ccs/tools/compiler/c5500_4.4.1/lib/</path>
         <kind>archive</kind>
         <file>rts55h.lib</file>
         <name>fixdi.obj</name>
      </input_file>
      <input_file id="fl-3a">
         <path>/home/jeffee/ti/ccs910/ccs/tools/compiler/c5500_4.4.1/lib/</path>
         <kind>archive</kind>
         <file>rts55h.lib</file>
         <name>fixdli.obj</name>
      </input_file>
      <input_file id="fl-3b">
         <path>/home/jeffee/ti/ccs910/ccs/tools/compiler/c5500_4.4.1/lib/</path>
         <kind>archive</kind>
         <file>rts55h.lib</file>
         <name>fltlid.obj</name>
      </input_file>
      <input_file id="fl-3c">
         <path>/home/jeffee/ti/ccs910/ccs/tools/compiler/c5500_4.4.1/lib/</path>
         <kind>archive</kind>
         <file>rts55h.lib</file>
         <name>fputc.obj</name>
      </input_file>
      <input_file id="fl-3d">
         <path>/home/jeffee/ti/ccs910/ccs/tools/compiler/c5500_4.4.1/lib/</path>
         <kind>archive</kind>
         <file>rts55h.lib</file>
         <name>fputs.obj</name>
      </input_file>
      <input_file id="fl-3e">
         <path>/home/jeffee/ti/ccs910/ccs/tools/compiler/c5500_4.4.1/lib/</path>
         <kind>archive</kind>
         <file>rts55h.lib</file>
         <name>frcmpyd_div.obj</name>
      </input_file>
      <input_file id="fl-3f">
         <path>/home/jeffee/ti/ccs910/ccs/tools/compiler/c5500_4.4.1/lib/</path>
         <kind>archive</kind>
         <file>rts55h.lib</file>
         <name>fseek.obj</name>
      </input_file>
      <input_file id="fl-40">
         <path>/home/jeffee/ti/ccs910/ccs/tools/compiler/c5500_4.4.1/lib/</path>
         <kind>archive</kind>
         <file>rts55h.lib</file>
         <name>isinf.obj</name>
      </input_file>
      <input_file id="fl-41">
         <path>/home/jeffee/ti/ccs910/ccs/tools/compiler/c5500_4.4.1/lib/</path>
         <kind>archive</kind>
         <file>rts55h.lib</file>
         <name>llmpy.obj</name>
      </input_file>
      <input_file id="fl-42">
         <path>/home/jeffee/ti/ccs910/ccs/tools/compiler/c5500_4.4.1/lib/</path>
         <kind>archive</kind>
         <file>rts55h.lib</file>
         <name>ltoa.obj</name>
      </input_file>
      <input_file id="fl-43">
         <path>/home/jeffee/ti/ccs910/ccs/tools/compiler/c5500_4.4.1/lib/</path>
         <kind>archive</kind>
         <file>rts55h.lib</file>
         <name>memccpy.obj</name>
      </input_file>
      <input_file id="fl-44">
         <path>/home/jeffee/ti/ccs910/ccs/tools/compiler/c5500_4.4.1/lib/</path>
         <kind>archive</kind>
         <file>rts55h.lib</file>
         <name>mpyd.obj</name>
      </input_file>
      <input_file id="fl-45">
         <path>/home/jeffee/ti/ccs910/ccs/tools/compiler/c5500_4.4.1/lib/</path>
         <kind>archive</kind>
         <file>rts55h.lib</file>
         <name>negd.obj</name>
      </input_file>
      <input_file id="fl-46">
         <path>/home/jeffee/ti/ccs910/ccs/tools/compiler/c5500_4.4.1/lib/</path>
         <kind>archive</kind>
         <file>rts55h.lib</file>
         <name>remli.obj</name>
      </input_file>
      <input_file id="fl-47">
         <path>/home/jeffee/ti/ccs910/ccs/tools/compiler/c5500_4.4.1/lib/</path>
         <kind>archive</kind>
         <file>rts55h.lib</file>
         <name>remul.obj</name>
      </input_file>
      <input_file id="fl-48">
         <path>/home/jeffee/ti/ccs910/ccs/tools/compiler/c5500_4.4.1/lib/</path>
         <kind>archive</kind>
         <file>rts55h.lib</file>
         <name>setvbuf.obj</name>
      </input_file>
      <input_file id="fl-49">
         <path>/home/jeffee/ti/ccs910/ccs/tools/compiler/c5500_4.4.1/lib/</path>
         <kind>archive</kind>
         <file>rts55h.lib</file>
         <name>subd.obj</name>
      </input_file>
      <input_file id="fl-4a">
         <path>/home/jeffee/ti/ccs910/ccs/tools/compiler/c5500_4.4.1/lib/</path>
         <kind>archive</kind>
         <file>rts55h.lib</file>
         <name>udiv.obj</name>
      </input_file>
      <input_file id="fl-4b">
         <path>/home/jeffee/ti/ccs910/ccs/tools/compiler/c5500_4.4.1/lib/</path>
         <kind>archive</kind>
         <file>rts55h.lib</file>
         <name>addd.obj</name>
      </input_file>
      <input_file id="fl-4c">
         <path>/home/jeffee/ti/ccs910/ccs/tools/compiler/c5500_4.4.1/lib/</path>
         <kind>archive</kind>
         <file>rts55h.lib</file>
         <name>divli.obj</name>
      </input_file>
      <input_file id="fl-4d">
         <path>/home/jeffee/ti/ccs910/ccs/tools/compiler/c5500_4.4.1/lib/</path>
         <kind>archive</kind>
         <file>rts55h.lib</file>
         <name>frcmpyd.obj</name>
      </input_file>
   </input_file_list>
   <object_component_list>
      <object_component id="oc-e3">
         <name>.text</name>
         <load_address>0x20000</load_address>
         <run_address>0x20000</run_address>
         <size>0x1533</size>
         <input_file_ref idref="fl-30"/>
      </object_component>
      <object_component id="oc-3c">
         <name>.text</name>
         <load_address>0x21533</load_address>
         <run_address>0x21533</run_address>
         <size>0x866</size>
         <input_file_ref idref="fl-a"/>
      </object_component>
      <object_component id="oc-c6">
         <name>.text</name>
         <load_address>0x21d99</load_address>
         <run_address>0x21d99</run_address>
         <size>0x538</size>
         <input_file_ref idref="fl-2a"/>
      </object_component>
      <object_component id="oc-b3">
         <name>.text</name>
         <load_address>0x222d1</load_address>
         <run_address>0x222d1</run_address>
         <size>0x533</size>
         <input_file_ref idref="fl-26"/>
      </object_component>
      <object_component id="oc-31">
         <name>.text</name>
         <load_address>0x22804</load_address>
         <run_address>0x22804</run_address>
         <size>0x522</size>
         <input_file_ref idref="fl-8"/>
      </object_component>
      <object_component id="oc-a9">
         <name>.text</name>
         <load_address>0x22d26</load_address>
         <run_address>0x22d26</run_address>
         <size>0x518</size>
         <input_file_ref idref="fl-24"/>
      </object_component>
      <object_component id="oc-ff">
         <name>.text</name>
         <load_address>0x2323e</load_address>
         <run_address>0x2323e</run_address>
         <size>0x3c7</size>
         <input_file_ref idref="fl-37"/>
      </object_component>
      <object_component id="oc-16">
         <name>.text</name>
         <load_address>0x23605</load_address>
         <run_address>0x23605</run_address>
         <size>0x391</size>
         <input_file_ref idref="fl-3"/>
      </object_component>
      <object_component id="oc-23">
         <name>.text</name>
         <load_address>0x23996</load_address>
         <run_address>0x23996</run_address>
         <size>0x340</size>
         <input_file_ref idref="fl-6"/>
      </object_component>
      <object_component id="oc-43">
         <name>.text</name>
         <load_address>0x23cd6</load_address>
         <run_address>0x23cd6</run_address>
         <size>0x2b6</size>
         <input_file_ref idref="fl-b"/>
      </object_component>
      <object_component id="oc-7b">
         <name>.text</name>
         <load_address>0x23f8c</load_address>
         <run_address>0x23f8c</run_address>
         <size>0x2ad</size>
         <input_file_ref idref="fl-1a"/>
      </object_component>
      <object_component id="oc-93">
         <name>.text</name>
         <load_address>0x24239</load_address>
         <run_address>0x24239</run_address>
         <size>0x26c</size>
         <input_file_ref idref="fl-1f"/>
      </object_component>
      <object_component id="oc-37">
         <name>.text</name>
         <load_address>0x244a5</load_address>
         <run_address>0x244a5</run_address>
         <size>0x25c</size>
         <input_file_ref idref="fl-9"/>
      </object_component>
      <object_component id="oc-129">
         <name>.text</name>
         <load_address>0x24701</load_address>
         <run_address>0x24701</run_address>
         <size>0x25c</size>
         <input_file_ref idref="fl-41"/>
      </object_component>
      <object_component id="oc-151">
         <name>.text</name>
         <load_address>0x2495d</load_address>
         <run_address>0x2495d</run_address>
         <size>0x257</size>
         <input_file_ref idref="fl-4b"/>
      </object_component>
      <object_component id="oc-9d">
         <name>.text</name>
         <load_address>0x24bb4</load_address>
         <run_address>0x24bb4</run_address>
         <size>0x226</size>
         <input_file_ref idref="fl-21"/>
      </object_component>
      <object_component id="oc-f5">
         <name>.text</name>
         <load_address>0x24dda</load_address>
         <run_address>0x24dda</run_address>
         <size>0x1ea</size>
         <input_file_ref idref="fl-34"/>
      </object_component>
      <object_component id="oc-76">
         <name>.text</name>
         <load_address>0x24fc4</load_address>
         <run_address>0x24fc4</run_address>
         <size>0x1c9</size>
         <input_file_ref idref="fl-14"/>
      </object_component>
      <object_component id="oc-118">
         <name>.text</name>
         <load_address>0x2518d</load_address>
         <run_address>0x2518d</run_address>
         <size>0x17b</size>
         <input_file_ref idref="fl-3d"/>
      </object_component>
      <object_component id="oc-54">
         <name>.text</name>
         <load_address>0x25308</load_address>
         <run_address>0x25308</run_address>
         <size>0x164</size>
         <input_file_ref idref="fl-e"/>
      </object_component>
      <object_component id="oc-6a">
         <name>.text</name>
         <load_address>0x2546c</load_address>
         <run_address>0x2546c</run_address>
         <size>0x156</size>
         <input_file_ref idref="fl-12"/>
      </object_component>
      <object_component id="oc-135">
         <name>.text</name>
         <load_address>0x255c2</load_address>
         <run_address>0x255c2</run_address>
         <size>0x14b</size>
         <input_file_ref idref="fl-44"/>
      </object_component>
      <object_component id="oc-99">
         <name>.text</name>
         <load_address>0x2570d</load_address>
         <run_address>0x2570d</run_address>
         <size>0x148</size>
         <input_file_ref idref="fl-20"/>
      </object_component>
      <object_component id="oc-6f">
         <name>.text</name>
         <load_address>0x25855</load_address>
         <run_address>0x25855</run_address>
         <size>0x13e</size>
         <input_file_ref idref="fl-13"/>
      </object_component>
      <object_component id="oc-2b">
         <name>.text</name>
         <load_address>0x25993</load_address>
         <run_address>0x25993</run_address>
         <size>0x13b</size>
         <input_file_ref idref="fl-7"/>
      </object_component>
      <object_component id="oc-12">
         <name>.text</name>
         <load_address>0x25ace</load_address>
         <run_address>0x25ace</run_address>
         <size>0x13b</size>
         <input_file_ref idref="fl-2"/>
      </object_component>
      <object_component id="oc-59">
         <name>.text</name>
         <load_address>0x25c09</load_address>
         <run_address>0x25c09</run_address>
         <size>0x12a</size>
         <input_file_ref idref="fl-f"/>
      </object_component>
      <object_component id="oc-1d">
         <name>.text</name>
         <load_address>0x25d33</load_address>
         <run_address>0x25d33</run_address>
         <size>0x126</size>
         <input_file_ref idref="fl-5"/>
      </object_component>
      <object_component id="oc-145">
         <name>.text</name>
         <load_address>0x25e59</load_address>
         <run_address>0x25e59</run_address>
         <size>0xf3</size>
         <input_file_ref idref="fl-48"/>
      </object_component>
      <object_component id="oc-d9">
         <name>.text</name>
         <load_address>0x25f4c</load_address>
         <run_address>0x25f4c</run_address>
         <size>0xda</size>
         <input_file_ref idref="fl-2e"/>
      </object_component>
      <object_component id="oc-ce">
         <name>.text:CIO_breakpoint</name>
         <load_address>0x26026</load_address>
         <run_address>0x26026</run_address>
         <size>0xbe</size>
         <input_file_ref idref="fl-2b"/>
      </object_component>
      <object_component id="oc-8f">
         <name>.text</name>
         <load_address>0x260e4</load_address>
         <run_address>0x260e4</run_address>
         <size>0xba</size>
         <input_file_ref idref="fl-1e"/>
      </object_component>
      <object_component id="oc-d5">
         <name>.text</name>
         <load_address>0x2619e</load_address>
         <run_address>0x2619e</run_address>
         <size>0xa6</size>
         <input_file_ref idref="fl-2d"/>
      </object_component>
      <object_component id="oc-114">
         <name>.text</name>
         <load_address>0x26244</load_address>
         <run_address>0x26244</run_address>
         <size>0xa2</size>
         <input_file_ref idref="fl-3c"/>
      </object_component>
      <object_component id="oc-103">
         <name>.text</name>
         <load_address>0x262e6</load_address>
         <run_address>0x262e6</run_address>
         <size>0xa0</size>
         <input_file_ref idref="fl-38"/>
      </object_component>
      <object_component id="oc-12d">
         <name>.text</name>
         <load_address>0x26386</load_address>
         <run_address>0x26386</run_address>
         <size>0x79</size>
         <input_file_ref idref="fl-42"/>
      </object_component>
      <object_component id="oc-8b">
         <name>.text</name>
         <load_address>0x263ff</load_address>
         <run_address>0x263ff</run_address>
         <size>0x76</size>
         <input_file_ref idref="fl-1d"/>
      </object_component>
      <object_component id="oc-159">
         <name>.text</name>
         <load_address>0x26475</load_address>
         <run_address>0x26475</run_address>
         <size>0x76</size>
         <input_file_ref idref="fl-4d"/>
      </object_component>
      <object_component id="oc-11d">
         <name>.text</name>
         <load_address>0x264eb</load_address>
         <run_address>0x264eb</run_address>
         <size>0x73</size>
         <input_file_ref idref="fl-3e"/>
      </object_component>
      <object_component id="oc-141">
         <name>.text</name>
         <load_address>0x2655e</load_address>
         <run_address>0x2655e</run_address>
         <size>0x70</size>
         <input_file_ref idref="fl-47"/>
      </object_component>
      <object_component id="oc-10b">
         <name>.text</name>
         <load_address>0x265ce</load_address>
         <run_address>0x265ce</run_address>
         <size>0x6e</size>
         <input_file_ref idref="fl-3a"/>
      </object_component>
      <object_component id="oc-cb">
         <name>.text</name>
         <load_address>0x2663c</load_address>
         <run_address>0x2663c</run_address>
         <size>0x6b</size>
         <input_file_ref idref="fl-2b"/>
      </object_component>
      <object_component id="oc-121">
         <name>.text</name>
         <load_address>0x266a7</load_address>
         <run_address>0x266a7</run_address>
         <size>0x68</size>
         <input_file_ref idref="fl-3f"/>
      </object_component>
      <object_component id="oc-10f">
         <name>.text</name>
         <load_address>0x2670f</load_address>
         <run_address>0x2670f</run_address>
         <size>0x67</size>
         <input_file_ref idref="fl-3b"/>
      </object_component>
      <object_component id="oc-ed">
         <name>.text</name>
         <load_address>0x26776</load_address>
         <run_address>0x26776</run_address>
         <size>0x59</size>
         <input_file_ref idref="fl-32"/>
      </object_component>
      <object_component id="oc-af">
         <name>.text</name>
         <load_address>0x267cf</load_address>
         <run_address>0x267cf</run_address>
         <size>0x56</size>
         <input_file_ref idref="fl-25"/>
      </object_component>
      <object_component id="oc-4f">
         <name>.text</name>
         <load_address>0x26825</load_address>
         <run_address>0x26825</run_address>
         <size>0x54</size>
         <input_file_ref idref="fl-d"/>
      </object_component>
      <object_component id="oc-65">
         <name>.text</name>
         <load_address>0x26879</load_address>
         <run_address>0x26879</run_address>
         <size>0x54</size>
         <input_file_ref idref="fl-11"/>
      </object_component>
      <object_component id="oc-be">
         <name>.text</name>
         <load_address>0x268cd</load_address>
         <run_address>0x268cd</run_address>
         <size>0x4e</size>
         <input_file_ref idref="fl-28"/>
      </object_component>
      <object_component id="oc-f1">
         <name>.text</name>
         <load_address>0x2691b</load_address>
         <run_address>0x2691b</run_address>
         <size>0x4d</size>
         <input_file_ref idref="fl-33"/>
      </object_component>
      <object_component id="oc-13d">
         <name>.text</name>
         <load_address>0x26968</load_address>
         <run_address>0x26968</run_address>
         <size>0x4b</size>
         <input_file_ref idref="fl-46"/>
      </object_component>
      <object_component id="oc-e9">
         <name>.text</name>
         <load_address>0x269b3</load_address>
         <run_address>0x269b3</run_address>
         <size>0x49</size>
         <input_file_ref idref="fl-31"/>
      </object_component>
      <object_component id="oc-155">
         <name>.text</name>
         <load_address>0x269fc</load_address>
         <run_address>0x269fc</run_address>
         <size>0x48</size>
         <input_file_ref idref="fl-4c"/>
      </object_component>
      <object_component id="oc-84">
         <name>.text</name>
         <load_address>0x26a44</load_address>
         <run_address>0x26a44</run_address>
         <size>0x3e</size>
         <input_file_ref idref="fl-1c"/>
      </object_component>
      <object_component id="oc-a1">
         <name>.text</name>
         <load_address>0x26a82</load_address>
         <run_address>0x26a82</run_address>
         <size>0x3c</size>
         <input_file_ref idref="fl-22"/>
      </object_component>
      <object_component id="oc-10">
         <name>.text</name>
         <load_address>0x26abe</load_address>
         <run_address>0x26abe</run_address>
         <size>0x34</size>
         <input_file_ref idref="fl-1b"/>
      </object_component>
      <object_component id="oc-60">
         <name>.text</name>
         <load_address>0x26af2</load_address>
         <run_address>0x26af2</run_address>
         <size>0x2d</size>
         <input_file_ref idref="fl-10"/>
      </object_component>
      <object_component id="oc-107">
         <name>.text</name>
         <load_address>0x26b1f</load_address>
         <run_address>0x26b1f</run_address>
         <size>0x2a</size>
         <input_file_ref idref="fl-39"/>
      </object_component>
      <object_component id="oc-14d">
         <name>.text</name>
         <load_address>0x26b49</load_address>
         <run_address>0x26b49</run_address>
         <size>0x2a</size>
         <input_file_ref idref="fl-4a"/>
      </object_component>
      <object_component id="oc-131">
         <name>.text</name>
         <load_address>0x26b73</load_address>
         <run_address>0x26b73</run_address>
         <size>0x22</size>
         <input_file_ref idref="fl-43"/>
      </object_component>
      <object_component id="oc-ba">
         <name>.text</name>
         <load_address>0x26b95</load_address>
         <run_address>0x26b95</run_address>
         <size>0x1f</size>
         <input_file_ref idref="fl-27"/>
      </object_component>
      <object_component id="oc-4a">
         <name>.text</name>
         <load_address>0x26bb4</load_address>
         <run_address>0x26bb4</run_address>
         <size>0x1c</size>
         <input_file_ref idref="fl-c"/>
      </object_component>
      <object_component id="oc-125">
         <name>.text</name>
         <load_address>0x26bd0</load_address>
         <run_address>0x26bd0</run_address>
         <size>0x1a</size>
         <input_file_ref idref="fl-40"/>
      </object_component>
      <object_component id="oc-149">
         <name>.text</name>
         <load_address>0x26bea</load_address>
         <run_address>0x26bea</run_address>
         <size>0x14</size>
         <input_file_ref idref="fl-49"/>
      </object_component>
      <object_component id="oc-a5">
         <name>.text</name>
         <load_address>0x26bfe</load_address>
         <run_address>0x26bfe</run_address>
         <size>0x13</size>
         <input_file_ref idref="fl-23"/>
      </object_component>
      <object_component id="oc-dd">
         <name>.text</name>
         <load_address>0x26c11</load_address>
         <run_address>0x26c11</run_address>
         <size>0x12</size>
         <input_file_ref idref="fl-2f"/>
      </object_component>
      <object_component id="oc-139">
         <name>.text</name>
         <load_address>0x26c23</load_address>
         <run_address>0x26c23</run_address>
         <size>0x10</size>
         <input_file_ref idref="fl-45"/>
      </object_component>
      <object_component id="oc-c2">
         <name>.text</name>
         <load_address>0x26c33</load_address>
         <run_address>0x26c33</run_address>
         <size>0xa</size>
         <input_file_ref idref="fl-29"/>
      </object_component>
      <object_component id="oc-88">
         <name>.text:CIO_breakpoint</name>
         <load_address>0x26c3d</load_address>
         <run_address>0x26c3d</run_address>
         <size>0x7</size>
         <input_file_ref idref="fl-1c"/>
      </object_component>
      <object_component id="oc-d1">
         <name>.text</name>
         <load_address>0x26c44</load_address>
         <run_address>0x26c44</run_address>
         <size>0x2</size>
         <input_file_ref idref="fl-2c"/>
      </object_component>
      <object_component id="oc-80">
         <name>.stack</name>
         <uninitialized>true</uninitialized>
         <run_address>0xc0</run_address>
         <size>0x0</size>
         <input_file_ref idref="fl-1b"/>
      </object_component>
      <object_component id="oc-179">
         <name>.stack</name>
         <uninitialized>true</uninitialized>
         <run_address>0xc0</run_address>
         <size>0x0</size>
      </object_component>
      <object_component id="oc-15d">
         <name>.sysstack</name>
         <uninitialized>true</uninitialized>
         <run_address>0x20c0</run_address>
         <size>0x0</size>
         <input_file_ref idref="fl-1b"/>
      </object_component>
      <object_component id="oc-17b">
         <name>.sysstack</name>
         <uninitialized>true</uninitialized>
         <run_address>0x20c0</run_address>
         <size>0x0</size>
      </object_component>
      <object_component id="oc-fb">
         <name>.bss</name>
         <uninitialized>true</uninitialized>
         <run_address>0x5b98</run_address>
         <size>0x232</size>
         <input_file_ref idref="fl-36"/>
      </object_component>
      <object_component id="oc-c7">
         <name>.bss</name>
         <uninitialized>true</uninitialized>
         <run_address>0x5dca</run_address>
         <size>0x1a0</size>
         <input_file_ref idref="fl-2a"/>
      </object_component>
      <object_component id="oc-3d">
         <name>.bss</name>
         <uninitialized>true</uninitialized>
         <run_address>0x5f6a</run_address>
         <size>0x178</size>
         <input_file_ref idref="fl-a"/>
      </object_component>
      <object_component id="oc-94">
         <name>.bss</name>
         <uninitialized>true</uninitialized>
         <run_address>0x60e2</run_address>
         <size>0x2</size>
         <input_file_ref idref="fl-1f"/>
      </object_component>
      <object_component id="oc-aa">
         <name>.bss</name>
         <uninitialized>true</uninitialized>
         <run_address>0x60e4</run_address>
         <size>0xe2</size>
         <input_file_ref idref="fl-24"/>
      </object_component>
      <object_component id="oc-5a">
         <name>.bss</name>
         <uninitialized>true</uninitialized>
         <run_address>0x61c6</run_address>
         <size>0x2</size>
         <input_file_ref idref="fl-f"/>
      </object_component>
      <object_component id="oc-24">
         <name>.bss</name>
         <uninitialized>true</uninitialized>
         <run_address>0x61c8</run_address>
         <size>0x6c</size>
         <input_file_ref idref="fl-6"/>
      </object_component>
      <object_component id="oc-44">
         <name>.bss</name>
         <uninitialized>true</uninitialized>
         <run_address>0x6234</run_address>
         <size>0x18</size>
         <input_file_ref idref="fl-b"/>
      </object_component>
      <object_component id="oc-b4">
         <name>.bss</name>
         <uninitialized>true</uninitialized>
         <run_address>0x624c</run_address>
         <size>0xe</size>
         <input_file_ref idref="fl-26"/>
      </object_component>
      <object_component id="oc-70">
         <name>.bss</name>
         <uninitialized>true</uninitialized>
         <run_address>0x625a</run_address>
         <size>0x2</size>
         <input_file_ref idref="fl-13"/>
      </object_component>
      <object_component id="oc-de">
         <name>.bss</name>
         <uninitialized>true</uninitialized>
         <run_address>0x625c</run_address>
         <size>0x8</size>
         <input_file_ref idref="fl-2f"/>
      </object_component>
      <object_component id="oc-85">
         <name>.bss</name>
         <uninitialized>true</uninitialized>
         <run_address>0x6264</run_address>
         <size>0x8</size>
         <input_file_ref idref="fl-1c"/>
      </object_component>
      <object_component id="oc-2c">
         <name>.bss</name>
         <uninitialized>true</uninitialized>
         <run_address>0x626c</run_address>
         <size>0x4</size>
         <input_file_ref idref="fl-7"/>
      </object_component>
      <object_component id="oc-27">
         <name>.const:.string</name>
         <load_address>0x50c0</load_address>
         <run_address>0x50c0</run_address>
         <size>0x46c</size>
         <input_file_ref idref="fl-6"/>
      </object_component>
      <object_component id="oc-33">
         <name>.const:.string</name>
         <load_address>0x552c</load_address>
         <run_address>0x552c</run_address>
         <size>0x2e8</size>
         <input_file_ref idref="fl-8"/>
      </object_component>
      <object_component id="oc-160">
         <name>.const:__ctypes_</name>
         <load_address>0x5814</load_address>
         <run_address>0x5814</run_address>
         <size>0x202</size>
         <input_file_ref idref="fl-35"/>
      </object_component>
      <object_component id="oc-15e">
         <name>.const:_$P$T0$1</name>
         <load_address>0x5a16</load_address>
         <run_address>0x5a16</run_address>
         <size>0x2</size>
         <input_file_ref idref="fl-5"/>
      </object_component>
      <object_component id="oc-1f">
         <name>.const:.string</name>
         <load_address>0x5a18</load_address>
         <run_address>0x5a18</run_address>
         <size>0x102</size>
         <input_file_ref idref="fl-5"/>
      </object_component>
      <object_component id="oc-e6">
         <name>.const:.string</name>
         <load_address>0x5b1c</load_address>
         <run_address>0x5b1c</run_address>
         <size>0x48</size>
         <input_file_ref idref="fl-30"/>
      </object_component>
      <object_component id="oc-e5">
         <name>.const</name>
         <load_address>0x5b64</load_address>
         <run_address>0x5b64</run_address>
         <size>0x18</size>
         <input_file_ref idref="fl-30"/>
      </object_component>
      <object_component id="oc-161">
         <name>.const:_initial_approx$1</name>
         <load_address>0x5b7c</load_address>
         <run_address>0x5b7c</run_address>
         <size>0x10</size>
         <input_file_ref idref="fl-37"/>
      </object_component>
      <object_component id="oc-11a">
         <name>.const:.string</name>
         <load_address>0x5b8c</load_address>
         <run_address>0x5b8c</run_address>
         <size>0x4</size>
         <input_file_ref idref="fl-3d"/>
      </object_component>
      <object_component id="oc-15f">
         <name>.const:_$P$T1$2</name>
         <load_address>0x5b90</load_address>
         <run_address>0x5b90</run_address>
         <size>0x4</size>
         <input_file_ref idref="fl-5"/>
      </object_component>
      <object_component id="oc-111">
         <name>.const</name>
         <load_address>0x5b94</load_address>
         <run_address>0x5b94</run_address>
         <size>0x4</size>
         <input_file_ref idref="fl-3b"/>
      </object_component>
      <object_component id="oc-b7">
         <name>.sysmem</name>
         <uninitialized>true</uninitialized>
         <run_address>0x30c0</run_address>
         <size>0x0</size>
         <input_file_ref idref="fl-26"/>
      </object_component>
      <object_component id="oc-17a">
         <name>.sysmem</name>
         <uninitialized>true</uninitialized>
         <run_address>0x30c0</run_address>
         <size>0x0</size>
      </object_component>
      <object_component id="oc-3f">
         <name>.cinit</name>
         <load_address>0x40000</load_address>
         <run_address>0x40000</run_address>
         <size>0x184</size>
         <input_file_ref idref="fl-a"/>
      </object_component>
      <object_component id="oc-26">
         <name>.cinit</name>
         <load_address>0x40184</load_address>
         <run_address>0x40184</run_address>
         <size>0x8c</size>
         <input_file_ref idref="fl-6"/>
      </object_component>
      <object_component id="oc-ac">
         <name>.cinit</name>
         <load_address>0x40210</load_address>
         <run_address>0x40210</run_address>
         <size>0x5a</size>
         <input_file_ref idref="fl-24"/>
      </object_component>
      <object_component id="oc-fd">
         <name>.cinit</name>
         <load_address>0x4026a</load_address>
         <run_address>0x4026a</run_address>
         <size>0x54</size>
         <input_file_ref idref="fl-36"/>
      </object_component>
      <object_component id="oc-46">
         <name>.cinit</name>
         <load_address>0x402be</load_address>
         <run_address>0x402be</run_address>
         <size>0x48</size>
         <input_file_ref idref="fl-b"/>
      </object_component>
      <object_component id="oc-e0">
         <name>.cinit</name>
         <load_address>0x40306</load_address>
         <run_address>0x40306</run_address>
         <size>0x14</size>
         <input_file_ref idref="fl-2f"/>
      </object_component>
      <object_component id="oc-87">
         <name>.cinit</name>
         <load_address>0x4031a</load_address>
         <run_address>0x4031a</run_address>
         <size>0x14</size>
         <input_file_ref idref="fl-1c"/>
      </object_component>
      <object_component id="oc-96">
         <name>.cinit</name>
         <load_address>0x4032e</load_address>
         <run_address>0x4032e</run_address>
         <size>0x8</size>
         <input_file_ref idref="fl-1f"/>
      </object_component>
      <object_component id="oc-b6">
         <name>.cinit</name>
         <load_address>0x40336</load_address>
         <run_address>0x40336</run_address>
         <size>0x8</size>
         <input_file_ref idref="fl-26"/>
      </object_component>
      <object_component id="oc-5c">
         <name>.cinit</name>
         <load_address>0x4033e</load_address>
         <run_address>0x4033e</run_address>
         <size>0x8</size>
         <input_file_ref idref="fl-f"/>
      </object_component>
      <object_component id="oc-72">
         <name>.cinit</name>
         <load_address>0x40346</load_address>
         <run_address>0x40346</run_address>
         <size>0x8</size>
         <input_file_ref idref="fl-13"/>
      </object_component>
      <object_component id="oc-cd">
         <name>.cio</name>
         <uninitialized>true</uninitialized>
         <run_address>0x40350</run_address>
         <size>0x240</size>
         <input_file_ref idref="fl-2b"/>
      </object_component>
      <object_component id="oc-11">
         <name>vectors</name>
         <load_address>0x4fe00</load_address>
         <run_address>0x4fe00</run_address>
         <size>0x100</size>
         <input_file_ref idref="fl-2c"/>
      </object_component>
      <object_component id="oc-13">
         <name>.debug_info</name>
         <load_address>0x0</load_address>
         <run_address>0x0</run_address>
         <size>0xbe</size>
         <input_file_ref idref="fl-2"/>
      </object_component>
      <object_component id="oc-17">
         <name>.debug_info</name>
         <load_address>0xbe</load_address>
         <run_address>0xbe</run_address>
         <size>0x6a8</size>
         <input_file_ref idref="fl-3"/>
      </object_component>
      <object_component id="oc-1b">
         <name>.debug_info</name>
         <load_address>0x766</load_address>
         <run_address>0x766</run_address>
         <size>0x47f</size>
         <input_file_ref idref="fl-4"/>
      </object_component>
      <object_component id="oc-1e">
         <name>.debug_info</name>
         <load_address>0xbe5</load_address>
         <run_address>0xbe5</run_address>
         <size>0xa9b</size>
         <input_file_ref idref="fl-5"/>
      </object_component>
      <object_component id="oc-25">
         <name>.debug_info</name>
         <load_address>0x1680</load_address>
         <run_address>0x1680</run_address>
         <size>0x1209</size>
         <input_file_ref idref="fl-6"/>
      </object_component>
      <object_component id="oc-2d">
         <name>.debug_info</name>
         <load_address>0x2889</load_address>
         <run_address>0x2889</run_address>
         <size>0xd47</size>
         <input_file_ref idref="fl-7"/>
      </object_component>
      <object_component id="oc-32">
         <name>.debug_info</name>
         <load_address>0x35d0</load_address>
         <run_address>0x35d0</run_address>
         <size>0xeb6</size>
         <input_file_ref idref="fl-8"/>
      </object_component>
      <object_component id="oc-38">
         <name>.debug_info</name>
         <load_address>0x4486</load_address>
         <run_address>0x4486</run_address>
         <size>0xc27</size>
         <input_file_ref idref="fl-9"/>
      </object_component>
      <object_component id="oc-3e">
         <name>.debug_info</name>
         <load_address>0x50ad</load_address>
         <run_address>0x50ad</run_address>
         <size>0x1a44</size>
         <input_file_ref idref="fl-a"/>
      </object_component>
      <object_component id="oc-45">
         <name>.debug_info</name>
         <load_address>0x6af1</load_address>
         <run_address>0x6af1</run_address>
         <size>0x77f</size>
         <input_file_ref idref="fl-b"/>
      </object_component>
      <object_component id="oc-4b">
         <name>.debug_info</name>
         <load_address>0x7270</load_address>
         <run_address>0x7270</run_address>
         <size>0x59f</size>
         <input_file_ref idref="fl-c"/>
      </object_component>
      <object_component id="oc-50">
         <name>.debug_info</name>
         <load_address>0x780f</load_address>
         <run_address>0x780f</run_address>
         <size>0x6d9</size>
         <input_file_ref idref="fl-d"/>
      </object_component>
      <object_component id="oc-55">
         <name>.debug_info</name>
         <load_address>0x7ee8</load_address>
         <run_address>0x7ee8</run_address>
         <size>0x89b</size>
         <input_file_ref idref="fl-e"/>
      </object_component>
      <object_component id="oc-5b">
         <name>.debug_info</name>
         <load_address>0x8783</load_address>
         <run_address>0x8783</run_address>
         <size>0xb84</size>
         <input_file_ref idref="fl-f"/>
      </object_component>
      <object_component id="oc-61">
         <name>.debug_info</name>
         <load_address>0x9307</load_address>
         <run_address>0x9307</run_address>
         <size>0x6ab</size>
         <input_file_ref idref="fl-10"/>
      </object_component>
      <object_component id="oc-66">
         <name>.debug_info</name>
         <load_address>0x99b2</load_address>
         <run_address>0x99b2</run_address>
         <size>0x6d9</size>
         <input_file_ref idref="fl-11"/>
      </object_component>
      <object_component id="oc-6b">
         <name>.debug_info</name>
         <load_address>0xa08b</load_address>
         <run_address>0xa08b</run_address>
         <size>0x89b</size>
         <input_file_ref idref="fl-12"/>
      </object_component>
      <object_component id="oc-71">
         <name>.debug_info</name>
         <load_address>0xa926</load_address>
         <run_address>0xa926</run_address>
         <size>0xc0d</size>
         <input_file_ref idref="fl-13"/>
      </object_component>
      <object_component id="oc-77">
         <name>.debug_info</name>
         <load_address>0xb533</load_address>
         <run_address>0xb533</run_address>
         <size>0xfcc</size>
         <input_file_ref idref="fl-14"/>
      </object_component>
      <object_component id="oc-7c">
         <name>.debug_info</name>
         <load_address>0xc4ff</load_address>
         <run_address>0xc4ff</run_address>
         <size>0x5ff3</size>
         <input_file_ref idref="fl-1a"/>
      </object_component>
      <object_component id="oc-81">
         <name>.debug_info</name>
         <load_address>0x124f2</load_address>
         <run_address>0x124f2</run_address>
         <size>0xe8</size>
         <input_file_ref idref="fl-1b"/>
      </object_component>
      <object_component id="oc-86">
         <name>.debug_info</name>
         <load_address>0x125da</load_address>
         <run_address>0x125da</run_address>
         <size>0x5fb</size>
         <input_file_ref idref="fl-1c"/>
      </object_component>
      <object_component id="oc-8c">
         <name>.debug_info</name>
         <load_address>0x12bd5</load_address>
         <run_address>0x12bd5</run_address>
         <size>0x64f</size>
         <input_file_ref idref="fl-1d"/>
      </object_component>
      <object_component id="oc-90">
         <name>.debug_info</name>
         <load_address>0x13224</load_address>
         <run_address>0x13224</run_address>
         <size>0x706</size>
         <input_file_ref idref="fl-1e"/>
      </object_component>
      <object_component id="oc-95">
         <name>.debug_info</name>
         <load_address>0x1392a</load_address>
         <run_address>0x1392a</run_address>
         <size>0xa1c</size>
         <input_file_ref idref="fl-1f"/>
      </object_component>
      <object_component id="oc-9a">
         <name>.debug_info</name>
         <load_address>0x14346</load_address>
         <run_address>0x14346</run_address>
         <size>0x771</size>
         <input_file_ref idref="fl-20"/>
      </object_component>
      <object_component id="oc-9e">
         <name>.debug_info</name>
         <load_address>0x14ab7</load_address>
         <run_address>0x14ab7</run_address>
         <size>0x921</size>
         <input_file_ref idref="fl-21"/>
      </object_component>
      <object_component id="oc-a2">
         <name>.debug_info</name>
         <load_address>0x153d8</load_address>
         <run_address>0x153d8</run_address>
         <size>0xeb</size>
         <input_file_ref idref="fl-22"/>
      </object_component>
      <object_component id="oc-a6">
         <name>.debug_info</name>
         <load_address>0x154c3</load_address>
         <run_address>0x154c3</run_address>
         <size>0xbd</size>
         <input_file_ref idref="fl-23"/>
      </object_component>
      <object_component id="oc-ab">
         <name>.debug_info</name>
         <load_address>0x15580</load_address>
         <run_address>0x15580</run_address>
         <size>0x144b</size>
         <input_file_ref idref="fl-24"/>
      </object_component>
      <object_component id="oc-b0">
         <name>.debug_info</name>
         <load_address>0x169cb</load_address>
         <run_address>0x169cb</run_address>
         <size>0xd1</size>
         <input_file_ref idref="fl-25"/>
      </object_component>
      <object_component id="oc-b5">
         <name>.debug_info</name>
         <load_address>0x16a9c</load_address>
         <run_address>0x16a9c</run_address>
         <size>0xba5</size>
         <input_file_ref idref="fl-26"/>
      </object_component>
      <object_component id="oc-bb">
         <name>.debug_info</name>
         <load_address>0x17641</load_address>
         <run_address>0x17641</run_address>
         <size>0xc5</size>
         <input_file_ref idref="fl-27"/>
      </object_component>
      <object_component id="oc-bf">
         <name>.debug_info</name>
         <load_address>0x17706</load_address>
         <run_address>0x17706</run_address>
         <size>0x76c</size>
         <input_file_ref idref="fl-28"/>
      </object_component>
      <object_component id="oc-c3">
         <name>.debug_info</name>
         <load_address>0x17e72</load_address>
         <run_address>0x17e72</run_address>
         <size>0x510</size>
         <input_file_ref idref="fl-29"/>
      </object_component>
      <object_component id="oc-c8">
         <name>.debug_info</name>
         <load_address>0x18382</load_address>
         <run_address>0x18382</run_address>
         <size>0xed4</size>
         <input_file_ref idref="fl-2a"/>
      </object_component>
      <object_component id="oc-cc">
         <name>.debug_info</name>
         <load_address>0x19256</load_address>
         <run_address>0x19256</run_address>
         <size>0x744</size>
         <input_file_ref idref="fl-2b"/>
      </object_component>
      <object_component id="oc-d2">
         <name>.debug_info</name>
         <load_address>0x1999a</load_address>
         <run_address>0x1999a</run_address>
         <size>0xbc</size>
         <input_file_ref idref="fl-2c"/>
      </object_component>
      <object_component id="oc-d6">
         <name>.debug_info</name>
         <load_address>0x19a56</load_address>
         <run_address>0x19a56</run_address>
         <size>0x6b8</size>
         <input_file_ref idref="fl-2d"/>
      </object_component>
      <object_component id="oc-da">
         <name>.debug_info</name>
         <load_address>0x1a10e</load_address>
         <run_address>0x1a10e</run_address>
         <size>0x662</size>
         <input_file_ref idref="fl-2e"/>
      </object_component>
      <object_component id="oc-df">
         <name>.debug_info</name>
         <load_address>0x1a770</load_address>
         <run_address>0x1a770</run_address>
         <size>0x5bc</size>
         <input_file_ref idref="fl-2f"/>
      </object_component>
      <object_component id="oc-e4">
         <name>.debug_info</name>
         <load_address>0x1ad2c</load_address>
         <run_address>0x1ad2c</run_address>
         <size>0x27bd</size>
         <input_file_ref idref="fl-30"/>
      </object_component>
      <object_component id="oc-ea">
         <name>.debug_info</name>
         <load_address>0x1d4e9</load_address>
         <run_address>0x1d4e9</run_address>
         <size>0x586</size>
         <input_file_ref idref="fl-31"/>
      </object_component>
      <object_component id="oc-ee">
         <name>.debug_info</name>
         <load_address>0x1da6f</load_address>
         <run_address>0x1da6f</run_address>
         <size>0x5a4</size>
         <input_file_ref idref="fl-32"/>
      </object_component>
      <object_component id="oc-f2">
         <name>.debug_info</name>
         <load_address>0x1e013</load_address>
         <run_address>0x1e013</run_address>
         <size>0xcd</size>
         <input_file_ref idref="fl-33"/>
      </object_component>
      <object_component id="oc-f6">
         <name>.debug_info</name>
         <load_address>0x1e0e0</load_address>
         <run_address>0x1e0e0</run_address>
         <size>0x81f</size>
         <input_file_ref idref="fl-34"/>
      </object_component>
      <object_component id="oc-f9">
         <name>.debug_info</name>
         <load_address>0x1e8ff</load_address>
         <run_address>0x1e8ff</run_address>
         <size>0x498</size>
         <input_file_ref idref="fl-35"/>
      </object_component>
      <object_component id="oc-fc">
         <name>.debug_info</name>
         <load_address>0x1ed97</load_address>
         <run_address>0x1ed97</run_address>
         <size>0x57e</size>
         <input_file_ref idref="fl-36"/>
      </object_component>
      <object_component id="oc-100">
         <name>.debug_info</name>
         <load_address>0x1f315</load_address>
         <run_address>0x1f315</run_address>
         <size>0x7e8</size>
         <input_file_ref idref="fl-37"/>
      </object_component>
      <object_component id="oc-104">
         <name>.debug_info</name>
         <load_address>0x1fafd</load_address>
         <run_address>0x1fafd</run_address>
         <size>0x534</size>
         <input_file_ref idref="fl-38"/>
      </object_component>
      <object_component id="oc-108">
         <name>.debug_info</name>
         <load_address>0x20031</load_address>
         <run_address>0x20031</run_address>
         <size>0x4cf</size>
         <input_file_ref idref="fl-39"/>
      </object_component>
      <object_component id="oc-10c">
         <name>.debug_info</name>
         <load_address>0x20500</load_address>
         <run_address>0x20500</run_address>
         <size>0x534</size>
         <input_file_ref idref="fl-3a"/>
      </object_component>
      <object_component id="oc-110">
         <name>.debug_info</name>
         <load_address>0x20a34</load_address>
         <run_address>0x20a34</run_address>
         <size>0x549</size>
         <input_file_ref idref="fl-3b"/>
      </object_component>
      <object_component id="oc-115">
         <name>.debug_info</name>
         <load_address>0x20f7d</load_address>
         <run_address>0x20f7d</run_address>
         <size>0x6aa</size>
         <input_file_ref idref="fl-3c"/>
      </object_component>
      <object_component id="oc-119">
         <name>.debug_info</name>
         <load_address>0x21627</load_address>
         <run_address>0x21627</run_address>
         <size>0x942</size>
         <input_file_ref idref="fl-3d"/>
      </object_component>
      <object_component id="oc-11e">
         <name>.debug_info</name>
         <load_address>0x21f69</load_address>
         <run_address>0x21f69</run_address>
         <size>0x53e</size>
         <input_file_ref idref="fl-3e"/>
      </object_component>
      <object_component id="oc-122">
         <name>.debug_info</name>
         <load_address>0x224a7</load_address>
         <run_address>0x224a7</run_address>
         <size>0x5f7</size>
         <input_file_ref idref="fl-3f"/>
      </object_component>
      <object_component id="oc-126">
         <name>.debug_info</name>
         <load_address>0x22a9e</load_address>
         <run_address>0x22a9e</run_address>
         <size>0x680</size>
         <input_file_ref idref="fl-40"/>
      </object_component>
      <object_component id="oc-12a">
         <name>.debug_info</name>
         <load_address>0x2311e</load_address>
         <run_address>0x2311e</run_address>
         <size>0x7d4</size>
         <input_file_ref idref="fl-41"/>
      </object_component>
      <object_component id="oc-12e">
         <name>.debug_info</name>
         <load_address>0x238f2</load_address>
         <run_address>0x238f2</run_address>
         <size>0x5ad</size>
         <input_file_ref idref="fl-42"/>
      </object_component>
      <object_component id="oc-132">
         <name>.debug_info</name>
         <load_address>0x23e9f</load_address>
         <run_address>0x23e9f</run_address>
         <size>0x574</size>
         <input_file_ref idref="fl-43"/>
      </object_component>
      <object_component id="oc-136">
         <name>.debug_info</name>
         <load_address>0x24413</load_address>
         <run_address>0x24413</run_address>
         <size>0x55b</size>
         <input_file_ref idref="fl-44"/>
      </object_component>
      <object_component id="oc-13a">
         <name>.debug_info</name>
         <load_address>0x2496e</load_address>
         <run_address>0x2496e</run_address>
         <size>0x4b7</size>
         <input_file_ref idref="fl-45"/>
      </object_component>
      <object_component id="oc-13e">
         <name>.debug_info</name>
         <load_address>0x24e25</load_address>
         <run_address>0x24e25</run_address>
         <size>0x4f2</size>
         <input_file_ref idref="fl-46"/>
      </object_component>
      <object_component id="oc-142">
         <name>.debug_info</name>
         <load_address>0x25317</load_address>
         <run_address>0x25317</run_address>
         <size>0x534</size>
         <input_file_ref idref="fl-47"/>
      </object_component>
      <object_component id="oc-146">
         <name>.debug_info</name>
         <load_address>0x2584b</load_address>
         <run_address>0x2584b</run_address>
         <size>0x64a</size>
         <input_file_ref idref="fl-48"/>
      </object_component>
      <object_component id="oc-14a">
         <name>.debug_info</name>
         <load_address>0x25e95</load_address>
         <run_address>0x25e95</run_address>
         <size>0x4de</size>
         <input_file_ref idref="fl-49"/>
      </object_component>
      <object_component id="oc-14e">
         <name>.debug_info</name>
         <load_address>0x26373</load_address>
         <run_address>0x26373</run_address>
         <size>0xef</size>
         <input_file_ref idref="fl-4a"/>
      </object_component>
      <object_component id="oc-152">
         <name>.debug_info</name>
         <load_address>0x26462</load_address>
         <run_address>0x26462</run_address>
         <size>0x5ab</size>
         <input_file_ref idref="fl-4b"/>
      </object_component>
      <object_component id="oc-156">
         <name>.debug_info</name>
         <load_address>0x26a0d</load_address>
         <run_address>0x26a0d</run_address>
         <size>0x4f2</size>
         <input_file_ref idref="fl-4c"/>
      </object_component>
      <object_component id="oc-15a">
         <name>.debug_info</name>
         <load_address>0x26eff</load_address>
         <run_address>0x26eff</run_address>
         <size>0x4d2</size>
         <input_file_ref idref="fl-4d"/>
      </object_component>
      <object_component id="oc-181">
         <name>.debug_info</name>
         <load_address>0x273d1</load_address>
         <run_address>0x273d1</run_address>
         <size>0x70</size>
      </object_component>
      <object_component id="oc-14">
         <name>.debug_line</name>
         <load_address>0x0</load_address>
         <run_address>0x0</run_address>
         <size>0xac</size>
         <input_file_ref idref="fl-2"/>
      </object_component>
      <object_component id="oc-19">
         <name>.debug_line</name>
         <load_address>0xac</load_address>
         <run_address>0xac</run_address>
         <size>0xb3</size>
         <input_file_ref idref="fl-3"/>
      </object_component>
      <object_component id="oc-21">
         <name>.debug_line</name>
         <load_address>0x15f</load_address>
         <run_address>0x15f</run_address>
         <size>0x9d</size>
         <input_file_ref idref="fl-5"/>
      </object_component>
      <object_component id="oc-29">
         <name>.debug_line</name>
         <load_address>0x1fc</load_address>
         <run_address>0x1fc</run_address>
         <size>0x14e</size>
         <input_file_ref idref="fl-6"/>
      </object_component>
      <object_component id="oc-2f">
         <name>.debug_line</name>
         <load_address>0x34a</load_address>
         <run_address>0x34a</run_address>
         <size>0x110</size>
         <input_file_ref idref="fl-7"/>
      </object_component>
      <object_component id="oc-35">
         <name>.debug_line</name>
         <load_address>0x45a</load_address>
         <run_address>0x45a</run_address>
         <size>0x220</size>
         <input_file_ref idref="fl-8"/>
      </object_component>
      <object_component id="oc-3a">
         <name>.debug_line</name>
         <load_address>0x67a</load_address>
         <run_address>0x67a</run_address>
         <size>0x1bb</size>
         <input_file_ref idref="fl-9"/>
      </object_component>
      <object_component id="oc-41">
         <name>.debug_line</name>
         <load_address>0x835</load_address>
         <run_address>0x835</run_address>
         <size>0x497</size>
         <input_file_ref idref="fl-a"/>
      </object_component>
      <object_component id="oc-48">
         <name>.debug_line</name>
         <load_address>0xccc</load_address>
         <run_address>0xccc</run_address>
         <size>0x1e7</size>
         <input_file_ref idref="fl-b"/>
      </object_component>
      <object_component id="oc-4d">
         <name>.debug_line</name>
         <load_address>0xeb3</load_address>
         <run_address>0xeb3</run_address>
         <size>0x56</size>
         <input_file_ref idref="fl-c"/>
      </object_component>
      <object_component id="oc-52">
         <name>.debug_line</name>
         <load_address>0xf09</load_address>
         <run_address>0xf09</run_address>
         <size>0x95</size>
         <input_file_ref idref="fl-d"/>
      </object_component>
      <object_component id="oc-57">
         <name>.debug_line</name>
         <load_address>0xf9e</load_address>
         <run_address>0xf9e</run_address>
         <size>0xef</size>
         <input_file_ref idref="fl-e"/>
      </object_component>
      <object_component id="oc-5e">
         <name>.debug_line</name>
         <load_address>0x108d</load_address>
         <run_address>0x108d</run_address>
         <size>0x12a</size>
         <input_file_ref idref="fl-f"/>
      </object_component>
      <object_component id="oc-63">
         <name>.debug_line</name>
         <load_address>0x11b7</load_address>
         <run_address>0x11b7</run_address>
         <size>0x9e</size>
         <input_file_ref idref="fl-10"/>
      </object_component>
      <object_component id="oc-68">
         <name>.debug_line</name>
         <load_address>0x1255</load_address>
         <run_address>0x1255</run_address>
         <size>0x95</size>
         <input_file_ref idref="fl-11"/>
      </object_component>
      <object_component id="oc-6d">
         <name>.debug_line</name>
         <load_address>0x12ea</load_address>
         <run_address>0x12ea</run_address>
         <size>0xef</size>
         <input_file_ref idref="fl-12"/>
      </object_component>
      <object_component id="oc-74">
         <name>.debug_line</name>
         <load_address>0x13d9</load_address>
         <run_address>0x13d9</run_address>
         <size>0x134</size>
         <input_file_ref idref="fl-13"/>
      </object_component>
      <object_component id="oc-79">
         <name>.debug_line</name>
         <load_address>0x150d</load_address>
         <run_address>0x150d</run_address>
         <size>0x18b</size>
         <input_file_ref idref="fl-14"/>
      </object_component>
      <object_component id="oc-7e">
         <name>.debug_line</name>
         <load_address>0x1698</load_address>
         <run_address>0x1698</run_address>
         <size>0x2dd</size>
         <input_file_ref idref="fl-1a"/>
      </object_component>
      <object_component id="oc-82">
         <name>.debug_line</name>
         <load_address>0x1975</load_address>
         <run_address>0x1975</run_address>
         <size>0x54</size>
         <input_file_ref idref="fl-1b"/>
      </object_component>
      <object_component id="oc-89">
         <name>.debug_line</name>
         <load_address>0x19c9</load_address>
         <run_address>0x19c9</run_address>
         <size>0x51</size>
         <input_file_ref idref="fl-1c"/>
      </object_component>
      <object_component id="oc-8d">
         <name>.debug_line</name>
         <load_address>0x1a1a</load_address>
         <run_address>0x1a1a</run_address>
         <size>0x3d</size>
         <input_file_ref idref="fl-1d"/>
      </object_component>
      <object_component id="oc-91">
         <name>.debug_line</name>
         <load_address>0x1a57</load_address>
         <run_address>0x1a57</run_address>
         <size>0x5b</size>
         <input_file_ref idref="fl-1e"/>
      </object_component>
      <object_component id="oc-97">
         <name>.debug_line</name>
         <load_address>0x1ab2</load_address>
         <run_address>0x1ab2</run_address>
         <size>0xd7</size>
         <input_file_ref idref="fl-1f"/>
      </object_component>
      <object_component id="oc-9b">
         <name>.debug_line</name>
         <load_address>0x1b89</load_address>
         <run_address>0x1b89</run_address>
         <size>0x4d</size>
         <input_file_ref idref="fl-20"/>
      </object_component>
      <object_component id="oc-9f">
         <name>.debug_line</name>
         <load_address>0x1bd6</load_address>
         <run_address>0x1bd6</run_address>
         <size>0x95</size>
         <input_file_ref idref="fl-21"/>
      </object_component>
      <object_component id="oc-a3">
         <name>.debug_line</name>
         <load_address>0x1c6b</load_address>
         <run_address>0x1c6b</run_address>
         <size>0x5c</size>
         <input_file_ref idref="fl-22"/>
      </object_component>
      <object_component id="oc-a7">
         <name>.debug_line</name>
         <load_address>0x1cc7</load_address>
         <run_address>0x1cc7</run_address>
         <size>0x3c</size>
         <input_file_ref idref="fl-23"/>
      </object_component>
      <object_component id="oc-ad">
         <name>.debug_line</name>
         <load_address>0x1d03</load_address>
         <run_address>0x1d03</run_address>
         <size>0x1b0</size>
         <input_file_ref idref="fl-24"/>
      </object_component>
      <object_component id="oc-b1">
         <name>.debug_line</name>
         <load_address>0x1eb3</load_address>
         <run_address>0x1eb3</run_address>
         <size>0x54</size>
         <input_file_ref idref="fl-25"/>
      </object_component>
      <object_component id="oc-b8">
         <name>.debug_line</name>
         <load_address>0x1f07</load_address>
         <run_address>0x1f07</run_address>
         <size>0x112</size>
         <input_file_ref idref="fl-26"/>
      </object_component>
      <object_component id="oc-bc">
         <name>.debug_line</name>
         <load_address>0x2019</load_address>
         <run_address>0x2019</run_address>
         <size>0x42</size>
         <input_file_ref idref="fl-27"/>
      </object_component>
      <object_component id="oc-c0">
         <name>.debug_line</name>
         <load_address>0x205b</load_address>
         <run_address>0x205b</run_address>
         <size>0x69</size>
         <input_file_ref idref="fl-28"/>
      </object_component>
      <object_component id="oc-c4">
         <name>.debug_line</name>
         <load_address>0x20c4</load_address>
         <run_address>0x20c4</run_address>
         <size>0x39</size>
         <input_file_ref idref="fl-29"/>
      </object_component>
      <object_component id="oc-c9">
         <name>.debug_line</name>
         <load_address>0x20fd</load_address>
         <run_address>0x20fd</run_address>
         <size>0x15e</size>
         <input_file_ref idref="fl-2a"/>
      </object_component>
      <object_component id="oc-cf">
         <name>.debug_line</name>
         <load_address>0x225b</load_address>
         <run_address>0x225b</run_address>
         <size>0x6a</size>
         <input_file_ref idref="fl-2b"/>
      </object_component>
      <object_component id="oc-d3">
         <name>.debug_line</name>
         <load_address>0x22c5</load_address>
         <run_address>0x22c5</run_address>
         <size>0x37</size>
         <input_file_ref idref="fl-2c"/>
      </object_component>
      <object_component id="oc-d7">
         <name>.debug_line</name>
         <load_address>0x22fc</load_address>
         <run_address>0x22fc</run_address>
         <size>0x4c</size>
         <input_file_ref idref="fl-2d"/>
      </object_component>
      <object_component id="oc-db">
         <name>.debug_line</name>
         <load_address>0x2348</load_address>
         <run_address>0x2348</run_address>
         <size>0x57</size>
         <input_file_ref idref="fl-2e"/>
      </object_component>
      <object_component id="oc-e1">
         <name>.debug_line</name>
         <load_address>0x239f</load_address>
         <run_address>0x239f</run_address>
         <size>0x57</size>
         <input_file_ref idref="fl-2f"/>
      </object_component>
      <object_component id="oc-e7">
         <name>.debug_line</name>
         <load_address>0x23f6</load_address>
         <run_address>0x23f6</run_address>
         <size>0x328</size>
         <input_file_ref idref="fl-30"/>
      </object_component>
      <object_component id="oc-eb">
         <name>.debug_line</name>
         <load_address>0x271e</load_address>
         <run_address>0x271e</run_address>
         <size>0x41</size>
         <input_file_ref idref="fl-31"/>
      </object_component>
      <object_component id="oc-ef">
         <name>.debug_line</name>
         <load_address>0x275f</load_address>
         <run_address>0x275f</run_address>
         <size>0x46</size>
         <input_file_ref idref="fl-32"/>
      </object_component>
      <object_component id="oc-f3">
         <name>.debug_line</name>
         <load_address>0x27a5</load_address>
         <run_address>0x27a5</run_address>
         <size>0x55</size>
         <input_file_ref idref="fl-33"/>
      </object_component>
      <object_component id="oc-f7">
         <name>.debug_line</name>
         <load_address>0x27fa</load_address>
         <run_address>0x27fa</run_address>
         <size>0xad</size>
         <input_file_ref idref="fl-34"/>
      </object_component>
      <object_component id="oc-101">
         <name>.debug_line</name>
         <load_address>0x28a7</load_address>
         <run_address>0x28a7</run_address>
         <size>0x5b</size>
         <input_file_ref idref="fl-37"/>
      </object_component>
      <object_component id="oc-105">
         <name>.debug_line</name>
         <load_address>0x2902</load_address>
         <run_address>0x2902</run_address>
         <size>0x44</size>
         <input_file_ref idref="fl-38"/>
      </object_component>
      <object_component id="oc-109">
         <name>.debug_line</name>
         <load_address>0x2946</load_address>
         <run_address>0x2946</run_address>
         <size>0x3d</size>
         <input_file_ref idref="fl-39"/>
      </object_component>
      <object_component id="oc-10d">
         <name>.debug_line</name>
         <load_address>0x2983</load_address>
         <run_address>0x2983</run_address>
         <size>0x3d</size>
         <input_file_ref idref="fl-3a"/>
      </object_component>
      <object_component id="oc-112">
         <name>.debug_line</name>
         <load_address>0x29c0</load_address>
         <run_address>0x29c0</run_address>
         <size>0x44</size>
         <input_file_ref idref="fl-3b"/>
      </object_component>
      <object_component id="oc-116">
         <name>.debug_line</name>
         <load_address>0x2a04</load_address>
         <run_address>0x2a04</run_address>
         <size>0x56</size>
         <input_file_ref idref="fl-3c"/>
      </object_component>
      <object_component id="oc-11b">
         <name>.debug_line</name>
         <load_address>0x2a5a</load_address>
         <run_address>0x2a5a</run_address>
         <size>0xa6</size>
         <input_file_ref idref="fl-3d"/>
      </object_component>
      <object_component id="oc-11f">
         <name>.debug_line</name>
         <load_address>0x2b00</load_address>
         <run_address>0x2b00</run_address>
         <size>0x40</size>
         <input_file_ref idref="fl-3e"/>
      </object_component>
      <object_component id="oc-123">
         <name>.debug_line</name>
         <load_address>0x2b40</load_address>
         <run_address>0x2b40</run_address>
         <size>0x3c</size>
         <input_file_ref idref="fl-3f"/>
      </object_component>
      <object_component id="oc-127">
         <name>.debug_line</name>
         <load_address>0x2b7c</load_address>
         <run_address>0x2b7c</run_address>
         <size>0x38</size>
         <input_file_ref idref="fl-40"/>
      </object_component>
      <object_component id="oc-12b">
         <name>.debug_line</name>
         <load_address>0x2bb4</load_address>
         <run_address>0x2bb4</run_address>
         <size>0xa8</size>
         <input_file_ref idref="fl-41"/>
      </object_component>
      <object_component id="oc-12f">
         <name>.debug_line</name>
         <load_address>0x2c5c</load_address>
         <run_address>0x2c5c</run_address>
         <size>0x40</size>
         <input_file_ref idref="fl-42"/>
      </object_component>
      <object_component id="oc-133">
         <name>.debug_line</name>
         <load_address>0x2c9c</load_address>
         <run_address>0x2c9c</run_address>
         <size>0x3a</size>
         <input_file_ref idref="fl-43"/>
      </object_component>
      <object_component id="oc-137">
         <name>.debug_line</name>
         <load_address>0x2cd6</load_address>
         <run_address>0x2cd6</run_address>
         <size>0x3c</size>
         <input_file_ref idref="fl-44"/>
      </object_component>
      <object_component id="oc-13b">
         <name>.debug_line</name>
         <load_address>0x2d12</load_address>
         <run_address>0x2d12</run_address>
         <size>0x37</size>
         <input_file_ref idref="fl-45"/>
      </object_component>
      <object_component id="oc-13f">
         <name>.debug_line</name>
         <load_address>0x2d49</load_address>
         <run_address>0x2d49</run_address>
         <size>0x3c</size>
         <input_file_ref idref="fl-46"/>
      </object_component>
      <object_component id="oc-143">
         <name>.debug_line</name>
         <load_address>0x2d85</load_address>
         <run_address>0x2d85</run_address>
         <size>0x44</size>
         <input_file_ref idref="fl-47"/>
      </object_component>
      <object_component id="oc-147">
         <name>.debug_line</name>
         <load_address>0x2dc9</load_address>
         <run_address>0x2dc9</run_address>
         <size>0x40</size>
         <input_file_ref idref="fl-48"/>
      </object_component>
      <object_component id="oc-14b">
         <name>.debug_line</name>
         <load_address>0x2e09</load_address>
         <run_address>0x2e09</run_address>
         <size>0x37</size>
         <input_file_ref idref="fl-49"/>
      </object_component>
      <object_component id="oc-14f">
         <name>.debug_line</name>
         <load_address>0x2e40</load_address>
         <run_address>0x2e40</run_address>
         <size>0x58</size>
         <input_file_ref idref="fl-4a"/>
      </object_component>
      <object_component id="oc-153">
         <name>.debug_line</name>
         <load_address>0x2e98</load_address>
         <run_address>0x2e98</run_address>
         <size>0x5c</size>
         <input_file_ref idref="fl-4b"/>
      </object_component>
      <object_component id="oc-157">
         <name>.debug_line</name>
         <load_address>0x2ef4</load_address>
         <run_address>0x2ef4</run_address>
         <size>0x3c</size>
         <input_file_ref idref="fl-4c"/>
      </object_component>
      <object_component id="oc-15b">
         <name>.debug_line</name>
         <load_address>0x2f30</load_address>
         <run_address>0x2f30</run_address>
         <size>0x3a</size>
         <input_file_ref idref="fl-4d"/>
      </object_component>
      <object_component id="oc-15">
         <name>.debug_abbrev</name>
         <load_address>0x0</load_address>
         <run_address>0x0</run_address>
         <size>0x2c</size>
         <input_file_ref idref="fl-2"/>
      </object_component>
      <object_component id="oc-1a">
         <name>.debug_abbrev</name>
         <load_address>0x2c</load_address>
         <run_address>0x2c</run_address>
         <size>0x9e</size>
         <input_file_ref idref="fl-3"/>
      </object_component>
      <object_component id="oc-1c">
         <name>.debug_abbrev</name>
         <load_address>0xca</load_address>
         <run_address>0xca</run_address>
         <size>0x34</size>
         <input_file_ref idref="fl-4"/>
      </object_component>
[...]
      <symbol id="sm-2d1">
         <name>_USBSTK5515_LED_on</name>
         <value>0x24fcf</value>
         <object_component_ref idref="oc-76"/>
      </symbol>
      <symbol id="sm-2d2">
         <name>_USBSTK5515_LED_off</name>
         <value>0x24fe0</value>
         <object_component_ref idref="oc-76"/>
      </symbol>
      <symbol id="sm-2d3">
         <name>_USBSTK5515_ULED_on</name>
         <value>0x250e0</value>
         <object_component_ref idref="oc-76"/>
      </symbol>
      <symbol id="sm-2d4">
         <name>_USBSTK5515_ULED_off</name>
         <value>0x25115</value>
         <object_component_ref idref="oc-76"/>
      </symbol>
      <symbol id="sm-2d5">
         <name>_USBSTK5515_ULED_getall</name>
         <value>0x25020</value>
         <object_component_ref idref="oc-76"/>
      </symbol>
      <symbol id="sm-2d6">
         <name>_USBSTK5515_ULED_setall</name>
         <value>0x25072</value>
         <object_component_ref idref="oc-76"/>
      </symbol>
      <symbol id="sm-2d7">
         <name>_USBSTK5515_ULED_init</name>
         <value>0x24ff1</value>
         <object_component_ref idref="oc-76"/>
      </symbol>
      <symbol id="sm-2d8">
         <name>_USBSTK5515_LED_init</name>
         <value>0x24fc4</value>
         <object_component_ref idref="oc-76"/>
      </symbol>
      <symbol id="sm-2fd">
         <name>_PLL_reset</name>
         <value>0x241cd</value>
         <object_component_ref idref="oc-7b"/>
      </symbol>
      <symbol id="sm-2fe">
         <name>_PLL_bypass</name>
         <value>0x2417e</value>
         <object_component_ref idref="oc-7b"/>
      </symbol>
      <symbol id="sm-2ff">
         <name>_PLL_enable</name>
         <value>0x24117</value>
         <object_component_ref idref="oc-7b"/>
      </symbol>
      <symbol id="sm-300">
         <name>_PLL_config</name>
         <value>0x23fee</value>
         <object_component_ref idref="oc-7b"/>
      </symbol>
      <symbol id="sm-301">
         <name>_PLL_init</name>
         <value>0x23fb6</value>
         <object_component_ref idref="oc-7b"/>
      </symbol>
      <symbol id="sm-30d">
         <name>__sysstack</name>
         <value>0x20c0</value>
         <object_component_ref idref="oc-15d"/>
      </symbol>
      <symbol id="sm-30e">
         <name>_c_int00</name>
         <value>0x26abe</value>
         <object_component_ref idref="oc-10"/>
      </symbol>
      <symbol id="sm-30f">
         <name>__stack</name>
         <value>0xc0</value>
         <object_component_ref idref="oc-80"/>
      </symbol>
      <symbol id="sm-31f">
         <name>C$$EXIT</name>
         <value>0x26c3e</value>
         <object_component_ref idref="oc-88"/>
      </symbol>
      <symbol id="sm-320">
         <name>_exit</name>
         <value>0x26a44</value>
         <object_component_ref idref="oc-84"/>
      </symbol>
      <symbol id="sm-321">
         <name>_abort</name>
         <value>0x26c3d</value>
         <object_component_ref idref="oc-88"/>
      </symbol>
      <symbol id="sm-322">
         <name>__cleanup_ptr</name>
         <value>0x6264</value>
         <object_component_ref idref="oc-85"/>
      </symbol>
      <symbol id="sm-323">
         <name>__dtors_ptr</name>
         <value>0x6268</value>
         <object_component_ref idref="oc-85"/>
      </symbol>
      <symbol id="sm-32d">
         <name>_fclose</name>
         <value>0x263ff</value>
         <object_component_ref idref="oc-8b"/>
      </symbol>
      <symbol id="sm-337">
         <name>__doflush</name>
         <value>0x260e4</value>
         <object_component_ref idref="oc-8f"/>
      </symbol>
      <symbol id="sm-338">
         <name>_fflush</name>
         <value>0x26146</value>
         <object_component_ref idref="oc-8f"/>
      </symbol>
      <symbol id="sm-347">
         <name>__cleanup</name>
         <value>0x2434e</value>
         <object_component_ref idref="oc-93"/>
      </symbol>
      <symbol id="sm-348">
         <name>_fopen</name>
         <value>0x2446c</value>
         <object_component_ref idref="oc-93"/>
      </symbol>
      <symbol id="sm-349">
         <name>_freopen</name>
         <value>0x243a6</value>
         <object_component_ref idref="oc-93"/>
      </symbol>
      <symbol id="sm-353">
         <name>_fread</name>
         <value>0x2570d</value>
         <object_component_ref idref="oc-99"/>
      </symbol>
      <symbol id="sm-35d">
         <name>_fwrite</name>
         <value>0x24bb4</value>
         <object_component_ref idref="oc-9d"/>
      </symbol>
      <symbol id="sm-365">
         <name>__remi</name>
         <value>0x26aa1</value>
         <object_component_ref idref="oc-a1"/>
      </symbol>
      <symbol id="sm-366">
         <name>__divi</name>
         <value>0x26a82</value>
         <object_component_ref idref="oc-a1"/>
      </symbol>
      <symbol id="sm-367">
         <name>I$$MOD</name>
         <value>0x26aa1</value>
         <object_component_ref idref="oc-a1"/>
      </symbol>
      <symbol id="sm-368">
         <name>I$$DIV</name>
         <value>0x26a82</value>
         <object_component_ref idref="oc-a1"/>
      </symbol>
      <symbol id="sm-370">
         <name>__mpyli</name>
         <value>0x26bfe</value>
         <object_component_ref idref="oc-a5"/>
      </symbol>
      <symbol id="sm-371">
         <name>I$$LMPY</name>
         <value>0x26bfe</value>
         <object_component_ref idref="oc-a5"/>
      </symbol>
      <symbol id="sm-382">
         <name>_add_device</name>
         <value>0x23156</value>
         <object_component_ref idref="oc-a9"/>
      </symbol>
      <symbol id="sm-383">
         <name>_rename</name>
         <value>0x22e87</value>
         <object_component_ref idref="oc-a9"/>
      </symbol>
      <symbol id="sm-384">
         <name>_read</name>
         <value>0x22f12</value>
         <object_component_ref idref="oc-a9"/>
      </symbol>
      <symbol id="sm-385">
         <name>_unlink</name>
         <value>0x22e53</value>
         <object_component_ref idref="oc-a9"/>
      </symbol>
      <symbol id="sm-386">
         <name>_remove_device</name>
         <value>0x22ede</value>
         <object_component_ref idref="oc-a9"/>
      </symbol>
      <symbol id="sm-387">
         <name>_open</name>
         <value>0x22fbc</value>
         <object_component_ref idref="oc-a9"/>
      </symbol>
      <symbol id="sm-388">
         <name>_find_registered_device</name>
         <value>0x230dd</value>
         <object_component_ref idref="oc-a9"/>
      </symbol>
      <symbol id="sm-389">
         <name>_lseek</name>
         <value>0x23079</value>
         <object_component_ref idref="oc-a9"/>
      </symbol>
      <symbol id="sm-38a">
         <name>_close</name>
         <value>0x230e6</value>
         <object_component_ref idref="oc-a9"/>
      </symbol>
      <symbol id="sm-38b">
         <name>_write</name>
         <value>0x22d26</value>
         <object_component_ref idref="oc-a9"/>
      </symbol>
      <symbol id="sm-395">
         <name>_memcpy</name>
         <value>0x267cf</value>
         <object_component_ref idref="oc-af"/>
      </symbol>
      <symbol id="sm-3a5">
         <name>__sys_memory</name>
         <value>0x30c0</value>
         <object_component_ref idref="oc-b7"/>
      </symbol>
      <symbol id="sm-3a6">
         <name>_chkheap</name>
         <value>0x227b0</value>
         <object_component_ref idref="oc-b3"/>
      </symbol>
      <symbol id="sm-3a7">
         <name>_realloc</name>
         <value>0x22516</value>
         <object_component_ref idref="oc-b3"/>
      </symbol>
      <symbol id="sm-3a8">
         <name>_free_memory</name>
         <value>0x22749</value>
         <object_component_ref idref="oc-b3"/>
      </symbol>
      <symbol id="sm-3a9">
         <name>_max_free</name>
         <value>0x226df</value>
         <object_component_ref idref="oc-b3"/>
      </symbol>
      <symbol id="sm-3aa">
         <name>_free</name>
         <value>0x222d1</value>
         <object_component_ref idref="oc-b3"/>
      </symbol>
      <symbol id="sm-3ab">
         <name>_calloc</name>
         <value>0x227b8</value>
         <object_component_ref idref="oc-b3"/>
      </symbol>
      <symbol id="sm-3ac">
         <name>_malloc</name>
         <value>0x22415</value>
         <object_component_ref idref="oc-b3"/>
      </symbol>
      <symbol id="sm-3ad">
         <name>_minit</name>
         <value>0x223a3</value>
         <object_component_ref idref="oc-b3"/>
      </symbol>
      <symbol id="sm-3b6">
         <name>_memset</name>
         <value>0x26b95</value>
         <object_component_ref idref="oc-ba"/>
      </symbol>
      <symbol id="sm-3c0">
         <name>_printf</name>
         <value>0x268cd</value>
         <object_component_ref idref="oc-be"/>
      </symbol>
      <symbol id="sm-3ca">
         <name>_remove</name>
         <value>0x26c33</value>
         <object_component_ref idref="oc-c2"/>
      </symbol>
      <symbol id="sm-3d6">
         <name>_HOSTopen</name>
         <value>0x220b2</value>
         <object_component_ref idref="oc-c6"/>
      </symbol>
      <symbol id="sm-3d7">
         <name>_HOSTread</name>
         <value>0x22027</value>
         <object_component_ref idref="oc-c6"/>
      </symbol>
      <symbol id="sm-3d8">
         <name>_HOSTtime</name>
         <value>0x21f10</value>
         <object_component_ref idref="oc-c6"/>
      </symbol>
      <symbol id="sm-3d9">
         <name>_getenv</name>
         <value>0x21d99</value>
         <object_component_ref idref="oc-c6"/>
      </symbol>
      <symbol id="sm-3da">
         <name>_HOSTrename</name>
         <value>0x21f6e</value>
         <object_component_ref idref="oc-c6"/>
      </symbol>
      <symbol id="sm-3db">
         <name>_HOSTclock</name>
         <value>0x22273</value>
         <object_component_ref idref="oc-c6"/>
      </symbol>
      <symbol id="sm-3dc">
         <name>_HOSTwrite</name>
         <value>0x21e19</value>
         <object_component_ref idref="oc-c6"/>
      </symbol>
      <symbol id="sm-3dd">
         <name>_HOSTlseek</name>
         <value>0x22153</value>
         <object_component_ref idref="oc-c6"/>
      </symbol>
      <symbol id="sm-3de">
         <name>_HOSTunlink</name>
         <value>0x21ea4</value>
         <object_component_ref idref="oc-c6"/>
      </symbol>
      <symbol id="sm-3df">
         <name>_HOSTclose</name>
         <value>0x22208</value>
         <object_component_ref idref="oc-c6"/>
      </symbol>
      <symbol id="sm-3f1">
         <name>C$$IO$$</name>
         <value>0x260df</value>
         <object_component_ref idref="oc-ce"/>
      </symbol>
      <symbol id="sm-3f2">
         <name>__CIOBUF_</name>
         <value>0x40350</value>
         <object_component_ref idref="oc-cd"/>
      </symbol>
      <symbol id="sm-3f3">
         <name>_readmsg</name>
         <value>0x2663c</value>
         <object_component_ref idref="oc-cb"/>
      </symbol>
      <symbol id="sm-3f4">
         <name>_writemsg</name>
         <value>0x26026</value>
         <object_component_ref idref="oc-ce"/>
      </symbol>
      <symbol id="sm-3fe">
         <name>_Reset</name>
         <value>0x4fe00</value>
         <object_component_ref idref="oc-11"/>
      </symbol>
      <symbol id="sm-408">
         <name>__buff_read</name>
         <value>0x2619e</value>
         <object_component_ref idref="oc-d5"/>
      </symbol>
      <symbol id="sm-412">
         <name>__rd_ok</name>
         <value>0x25fc9</value>
         <object_component_ref idref="oc-d9"/>
      </symbol>
      <symbol id="sm-413">
         <name>__wrt_ok</name>
         <value>0x25f4c</value>
         <object_component_ref idref="oc-d9"/>
      </symbol>
      <symbol id="sm-421">
         <name>__unlock</name>
         <value>0x6260</value>
         <object_component_ref idref="oc-de"/>
      </symbol>
      <symbol id="sm-422">
         <name>__lock</name>
         <value>0x625c</value>
         <object_component_ref idref="oc-de"/>
      </symbol>
      <symbol id="sm-423">
         <name>__register_lock</name>
         <value>0x26c19</value>
         <object_component_ref idref="oc-dd"/>
      </symbol>
      <symbol id="sm-424">
         <name>__nop</name>
         <value>0x26c21</value>
         <object_component_ref idref="oc-dd"/>
      </symbol>
      <symbol id="sm-425">
         <name>__register_unlock</name>
         <value>0x26c11</value>
         <object_component_ref idref="oc-dd"/>
      </symbol>
      <symbol id="sm-437">
         <name>__printfi</name>
         <value>0x21315</value>
         <object_component_ref idref="oc-e3"/>
      </symbol>
      <symbol id="sm-441">
         <name>__args_main</name>
         <value>0x269b3</value>
         <object_component_ref idref="oc-e9"/>
      </symbol>
      <symbol id="sm-442">
         <name>__TI_args_main</name>
         <value>0x1</value>
      </symbol>
      <symbol id="sm-44c">
         <name>_atoi</name>
         <value>0x26776</value>
         <object_component_ref idref="oc-ed"/>
      </symbol>
      <symbol id="sm-454">
         <name>_auto_init</name>
         <value>0x2691b</value>
         <object_component_ref idref="oc-f1"/>
      </symbol>
      <symbol id="sm-45e">
         <name>__eqld</name>
         <value>0x24f38</value>
         <object_component_ref idref="oc-f5"/>
      </symbol>
      <symbol id="sm-45f">
         <name>__cmpd</name>
         <value>0x24f6c</value>
         <object_component_ref idref="oc-f5"/>
      </symbol>
      <symbol id="sm-460">
         <name>__neqd</name>
         <value>0x24dda</value>
         <object_component_ref idref="oc-f5"/>
      </symbol>
      <symbol id="sm-461">
         <name>__gtrd</name>
         <value>0x24ea3</value>
         <object_component_ref idref="oc-f5"/>
      </symbol>
      <symbol id="sm-462">
         <name>__geqd</name>
         <value>0x24eee</value>
         <object_component_ref idref="oc-f5"/>
      </symbol>
      <symbol id="sm-463">
         <name>__leqd</name>
         <value>0x24e56</value>
         <object_component_ref idref="oc-f5"/>
      </symbol>
      <symbol id="sm-464">
         <name>__lssd</name>
         <value>0x24e0e</value>
         <object_component_ref idref="oc-f5"/>
      </symbol>
      <symbol id="sm-46c">
         <name>__ctypes_</name>
         <value>0x5814</value>
         <object_component_ref idref="oc-160"/>
      </symbol>
      <symbol id="sm-476">
         <name>__tmpnams</name>
         <value>0x5c88</value>
         <object_component_ref idref="oc-fb"/>
      </symbol>
      <symbol id="sm-477">
         <name>__ft_end</name>
         <value>0x5dc8</value>
         <object_component_ref idref="oc-fb"/>
      </symbol>
      <symbol id="sm-478">
         <name>__ftable</name>
         <value>0x5b98</value>
         <object_component_ref idref="oc-fb"/>
      </symbol>
      <symbol id="sm-484">
         <name>__divd</name>
         <value>0x2323e</value>
         <object_component_ref idref="oc-ff"/>
      </symbol>
      <symbol id="sm-48f">
         <name>__divul</name>
         <value>0x262e6</value>
         <object_component_ref idref="oc-103"/>
      </symbol>
      <symbol id="sm-499">
         <name>__fixdi</name>
         <value>0x26b1f</value>
         <object_component_ref idref="oc-107"/>
      </symbol>
      <symbol id="sm-4a3">
         <name>__fixdli</name>
         <value>0x265ce</value>
         <object_component_ref idref="oc-10b"/>
      </symbol>
      <symbol id="sm-4af">
         <name>__fltlid</name>
         <value>0x2670f</value>
         <object_component_ref idref="oc-10f"/>
      </symbol>
      <symbol id="sm-4b9">
         <name>_putchar</name>
         <value>0x262d7</value>
         <object_component_ref idref="oc-114"/>
      </symbol>
      <symbol id="sm-4ba">
         <name>_putc</name>
         <value>0x26244</value>
         <object_component_ref idref="oc-114"/>
      </symbol>
      <symbol id="sm-4bb">
         <name>_fputc</name>
         <value>0x26244</value>
         <object_component_ref idref="oc-114"/>
      </symbol>
      <symbol id="sm-4c7">
         <name>_puts</name>
         <value>0x252dc</value>
         <object_component_ref idref="oc-118"/>
      </symbol>
      <symbol id="sm-4c8">
         <name>_fputs</name>
         <value>0x2518d</value>
         <object_component_ref idref="oc-118"/>
      </symbol>
      <symbol id="sm-4d2">
         <name>__frcmpyd_div</name>
         <value>0x264eb</value>
         <object_component_ref idref="oc-11d"/>
      </symbol>
      <symbol id="sm-4dc">
         <name>_fseek</name>
         <value>0x266a7</value>
         <object_component_ref idref="oc-121"/>
      </symbol>
      <symbol id="sm-4e6">
         <name>___isinf</name>
         <value>0x26bd0</value>
         <object_component_ref idref="oc-125"/>
      </symbol>
      <symbol id="sm-4f0">
         <name>__divull</name>
         <value>0x24835</value>
         <object_component_ref idref="oc-129"/>
      </symbol>
      <symbol id="sm-4f1">
         <name>__mpylli</name>
         <value>0x2477e</value>
         <object_component_ref idref="oc-129"/>
      </symbol>
      <symbol id="sm-4f2">
         <name>__remlli</name>
         <value>0x2474f</value>
         <object_component_ref idref="oc-129"/>
      </symbol>
      <symbol id="sm-4f3">
         <name>__divlli</name>
         <value>0x24929</value>
         <object_component_ref idref="oc-129"/>
      </symbol>
      <symbol id="sm-4f4">
         <name>__remull</name>
         <value>0x24701</value>
         <object_component_ref idref="oc-129"/>
      </symbol>
      <symbol id="sm-4fe">
         <name>_ltoa</name>
         <value>0x26386</value>
         <object_component_ref idref="oc-12d"/>
      </symbol>
      <symbol id="sm-509">
         <name>_memccpy</name>
         <value>0x26b73</value>
         <object_component_ref idref="oc-131"/>
      </symbol>
      <symbol id="sm-513">
         <name>__mpyd</name>
         <value>0x255c2</value>
         <object_component_ref idref="oc-135"/>
      </symbol>
      <symbol id="sm-51d">
         <name>__negd</name>
         <value>0x26c23</value>
         <object_component_ref idref="oc-139"/>
      </symbol>
      <symbol id="sm-527">
         <name>__remli</name>
         <value>0x26968</value>
         <object_component_ref idref="oc-13d"/>
      </symbol>
      <symbol id="sm-532">
         <name>__remul</name>
         <value>0x2655e</value>
         <object_component_ref idref="oc-141"/>
      </symbol>
      <symbol id="sm-53c">
         <name>_setvbuf</name>
         <value>0x25e59</value>
         <object_component_ref idref="oc-145"/>
      </symbol>
      <symbol id="sm-546">
         <name>__subd</name>
         <value>0x26bea</value>
         <object_component_ref idref="oc-149"/>
      </symbol>
      <symbol id="sm-54e">
         <name>__remu</name>
         <value>0x26b5e</value>
         <object_component_ref idref="oc-14d"/>
      </symbol>
      <symbol id="sm-54f">
         <name>__divu</name>
         <value>0x26b49</value>
         <object_component_ref idref="oc-14d"/>
      </symbol>
      <symbol id="sm-550">
         <name>I$$UMOD</name>
         <value>0x26b5e</value>
         <object_component_ref idref="oc-14d"/>
      </symbol>
      <symbol id="sm-551">
         <name>I$$UDIV</name>
         <value>0x26b49</value>
         <object_component_ref idref="oc-14d"/>
      </symbol>
      <symbol id="sm-55b">
         <name>__addd</name>
         <value>0x2495d</value>
         <object_component_ref idref="oc-151"/>
      </symbol>
      <symbol id="sm-565">
         <name>__divli</name>
         <value>0x269fc</value>
         <object_component_ref idref="oc-155"/>
      </symbol>
      <symbol id="sm-56f">
         <name>__frcmpyd</name>
         <value>0x26475</value>
         <object_component_ref idref="oc-159"/>
      </symbol>
   </symbol_table>
</link_info>
