******************************************************************************
              TMS320C55x Linker PC v4.4.1                      
******************************************************************************
>> Linked Mon Dec 25 16:31:00 2023

OUTPUT FILE NAME:   <Final_Lab.out>
ENTRY POINT SYMBOL: "_c_int00"  address: 00026a88


MEMORY CONFIGURATION

         name            origin    length      used     unused   attr    fill
                        (bytes)   (bytes)    (bytes)   (bytes)
----------------------  --------  ---------  --------  --------  ----  --------
PAGE 0:
  MMR                   00000000   000000c0  00000000  000000c0  RWIX
  DARAM0                000000c0   0000ff40  00006190  00009db0  RWIX
  SARAM0                00010000   00010000  00000000  00010000  RWIX
  SARAM1                00020000   00020000  00006c11  000193ef  RWIX
  SARAM2                00040000   0000fe00  00000590  0000f870  RWIX
  VECS                  0004fe00   00000200  00000100  00000100  RWIX
  PDROM                 00ff8000   00008000  00000000  00008000  R IX

PAGE 2:
  IOPORT                00000000   00020000  00000000  00020000  RWI 


SECTION ALLOCATION MAP
(Addresses surrounded by []'s are displayed for convenience only!)

output                                                          attributes/
section   page  orgn(bytes) orgn(words) len(bytes) len(words)   input sections
--------  ----  ----------- ----------- ---------- ----------   --------------
.pinit       0   [ 00040000 ]  00020000          *   00000000   UNINITIALIZED

.stack       0   [ 000000c0 ]  00000060          *   00001000   UNINITIALIZED
                 [ 000000c0 ]  00000060          *   00001000   --HOLE--

.data        0   [ 000000c0 ]  00000060          *   00000000   UNINITIALIZED

.sysstack 
*            0   [ 000020c0 ]  00001060          *   00000800   UNINITIALIZED
                 [ 000020c0 ]  00001060          *   00000800   --HOLE--

.sysmem      0   [ 000030c0 ]  00001860          *   00001000   UNINITIALIZED
                 [ 000030c0 ]  00001860          *   00001000   --HOLE--

.const.1     0   [ 000050c0 ]  00002860          *   000004ab   
                 [ 000050c0 ]  00002860          *   00000236   PLL.obj (.const:.string)
                 [ 0000552c ]  00002a96          *   00000174   aic3204_init.obj (.const:.string)
                 [ 00005814 ]  00002c0a          *   00000101   rts55h.lib : ctype.obj (.const:__ctypes_)

.const.2     0   [ 00005a18 ]  00002d0c          *   00000073   
                 [ 00005a18 ]  00002d0c          *   00000073   mainoffline_anf.obj (.const:.string)

.const.3     0   [ 00005b00 ]  00002d80          *   0000003e   
                 [ 00005b00 ]  00002d80          *   00000024   rts55h.lib : _printfi.obj (.const:.string)
                 [ 00005b48 ]  00002da4          *   0000000c              : _printfi.obj (.const)
                 [ 00005b60 ]  00002db0          *   00000008              : divd.obj (.const:_initial_approx$1)
                 [ 00005b70 ]  00002db8          *   00000002              : fputs.obj (.const:.string)
                 [ 00005b74 ]  00002dba          *   00000002   mainoffline_anf.obj (.const:_$P$T0$1)
                 [ 00005b78 ]  00002dbc          *   00000002   rts55h.lib : fltlid.obj (.const)

.bss         0   [ 00005b7c ]  00002dbe          *   0000036c   UNINITIALIZED
                 [ 00005b7c ]  00002dbe          *   00000119   rts55h.lib : defs.obj (.bss)
                 [ 00005dae ]  00002ed7          *   000000d0              : trgdrv.obj (.bss)
                 [ 00005f4e ]  00002fa7          *   000000bc   oled5515.obj (.bss)
                 [ 000060c6 ]  00003063          *   00000001   rts55h.lib : fopen.obj (.bss)
                 [ 000060c8 ]  00003064          *   00000071              : lowlev.obj (.bss)
                 [ 000061aa ]  000030d5          *   00000001   usbstk5505_i2c.obj (.bss)
                 [ 000061ac ]  000030d6          *   00000036   PLL.obj (.bss)
                 [ 00006218 ]  0000310c          *   0000000c   pushbuttons5515.obj (.bss)
                 [ 00006230 ]  00003118          *   00000007   rts55h.lib : memory.obj (.bss)
                 [ 0000623e ]  0000311f          *   00000001   usbstk5515_i2c.obj (.bss)
                 [ 00006240 ]  00003120          *   00000004   rts55h.lib : _lock.obj (.bss)
                 [ 00006248 ]  00003124          *   00000004              : exit.obj (.bss)
                 [ 00006250 ]  00003128          *   00000002   aic3204.obj (.bss)

.text        0     00020000  [ 00010000 ] 00006c11          *   
                   00020000  [ 00010000 ] 00001533          *   rts55h.lib : _printfi.obj (.text)
                   00021533  [ 00010a99+] 0000085b          *   oled5515.obj (.text)
                   00021d8e  [ 00010ec7 ] 00000538          *   rts55h.lib : trgdrv.obj (.text)
                   000222c6  [ 00011163 ] 00000533          *              : memory.obj (.text)
                   000227f9  [ 000113fc+] 00000522          *   aic3204_init.obj (.text)
                   00022d1b  [ 0001168d+] 00000518          *   rts55h.lib : lowlev.obj (.text)
                   00023233  [ 00011919+] 000003c7          *              : divd.obj (.text)
                   000235fa  [ 00011afd ] 00000391          *   anf_cascade.obj (.text)
                   0002398b  [ 00011cc5+] 00000340          *   PLL.obj (.text)
                   00023ccb  [ 00011e65+] 000002b6          *   pushbuttons5515.obj (.text)
                   00023f81  [ 00011fc0+] 000002ad          *   CSLc55x5h.lib : csl_pll.obj (.text)
                   0002422e  [ 00012117 ] 0000026c          *   rts55h.lib : fopen.obj (.text)
                   0002449a  [ 0001224d ] 0000025c          *   bargraph5515.obj (.text)
                   000246f6  [ 0001237b ] 0000025c          *   rts55h.lib : llmpy.obj (.text)
                   00024952  [ 000124a9 ] 00000257          *              : addd.obj (.text)
                   00024ba9  [ 000125d4+] 00000226          *              : fwrite.obj (.text)
                   00024dcf  [ 000126e7+] 000001ea          *              : cmpd.obj (.text)
                   00024fb9  [ 000127dc+] 000001c9          *   usbstk5515_led.obj (.text)
                   00025182  [ 000128c1 ] 0000017b          *   rts55h.lib : fputs.obj (.text)
                   000252fd  [ 0001297e+] 00000164          *   usbstk5505_gpio.obj (.text)
                   00025461  [ 00012a30+] 00000156          *   usbstk5515_gpio.obj (.text)
                   000255b7  [ 00012adb+] 0000014b          *   rts55h.lib : mpyd.obj (.text)
                   00025702  [ 00012b81 ] 00000148          *              : fread.obj (.text)
                   0002584a  [ 00012c25 ] 0000013e          *   usbstk5515_i2c.obj (.text)
                   00025988  [ 00012cc4 ] 0000013b          *   aic3204.obj (.text)
                   00025ac3  [ 00012d61+] 0000013b          *   anf.obj (.text)
                   00025bfe  [ 00012dff ] 0000012a          *   usbstk5505_i2c.obj (.text)
                   00025d28  [ 00012e94 ] 000000fb          *   mainoffline_anf.obj (.text)
                   00025e23  [ 00012f11+] 000000f3          *   rts55h.lib : setvbuf.obj (.text)
                   00025f16  [ 00012f8b ] 000000da          *              : _io_perm.obj (.text)
                   00025ff0  [ 00012ff8 ] 000000be          *              : trgmsg.obj (.text:CIO_breakpoint)
                   000260ae  [ 00013057 ] 000000ba          *              : fflush.obj (.text)
                   00026168  [ 000130b4 ] 000000a6          *              : _bufread.obj (.text)
                   0002620e  [ 00013107 ] 000000a2          *              : fputc.obj (.text)
                   000262b0  [ 00013158 ] 000000a0          *              : divul.obj (.text)
                   00026350  [ 000131a8 ] 00000079          *              : ltoa.obj (.text)
                   000263c9  [ 000131e4+] 00000076          *              : fclose.obj (.text)
                   0002643f  [ 0001321f+] 00000076          *              : frcmpyd.obj (.text)
                   000264b5  [ 0001325a+] 00000073          *              : frcmpyd_div.obj (.text)
                   00026528  [ 00013294 ] 00000070          *              : remul.obj (.text)
                   00026598  [ 000132cc ] 0000006e          *              : fixdli.obj (.text)
                   00026606  [ 00013303 ] 0000006b          *              : trgmsg.obj (.text)
                   00026671  [ 00013338+] 00000068          *              : fseek.obj (.text)
                   000266d9  [ 0001336c+] 00000067          *              : fltlid.obj (.text)
                   00026740  [ 000133a0 ] 00000059          *              : atoi.obj (.text)
                   00026799  [ 000133cc+] 00000056          *              : memcpy.obj (.text)
                   000267ef  [ 000133f7+] 00000054          *   usbstk5505.obj (.text)
                   00026843  [ 00013421+] 00000054          *   usbstk5515.obj (.text)
                   00026897  [ 0001344b+] 0000004e          *   rts55h.lib : printf.obj (.text)
                   000268e5  [ 00013472+] 0000004d          *              : autoinit.obj (.text)
                   00026932  [ 00013499 ] 0000004b          *              : remli.obj (.text)
                   0002697d  [ 000134be+] 00000049          *              : args_main.obj (.text)
                   000269c6  [ 000134e3 ] 00000048          *              : divli.obj (.text)
                   00026a0e  [ 00013507 ] 0000003e          *              : exit.obj (.text)
                   00026a4c  [ 00013526 ] 0000003c          *              : idiv.obj (.text)
                   00026a88  [ 00013544 ] 00000034          *              : boot.obj (.text)
                   00026abc  [ 0001355e ] 0000002d          *   usbstk5505_led.obj (.text)
                   00026ae9  [ 00013574+] 0000002a          *   rts55h.lib : fixdi.obj (.text)
                   00026b13  [ 00013589+] 0000002a          *              : udiv.obj (.text)
                   00026b3d  [ 0001359e+] 00000022          *              : memccpy.obj (.text)
                   00026b5f  [ 000135af+] 0000001f          *              : memset.obj (.text)
                   00026b7e  [ 000135bf ] 0000001c          *   stereo.obj (.text)
                   00026b9a  [ 000135cd ] 0000001a          *   rts55h.lib : isinf.obj (.text)
                   00026bb4  [ 000135da ] 00000014          *              : subd.obj (.text)
                   00026bc8  [ 000135e4 ] 00000013          *              : lmpy.obj (.text)
                   00026bdb  [ 000135ed+] 00000012          *              : _lock.obj (.text)
                   00026bed  [ 000135f6+] 00000010          *              : negd.obj (.text)
                   00026bfd  [ 000135fe+] 0000000a          *              : remove.obj (.text)
                   00026c07  [ 00013603+] 00000007          *              : exit.obj (.text:CIO_breakpoint)
                   00026c0e  [ 00013607 ] 00000002          *              : vectors.obj (.text)
                   00026c10  [ 00013608 ] 00000001          *   --HOLE-- [fill = 20]

.cinit       0   [ 00040000 ]  00020000          *   000001a8   
                 [ 00040000 ]  00020000          *   000000c2   oled5515.obj (.cinit)
                 [ 00040184 ]  000200c2          *   00000046   PLL.obj (.cinit)
                 [ 00040210 ]  00020108          *   0000002d   rts55h.lib : lowlev.obj (.cinit)
                 [ 0004026a ]  00020135          *   0000002a              : defs.obj (.cinit)
                 [ 000402be ]  0002015f          *   00000024   pushbuttons5515.obj (.cinit)
                 [ 00040306 ]  00020183          *   0000000a   rts55h.lib : _lock.obj (.cinit)
                 [ 0004031a ]  0002018d          *   0000000a              : exit.obj (.cinit)
                 [ 0004032e ]  00020197          *   00000004              : fopen.obj (.cinit)
                 [ 00040336 ]  0002019b          *   00000004              : memory.obj (.cinit)
                 [ 0004033e ]  0002019f          *   00000004   usbstk5505_i2c.obj (.cinit)
                 [ 00040346 ]  000201a3          *   00000004   usbstk5515_i2c.obj (.cinit)
                 [ 0004034e ]  000201a7          *   00000001   --HOLE-- [fill = 0]

.cio         0   [ 00040350 ]  000201a8          *   00000120   UNINITIALIZED
                 [ 00040350 ]  000201a8          *   00000120   rts55h.lib : trgmsg.obj (.cio)

vectors      0     0004fe00  [ 00027f00 ] 00000100          *   
                   0004fe00  [ 00027f00 ] 00000100          *   rts55h.lib : vectors.obj (vectors)


GLOBAL SYMBOLS: SORTED ALPHABETICALLY BY Name 

abs. value/
byte addr   word addr   name
---------   ---------   ----
00000002                $TI_capability$C5500$CallingConvention
00000008                $TI_capability$C5500$MemoryModel
00000001                $TI_capability_requires_rev3
ffffffff                .bss
ffffffff                .data
ffffffff                .text
00026c08                C$$EXIT
000260a9                C$$IO$$
00026a4c                I$$DIV
00026bc8                I$$LMPY
00026a6b                I$$MOD
00026b13                I$$UDIV
00026b28                I$$UMOD
00025988                _AIC3204_rget
000259d3                _AIC3204_rset
00022268                _HOSTclock
000221fd                _HOSTclose
00022148                _HOSTlseek
000220a7                _HOSTopen
0002201c                _HOSTread
00021f63                _HOSTrename
00021f05                _HOSTtime
00021e99                _HOSTunlink
00021e0e                _HOSTwrite
00021553                _OSD9616_multiSend
00021533                _OSD9616_send
00024173                _PLL_bypass
00023fe3                _PLL_config
0002410c                _PLL_enable
00023fab                _PLL_init
000241c2                _PLL_reset
0004fe00                _Reset
00023ccb                _SAR_init
00025409                _USBSTK5505_GPIO_getInput
000252fd                _USBSTK5505_GPIO_init
00025301                _USBSTK5505_GPIO_setDirection
0002538c                _USBSTK5505_GPIO_setOutput
00025c1d                _USBSTK5505_I2C_close
00025bfe                _USBSTK5505_I2C_init
00025caf                _USBSTK5505_I2C_read
00025c26                _USBSTK5505_I2C_reset
00025c34                _USBSTK5505_I2C_write
00026abc                _USBSTK5505_LED_init
00026ad8                _USBSTK5505_LED_off
00026ac7                _USBSTK5505_LED_on
00026835                _USBSTK5505_init
000267ef                _USBSTK5505_wait
00026823                _USBSTK5505_waitusec
0002555f                _USBSTK5515_GPIO_getInput
00025461                _USBSTK5515_GPIO_init
00025465                _USBSTK5515_GPIO_setDirection
000254e2                _USBSTK5515_GPIO_setOutput
00025869                _USBSTK5515_I2C_close
0002584a                _USBSTK5515_I2C_init
0002590f                _USBSTK5515_I2C_read
00025872                _USBSTK5515_I2C_reset
00025880                _USBSTK5515_I2C_write
00024fb9                _USBSTK5515_LED_init
00024fd5                _USBSTK5515_LED_off
00024fc4                _USBSTK5515_LED_on
00025015                _USBSTK5515_ULED_getall
00024fe6                _USBSTK5515_ULED_init
0002510a                _USBSTK5515_ULED_off
000250d5                _USBSTK5515_ULED_on
00025067                _USBSTK5515_ULED_setall
0002513d                _USBSTK5515_ULED_toggle
00026889                _USBSTK5515_init
00026843                _USBSTK5515_wait
00026877                _USBSTK5515_waitusec
            000201a8    __CIOBUF_
            00001060    __STACK_END
00002000                __STACK_SIZE
00002000                __SYSMEM_SIZE
00001000                __SYSSTACK_SIZE
00000001                __TI_args_main
ffffffff                ___binit__
ffffffff                ___bss__
ffffffff                ___c_args__
            00020000    ___cinit__
ffffffff                ___data__
ffffffff                ___edata__
ffffffff                ___end__
ffffffff                ___etext__
00026b9a                ___isinf
ffffffff                ___pinit__
ffffffff                ___text__
00024952                __addd
0002697d                __args_main
00026168                __buff_read
00024343                __cleanup
            00003124    __cleanup_ptr
00024f61                __cmpd
            00002c0a    __ctypes_
00023233                __divd
00026a4c                __divi
000269c6                __divli
0002491e                __divlli
00026b13                __divu
000262b0                __divul
0002482a                __divull
000260ae                __doflush
            00003126    __dtors_ptr
00024f2d                __eqld
00026ae9                __fixdi
00026598                __fixdli
000266d9                __fltlid
0002643f                __frcmpyd
000264b5                __frcmpyd_div
            00002ed6    __ft_end
            00002dbe    __ftable
00024ee3                __geqd
00024e98                __gtrd
00024e4b                __leqd
            00003120    __lock
00024e03                __lssd
000255b7                __mpyd
00026bc8                __mpyli
00024773                __mpylli
00026bed                __negd
00024dcf                __neqd
00026beb                __nop
00021315                __printfi
00025f93                __rd_ok
00026be3                __register_lock
00026bdb                __register_unlock
00026a6b                __remi
00026932                __remli
00024744                __remlli
00026b28                __remu
00026528                __remul
000246f6                __remull
            00000060    __stack
00026bb4                __subd
            00001860    __sys_memory
            00001060    __sysstack
            00002e36    __tmpnams
            00003122    __unlock
00025f16                __wrt_ok
00026c07                _abort
0002314b                _add_device
00025a41                _aic3204_codec_read
00025a87                _aic3204_codec_write
00025a25                _aic3204_disable
000259f5                _aic3204_hardware_init
000227f9                _aic3204_init
00025ac3                _anf
000235fa                _anf_cascade
00026740                _atoi
000268e5                _auto_init
000245d6                _bargraph_12dB
0002449a                _bargraph_3dB
00024538                _bargraph_6dB
00026a88                _c_int00
000227ad                _calloc
            00002fa7    _character_set
000227a5                _chkheap
000230db                _close
            00003128    _counter1
            00003129    _counter2
00026a0e                _exit
000263c9                _fclose
00026110                _fflush
000230d2                _find_registered_device
00024461                _fopen
0002620e                _fputc
00025182                _fputs
00025702                _fread
000222c6                _free
0002273e                _free_memory
0002439b                _freopen
00026671                _fseek
00024ba9                _fwrite
00021d8e                _getenv
            000030e0    _hPll
0002306e                _lseek
00026350                _ltoa
00025d28                _main
0002240a                _malloc
000226d4                _max_free
00026b3d                _memccpy
00026799                _memcpy
00026b5f                _memset
00022398                _minit
            0000300f    _number_set
00021afd                _oled_display_bargraph
000217f9                _oled_display_message
00021cbd                _oled_display_picture
00021be6                _oled_display_waveform
000216d1                _oled_init
00022fb1                _open
            0000310a    _pConfigInfo
            000030dc    _pllCfg1
            00003102    _pllCfg_100MHz
            00003106    _pllCfg_120MHz
            000030ea    _pllCfg_12MHz
            000030ee    _pllCfg_12p288MHz
            000030e2    _pllCfg_1MHz
            000030e6    _pllCfg_2MHz
            000030f2    _pllCfg_40MHz
            000030f6    _pllCfg_60MHz
            000030fa    _pllCfg_75MHz
            000030fe    _pllCfg_98MHz
            000030d6    _pllObj
00023a06                _pll_frequency_setup
0002159f                _printCharacter
000215e3                _printMessage
00026897                _printf
00023ce3                _pushbuttons_read
00023e61                _pushbuttons_read_raw
0002620e                _putc
000262a1                _putchar
000252d1                _puts
00022f07                _read
00026606                _readmsg
0002250b                _realloc
00026bfd                _remove
00022ed3                _remove_device
00022e7c                _rename
000229cb                _set_sampling_frequency_and_gain
00025e23                _setvbuf
00024674                _spectrum_analyser_display
00026b7e                _stereo_to_mono
00022e48                _unlink
00022d1b                _write
00025ff0                _writemsg
ffffffff                binit
            00020000    cinit
ffffffff                edata
ffffffff                end
ffffffff                etext
ffffffff                pinit


GLOBAL SYMBOLS: SORTED BY Symbol Address 

abs. value/
byte addr   word addr   name
---------   ---------   ----
00000001                $TI_capability_requires_rev3
00000001                __TI_args_main
00000002                $TI_capability$C5500$CallingConvention
00000008                $TI_capability$C5500$MemoryModel
            00000060    __stack
00001000                __SYSSTACK_SIZE
00002000                __STACK_SIZE
00002000                __SYSMEM_SIZE
            00001060    __STACK_END
            00001060    __sysstack
            00001860    __sys_memory
            00002c0a    __ctypes_
            00002dbe    __ftable
            00002e36    __tmpnams
            00002ed6    __ft_end
            00002fa7    _character_set
            0000300f    _number_set
            000030d6    _pllObj
            000030dc    _pllCfg1
            000030e0    _hPll
            000030e2    _pllCfg_1MHz
            000030e6    _pllCfg_2MHz
            000030ea    _pllCfg_12MHz
            000030ee    _pllCfg_12p288MHz
            000030f2    _pllCfg_40MHz
            000030f6    _pllCfg_60MHz
            000030fa    _pllCfg_75MHz
            000030fe    _pllCfg_98MHz
            00003102    _pllCfg_100MHz
            00003106    _pllCfg_120MHz
            0000310a    _pConfigInfo
            00003120    __lock
            00003122    __unlock
            00003124    __cleanup_ptr
            00003126    __dtors_ptr
            00003128    _counter1
            00003129    _counter2
00021315                __printfi
00021533                _OSD9616_send
00021553                _OSD9616_multiSend
0002159f                _printCharacter
000215e3                _printMessage
000216d1                _oled_init
000217f9                _oled_display_message
00021afd                _oled_display_bargraph
00021be6                _oled_display_waveform
00021cbd                _oled_display_picture
00021d8e                _getenv
00021e0e                _HOSTwrite
00021e99                _HOSTunlink
00021f05                _HOSTtime
00021f63                _HOSTrename
0002201c                _HOSTread
000220a7                _HOSTopen
00022148                _HOSTlseek
000221fd                _HOSTclose
00022268                _HOSTclock
000222c6                _free
00022398                _minit
0002240a                _malloc
0002250b                _realloc
000226d4                _max_free
0002273e                _free_memory
000227a5                _chkheap
000227ad                _calloc
000227f9                _aic3204_init
000229cb                _set_sampling_frequency_and_gain
00022d1b                _write
00022e48                _unlink
00022e7c                _rename
00022ed3                _remove_device
00022f07                _read
00022fb1                _open
0002306e                _lseek
000230d2                _find_registered_device
000230db                _close
0002314b                _add_device
00023233                __divd
000235fa                _anf_cascade
00023a06                _pll_frequency_setup
00023ccb                _SAR_init
00023ce3                _pushbuttons_read
00023e61                _pushbuttons_read_raw
00023fab                _PLL_init
00023fe3                _PLL_config
0002410c                _PLL_enable
00024173                _PLL_bypass
000241c2                _PLL_reset
00024343                __cleanup
0002439b                _freopen
00024461                _fopen
0002449a                _bargraph_3dB
00024538                _bargraph_6dB
000245d6                _bargraph_12dB
00024674                _spectrum_analyser_display
000246f6                __remull
00024744                __remlli
00024773                __mpylli
0002482a                __divull
0002491e                __divlli
00024952                __addd
00024ba9                _fwrite
00024dcf                __neqd
00024e03                __lssd
00024e4b                __leqd
00024e98                __gtrd
00024ee3                __geqd
00024f2d                __eqld
00024f61                __cmpd
00024fb9                _USBSTK5515_LED_init
00024fc4                _USBSTK5515_LED_on
00024fd5                _USBSTK5515_LED_off
00024fe6                _USBSTK5515_ULED_init
00025015                _USBSTK5515_ULED_getall
00025067                _USBSTK5515_ULED_setall
000250d5                _USBSTK5515_ULED_on
0002510a                _USBSTK5515_ULED_off
0002513d                _USBSTK5515_ULED_toggle
00025182                _fputs
000252d1                _puts
000252fd                _USBSTK5505_GPIO_init
00025301                _USBSTK5505_GPIO_setDirection
0002538c                _USBSTK5505_GPIO_setOutput
00025409                _USBSTK5505_GPIO_getInput
00025461                _USBSTK5515_GPIO_init
00025465                _USBSTK5515_GPIO_setDirection
000254e2                _USBSTK5515_GPIO_setOutput
0002555f                _USBSTK5515_GPIO_getInput
000255b7                __mpyd
00025702                _fread
0002584a                _USBSTK5515_I2C_init
00025869                _USBSTK5515_I2C_close
00025872                _USBSTK5515_I2C_reset
00025880                _USBSTK5515_I2C_write
0002590f                _USBSTK5515_I2C_read
00025988                _AIC3204_rget
000259d3                _AIC3204_rset
000259f5                _aic3204_hardware_init
00025a25                _aic3204_disable
00025a41                _aic3204_codec_read
00025a87                _aic3204_codec_write
00025ac3                _anf
00025bfe                _USBSTK5505_I2C_init
00025c1d                _USBSTK5505_I2C_close
00025c26                _USBSTK5505_I2C_reset
00025c34                _USBSTK5505_I2C_write
00025caf                _USBSTK5505_I2C_read
00025d28                _main
00025e23                _setvbuf
00025f16                __wrt_ok
00025f93                __rd_ok
00025ff0                _writemsg
000260a9                C$$IO$$
000260ae                __doflush
00026110                _fflush
00026168                __buff_read
0002620e                _fputc
0002620e                _putc
000262a1                _putchar
000262b0                __divul
00026350                _ltoa
000263c9                _fclose
0002643f                __frcmpyd
000264b5                __frcmpyd_div
00026528                __remul
00026598                __fixdli
00026606                _readmsg
00026671                _fseek
000266d9                __fltlid
00026740                _atoi
00026799                _memcpy
000267ef                _USBSTK5505_wait
00026823                _USBSTK5505_waitusec
00026835                _USBSTK5505_init
00026843                _USBSTK5515_wait
00026877                _USBSTK5515_waitusec
00026889                _USBSTK5515_init
00026897                _printf
000268e5                _auto_init
00026932                __remli
0002697d                __args_main
000269c6                __divli
00026a0e                _exit
00026a4c                I$$DIV
00026a4c                __divi
00026a6b                I$$MOD
00026a6b                __remi
00026a88                _c_int00
00026abc                _USBSTK5505_LED_init
00026ac7                _USBSTK5505_LED_on
00026ad8                _USBSTK5505_LED_off
00026ae9                __fixdi
00026b13                I$$UDIV
00026b13                __divu
00026b28                I$$UMOD
00026b28                __remu
00026b3d                _memccpy
00026b5f                _memset
00026b7e                _stereo_to_mono
00026b9a                ___isinf
00026bb4                __subd
00026bc8                I$$LMPY
00026bc8                __mpyli
00026bdb                __register_unlock
00026be3                __register_lock
00026beb                __nop
00026bed                __negd
00026bfd                _remove
00026c07                _abort
00026c08                C$$EXIT
            00020000    ___cinit__
            00020000    cinit
            000201a8    __CIOBUF_
0004fe00                _Reset
ffffffff                .bss
ffffffff                .data
ffffffff                .text
ffffffff                ___binit__
ffffffff                ___bss__
ffffffff                ___c_args__
ffffffff                ___data__
ffffffff                ___edata__
ffffffff                ___end__
ffffffff                ___etext__
ffffffff                ___pinit__
ffffffff                ___text__
ffffffff                binit
ffffffff                edata
ffffffff                end
ffffffff                etext
ffffffff                pinit

[231 symbols]
