<?xml version="1.0"?>
<link_info>
   <banner>TMS320C55x Linker PC v4.4.1</banner>
   <copyright>Copyright (c) 1996-2012 Texas Instruments Incorporated</copyright>
   <link_time>0x6589a034</link_time>
   <output_file>Final_Lab.out</output_file>
   <entry_point>
      <name>_c_int00</name>
      <address>0x26a88</address>
   </entry_point>
   <input_file_list>
      <input_file id="fl-2">
         <path>.\</path>
         <kind>object</kind>
         <file>anf.obj</file>
         <name>anf.obj</name>
      </input_file>
      <input_file id="fl-3">
         <path>.\</path>
         <kind>object</kind>
         <file>anf_cascade.obj</file>
         <name>anf_cascade.obj</name>
      </input_file>
      <input_file id="fl-4">
         <path>.\</path>
         <kind>object</kind>
         <file>mainoffline_anf.obj</file>
         <name>mainoffline_anf.obj</name>
      </input_file>
      <input_file id="fl-5">
         <path>.\</path>
         <kind>object</kind>
         <file>mainonline_anf.obj</file>
         <name>mainonline_anf.obj</name>
      </input_file>
      <input_file id="fl-6">
         <path>.\lib\</path>
         <kind>object</kind>
         <file>PLL.obj</file>
         <name>PLL.obj</name>
      </input_file>
      <input_file id="fl-7">
         <path>.\lib\</path>
         <kind>object</kind>
         <file>aic3204.obj</file>
         <name>aic3204.obj</name>
      </input_file>
      <input_file id="fl-8">
         <path>.\lib\</path>
         <kind>object</kind>
         <file>aic3204_init.obj</file>
         <name>aic3204_init.obj</name>
      </input_file>
      <input_file id="fl-9">
         <path>.\lib\</path>
         <kind>object</kind>
         <file>bargraph5515.obj</file>
         <name>bargraph5515.obj</name>
      </input_file>
      <input_file id="fl-a">
         <path>.\lib\</path>
         <kind>object</kind>
         <file>oled5515.obj</file>
         <name>oled5515.obj</name>
      </input_file>
      <input_file id="fl-b">
         <path>.\lib\</path>
         <kind>object</kind>
         <file>pushbuttons5515.obj</file>
         <name>pushbuttons5515.obj</name>
      </input_file>
      <input_file id="fl-c">
         <path>.\lib\</path>
         <kind>object</kind>
         <file>stereo.obj</file>
         <name>stereo.obj</name>
      </input_file>
      <input_file id="fl-d">
         <path>.\lib\</path>
         <kind>object</kind>
         <file>usbstk5505.obj</file>
         <name>usbstk5505.obj</name>
      </input_file>
      <input_file id="fl-e">
         <path>.\lib\</path>
         <kind>object</kind>
         <file>usbstk5505_gpio.obj</file>
         <name>usbstk5505_gpio.obj</name>
      </input_file>
      <input_file id="fl-f">
         <path>.\lib\</path>
         <kind>object</kind>
         <file>usbstk5505_i2c.obj</file>
         <name>usbstk5505_i2c.obj</name>
      </input_file>
      <input_file id="fl-10">
         <path>.\lib\</path>
         <kind>object</kind>
         <file>usbstk5505_led.obj</file>
         <name>usbstk5505_led.obj</name>
      </input_file>
      <input_file id="fl-11">
         <path>.\lib\</path>
         <kind>object</kind>
         <file>usbstk5515.obj</file>
         <name>usbstk5515.obj</name>
      </input_file>
      <input_file id="fl-12">
         <path>.\lib\</path>
         <kind>object</kind>
         <file>usbstk5515_gpio.obj</file>
         <name>usbstk5515_gpio.obj</name>
      </input_file>
      <input_file id="fl-13">
         <path>.\lib\</path>
         <kind>object</kind>
         <file>usbstk5515_i2c.obj</file>
         <name>usbstk5515_i2c.obj</name>
      </input_file>
      <input_file id="fl-14">
         <path>.\lib\</path>
         <kind>object</kind>
         <file>usbstk5515_led.obj</file>
         <name>usbstk5515_led.obj</name>
      </input_file>
      <input_file id="fl-1a">
         <path>..\lib\</path>
         <kind>archive</kind>
         <file>CSLc55x5h.lib</file>
         <name>csl_pll.obj</name>
      </input_file>
      <input_file id="fl-1b">
         <path>C:\ti\ccs910\ccs\tools\compiler\c5500_4.4.1\lib\</path>
         <kind>archive</kind>
         <file>rts55h.lib</file>
         <name>boot.obj</name>
      </input_file>
      <input_file id="fl-1c">
         <path>C:\ti\ccs910\ccs\tools\compiler\c5500_4.4.1\lib\</path>
         <kind>archive</kind>
         <file>rts55h.lib</file>
         <name>exit.obj</name>
      </input_file>
      <input_file id="fl-1d">
         <path>C:\ti\ccs910\ccs\tools\compiler\c5500_4.4.1\lib\</path>
         <kind>archive</kind>
         <file>rts55h.lib</file>
         <name>fclose.obj</name>
      </input_file>
      <input_file id="fl-1e">
         <path>C:\ti\ccs910\ccs\tools\compiler\c5500_4.4.1\lib\</path>
         <kind>archive</kind>
         <file>rts55h.lib</file>
         <name>fflush.obj</name>
      </input_file>
      <input_file id="fl-1f">
         <path>C:\ti\ccs910\ccs\tools\compiler\c5500_4.4.1\lib\</path>
         <kind>archive</kind>
         <file>rts55h.lib</file>
         <name>fopen.obj</name>
      </input_file>
      <input_file id="fl-20">
         <path>C:\ti\ccs910\ccs\tools\compiler\c5500_4.4.1\lib\</path>
         <kind>archive</kind>
         <file>rts55h.lib</file>
         <name>fread.obj</name>
      </input_file>
      <input_file id="fl-21">
         <path>C:\ti\ccs910\ccs\tools\compiler\c5500_4.4.1\lib\</path>
         <kind>archive</kind>
         <file>rts55h.lib</file>
         <name>fwrite.obj</name>
      </input_file>
      <input_file id="fl-22">
         <path>C:\ti\ccs910\ccs\tools\compiler\c5500_4.4.1\lib\</path>
         <kind>archive</kind>
         <file>rts55h.lib</file>
         <name>idiv.obj</name>
      </input_file>
      <input_file id="fl-23">
         <path>C:\ti\ccs910\ccs\tools\compiler\c5500_4.4.1\lib\</path>
         <kind>archive</kind>
         <file>rts55h.lib</file>
         <name>lmpy.obj</name>
      </input_file>
      <input_file id="fl-24">
         <path>C:\ti\ccs910\ccs\tools\compiler\c5500_4.4.1\lib\</path>
         <kind>archive</kind>
         <file>rts55h.lib</file>
         <name>lowlev.obj</name>
      </input_file>
      <input_file id="fl-25">
         <path>C:\ti\ccs910\ccs\tools\compiler\c5500_4.4.1\lib\</path>
         <kind>archive</kind>
         <file>rts55h.lib</file>
         <name>memcpy.obj</name>
      </input_file>
      <input_file id="fl-26">
         <path>C:\ti\ccs910\ccs\tools\compiler\c5500_4.4.1\lib\</path>
         <kind>archive</kind>
         <file>rts55h.lib</file>
         <name>memory.obj</name>
      </input_file>
      <input_file id="fl-27">
         <path>C:\ti\ccs910\ccs\tools\compiler\c5500_4.4.1\lib\</path>
         <kind>archive</kind>
         <file>rts55h.lib</file>
         <name>memset.obj</name>
      </input_file>
      <input_file id="fl-28">
         <path>C:\ti\ccs910\ccs\tools\compiler\c5500_4.4.1\lib\</path>
         <kind>archive</kind>
         <file>rts55h.lib</file>
         <name>printf.obj</name>
      </input_file>
      <input_file id="fl-29">
         <path>C:\ti\ccs910\ccs\tools\compiler\c5500_4.4.1\lib\</path>
         <kind>archive</kind>
         <file>rts55h.lib</file>
         <name>remove.obj</name>
      </input_file>
      <input_file id="fl-2a">
         <path>C:\ti\ccs910\ccs\tools\compiler\c5500_4.4.1\lib\</path>
         <kind>archive</kind>
         <file>rts55h.lib</file>
         <name>trgdrv.obj</name>
      </input_file>
      <input_file id="fl-2b">
         <path>C:\ti\ccs910\ccs\tools\compiler\c5500_4.4.1\lib\</path>
         <kind>archive</kind>
         <file>rts55h.lib</file>
         <name>trgmsg.obj</name>
      </input_file>
      <input_file id="fl-2c">
         <path>C:\ti\ccs910\ccs\tools\compiler\c5500_4.4.1\lib\</path>
         <kind>archive</kind>
         <file>rts55h.lib</file>
         <name>vectors.obj</name>
      </input_file>
      <input_file id="fl-2d">
         <path>C:\ti\ccs910\ccs\tools\compiler\c5500_4.4.1\lib\</path>
         <kind>archive</kind>
         <file>rts55h.lib</file>
         <name>_bufread.obj</name>
      </input_file>
      <input_file id="fl-2e">
         <path>C:\ti\ccs910\ccs\tools\compiler\c5500_4.4.1\lib\</path>
         <kind>archive</kind>
         <file>rts55h.lib</file>
         <name>_io_perm.obj</name>
      </input_file>
      <input_file id="fl-2f">
         <path>C:\ti\ccs910\ccs\tools\compiler\c5500_4.4.1\lib\</path>
         <kind>archive</kind>
         <file>rts55h.lib</file>
         <name>_lock.obj</name>
      </input_file>
      <input_file id="fl-30">
         <path>C:\ti\ccs910\ccs\tools\compiler\c5500_4.4.1\lib\</path>
         <kind>archive</kind>
         <file>rts55h.lib</file>
         <name>_printfi.obj</name>
      </input_file>
      <input_file id="fl-31">
         <path>C:\ti\ccs910\ccs\tools\compiler\c5500_4.4.1\lib\</path>
         <kind>archive</kind>
         <file>rts55h.lib</file>
         <name>args_main.obj</name>
      </input_file>
      <input_file id="fl-32">
         <path>C:\ti\ccs910\ccs\tools\compiler\c5500_4.4.1\lib\</path>
         <kind>archive</kind>
         <file>rts55h.lib</file>
         <name>atoi.obj</name>
      </input_file>
      <input_file id="fl-33">
         <path>C:\ti\ccs910\ccs\tools\compiler\c5500_4.4.1\lib\</path>
         <kind>archive</kind>
         <file>rts55h.lib</file>
         <name>autoinit.obj</name>
      </input_file>
      <input_file id="fl-34">
         <path>C:\ti\ccs910\ccs\tools\compiler\c5500_4.4.1\lib\</path>
         <kind>archive</kind>
         <file>rts55h.lib</file>
         <name>cmpd.obj</name>
      </input_file>
      <input_file id="fl-35">
         <path>C:\ti\ccs910\ccs\tools\compiler\c5500_4.4.1\lib\</path>
         <kind>archive</kind>
         <file>rts55h.lib</file>
         <name>ctype.obj</name>
      </input_file>
      <input_file id="fl-36">
         <path>C:\ti\ccs910\ccs\tools\compiler\c5500_4.4.1\lib\</path>
         <kind>archive</kind>
         <file>rts55h.lib</file>
         <name>defs.obj</name>
      </input_file>
      <input_file id="fl-37">
         <path>C:\ti\ccs910\ccs\tools\compiler\c5500_4.4.1\lib\</path>
         <kind>archive</kind>
         <file>rts55h.lib</file>
         <name>divd.obj</name>
      </input_file>
      <input_file id="fl-38">
         <path>C:\ti\ccs910\ccs\tools\compiler\c5500_4.4.1\lib\</path>
         <kind>archive</kind>
         <file>rts55h.lib</file>
         <name>divul.obj</name>
      </input_file>
      <input_file id="fl-39">
         <path>C:\ti\ccs910\ccs\tools\compiler\c5500_4.4.1\lib\</path>
         <kind>archive</kind>
         <file>rts55h.lib</file>
         <name>fixdi.obj</name>
      </input_file>
      <input_file id="fl-3a">
         <path>C:\ti\ccs910\ccs\tools\compiler\c5500_4.4.1\lib\</path>
         <kind>archive</kind>
         <file>rts55h.lib</file>
         <name>fixdli.obj</name>
      </input_file>
      <input_file id="fl-3b">
         <path>C:\ti\ccs910\ccs\tools\compiler\c5500_4.4.1\lib\</path>
         <kind>archive</kind>
         <file>rts55h.lib</file>
         <name>fltlid.obj</name>
      </input_file>
      <input_file id="fl-3c">
         <path>C:\ti\ccs910\ccs\tools\compiler\c5500_4.4.1\lib\</path>
         <kind>archive</kind>
         <file>rts55h.lib</file>
         <name>fputc.obj</name>
      </input_file>
      <input_file id="fl-3d">
         <path>C:\ti\ccs910\ccs\tools\compiler\c5500_4.4.1\lib\</path>
         <kind>archive</kind>
         <file>rts55h.lib</file>
         <name>fputs.obj</name>
      </input_file>
      <input_file id="fl-3e">
         <path>C:\ti\ccs910\ccs\tools\compiler\c5500_4.4.1\lib\</path>
         <kind>archive</kind>
         <file>rts55h.lib</file>
         <name>frcmpyd_div.obj</name>
      </input_file>
      <input_file id="fl-3f">
         <path>C:\ti\ccs910\ccs\tools\compiler\c5500_4.4.1\lib\</path>
         <kind>archive</kind>
         <file>rts55h.lib</file>
         <name>fseek.obj</name>
      </input_file>
      <input_file id="fl-40">
         <path>C:\ti\ccs910\ccs\tools\compiler\c5500_4.4.1\lib\</path>
         <kind>archive</kind>
         <file>rts55h.lib</file>
         <name>isinf.obj</name>
      </input_file>
      <input_file id="fl-41">
         <path>C:\ti\ccs910\ccs\tools\compiler\c5500_4.4.1\lib\</path>
         <kind>archive</kind>
         <file>rts55h.lib</file>
         <name>llmpy.obj</name>
      </input_file>
      <input_file id="fl-42">
         <path>C:\ti\ccs910\ccs\tools\compiler\c5500_4.4.1\lib\</path>
         <kind>archive</kind>
         <file>rts55h.lib</file>
         <name>ltoa.obj</name>
      </input_file>
      <input_file id="fl-43">
         <path>C:\ti\ccs910\ccs\tools\compiler\c5500_4.4.1\lib\</path>
         <kind>archive</kind>
         <file>rts55h.lib</file>
         <name>memccpy.obj</name>
      </input_file>
      <input_file id="fl-44">
         <path>C:\ti\ccs910\ccs\tools\compiler\c5500_4.4.1\lib\</path>
         <kind>archive</kind>
         <file>rts55h.lib</file>
         <name>mpyd.obj</name>
      </input_file>
      <input_file id="fl-45">
         <path>C:\ti\ccs910\ccs\tools\compiler\c5500_4.4.1\lib\</path>
         <kind>archive</kind>
         <file>rts55h.lib</file>
         <name>negd.obj</name>
      </input_file>
      <input_file id="fl-46">
         <path>C:\ti\ccs910\ccs\tools\compiler\c5500_4.4.1\lib\</path>
         <kind>archive</kind>
         <file>rts55h.lib</file>
         <name>remli.obj</name>
      </input_file>
      <input_file id="fl-47">
         <path>C:\ti\ccs910\ccs\tools\compiler\c5500_4.4.1\lib\</path>
         <kind>archive</kind>
         <file>rts55h.lib</file>
         <name>remul.obj</name>
      </input_file>
      <input_file id="fl-48">
         <path>C:\ti\ccs910\ccs\tools\compiler\c5500_4.4.1\lib\</path>
         <kind>archive</kind>
         <file>rts55h.lib</file>
         <name>setvbuf.obj</name>
      </input_file>
      <input_file id="fl-49">
         <path>C:\ti\ccs910\ccs\tools\compiler\c5500_4.4.1\lib\</path>
         <kind>archive</kind>
         <file>rts55h.lib</file>
         <name>subd.obj</name>
      </input_file>
      <input_file id="fl-4a">
         <path>C:\ti\ccs910\ccs\tools\compiler\c5500_4.4.1\lib\</path>
         <kind>archive</kind>
         <file>rts55h.lib</file>
         <name>udiv.obj</name>
      </input_file>
      <input_file id="fl-4b">
         <path>C:\ti\ccs910\ccs\tools\compiler\c5500_4.4.1\lib\</path>
         <kind>archive</kind>
         <file>rts55h.lib</file>
         <name>addd.obj</name>
      </input_file>
      <input_file id="fl-4c">
         <path>C:\ti\ccs910\ccs\tools\compiler\c5500_4.4.1\lib\</path>
         <kind>archive</kind>
         <file>rts55h.lib</file>
         <name>divli.obj</name>
      </input_file>
      <input_file id="fl-4d">
         <path>C:\ti\ccs910\ccs\tools\compiler\c5500_4.4.1\lib\</path>
         <kind>archive</kind>
         <file>rts55h.lib</file>
         <name>frcmpyd.obj</name>
      </input_file>
   </input_file_list>
   <object_component_list>
      <object_component id="oc-e3">
         <name>.text</name>
         <load_address>0x20000</load_address>
         <run_address>0x20000</run_address>
         <size>0x1533</size>
         <input_file_ref idref="fl-30"/>
      </object_component>
      <object_component id="oc-3c">
         <name>.text</name>
         <load_address>0x21533</load_address>
         <run_address>0x21533</run_address>
         <size>0x85b</size>
         <input_file_ref idref="fl-a"/>
      </object_component>
      <object_component id="oc-c6">
         <name>.text</name>
         <load_address>0x21d8e</load_address>
         <run_address>0x21d8e</run_address>
         <size>0x538</size>
         <input_file_ref idref="fl-2a"/>
      </object_component>
      <object_component id="oc-b3">
         <name>.text</name>
         <load_address>0x222c6</load_address>
         <run_address>0x222c6</run_address>
         <size>0x533</size>
         <input_file_ref idref="fl-26"/>
      </object_component>
      <object_component id="oc-31">
         <name>.text</name>
         <load_address>0x227f9</load_address>
         <run_address>0x227f9</run_address>
         <size>0x522</size>
         <input_file_ref idref="fl-8"/>
      </object_component>
      <object_component id="oc-a9">
         <name>.text</name>
         <load_address>0x22d1b</load_address>
         <run_address>0x22d1b</run_address>
         <size>0x518</size>
         <input_file_ref idref="fl-24"/>
      </object_component>
      <object_component id="oc-ff">
         <name>.text</name>
         <load_address>0x23233</load_address>
         <run_address>0x23233</run_address>
         <size>0x3c7</size>
         <input_file_ref idref="fl-37"/>
      </object_component>
      <object_component id="oc-16">
         <name>.text</name>
         <load_address>0x235fa</load_address>
         <run_address>0x235fa</run_address>
         <size>0x391</size>
         <input_file_ref idref="fl-3"/>
      </object_component>
      <object_component id="oc-23">
         <name>.text</name>
         <load_address>0x2398b</load_address>
         <run_address>0x2398b</run_address>
         <size>0x340</size>
         <input_file_ref idref="fl-6"/>
      </object_component>
      <object_component id="oc-43">
         <name>.text</name>
         <load_address>0x23ccb</load_address>
         <run_address>0x23ccb</run_address>
         <size>0x2b6</size>
         <input_file_ref idref="fl-b"/>
      </object_component>
      <object_component id="oc-7b">
         <name>.text</name>
         <load_address>0x23f81</load_address>
         <run_address>0x23f81</run_address>
         <size>0x2ad</size>
         <input_file_ref idref="fl-1a"/>
      </object_component>
      <object_component id="oc-93">
         <name>.text</name>
         <load_address>0x2422e</load_address>
         <run_address>0x2422e</run_address>
         <size>0x26c</size>
         <input_file_ref idref="fl-1f"/>
      </object_component>
      <object_component id="oc-37">
         <name>.text</name>
         <load_address>0x2449a</load_address>
         <run_address>0x2449a</run_address>
         <size>0x25c</size>
         <input_file_ref idref="fl-9"/>
      </object_component>
      <object_component id="oc-129">
         <name>.text</name>
         <load_address>0x246f6</load_address>
         <run_address>0x246f6</run_address>
         <size>0x25c</size>
         <input_file_ref idref="fl-41"/>
      </object_component>
      <object_component id="oc-151">
         <name>.text</name>
         <load_address>0x24952</load_address>
         <run_address>0x24952</run_address>
         <size>0x257</size>
         <input_file_ref idref="fl-4b"/>
      </object_component>
      <object_component id="oc-9d">
         <name>.text</name>
         <load_address>0x24ba9</load_address>
         <run_address>0x24ba9</run_address>
         <size>0x226</size>
         <input_file_ref idref="fl-21"/>
      </object_component>
      <object_component id="oc-f5">
         <name>.text</name>
         <load_address>0x24dcf</load_address>
         <run_address>0x24dcf</run_address>
         <size>0x1ea</size>
         <input_file_ref idref="fl-34"/>
      </object_component>
      <object_component id="oc-76">
         <name>.text</name>
         <load_address>0x24fb9</load_address>
         <run_address>0x24fb9</run_address>
         <size>0x1c9</size>
         <input_file_ref idref="fl-14"/>
      </object_component>
      <object_component id="oc-118">
         <name>.text</name>
         <load_address>0x25182</load_address>
         <run_address>0x25182</run_address>
         <size>0x17b</size>
         <input_file_ref idref="fl-3d"/>
      </object_component>
      <object_component id="oc-54">
         <name>.text</name>
         <load_address>0x252fd</load_address>
         <run_address>0x252fd</run_address>
         <size>0x164</size>
         <input_file_ref idref="fl-e"/>
      </object_component>
      <object_component id="oc-6a">
         <name>.text</name>
         <load_address>0x25461</load_address>
         <run_address>0x25461</run_address>
         <size>0x156</size>
         <input_file_ref idref="fl-12"/>
      </object_component>
      <object_component id="oc-135">
         <name>.text</name>
         <load_address>0x255b7</load_address>
         <run_address>0x255b7</run_address>
         <size>0x14b</size>
         <input_file_ref idref="fl-44"/>
      </object_component>
      <object_component id="oc-99">
         <name>.text</name>
         <load_address>0x25702</load_address>
         <run_address>0x25702</run_address>
         <size>0x148</size>
         <input_file_ref idref="fl-20"/>
      </object_component>
      <object_component id="oc-6f">
         <name>.text</name>
         <load_address>0x2584a</load_address>
         <run_address>0x2584a</run_address>
         <size>0x13e</size>
         <input_file_ref idref="fl-13"/>
      </object_component>
      <object_component id="oc-2b">
         <name>.text</name>
         <load_address>0x25988</load_address>
         <run_address>0x25988</run_address>
         <size>0x13b</size>
         <input_file_ref idref="fl-7"/>
      </object_component>
      <object_component id="oc-12">
         <name>.text</name>
         <load_address>0x25ac3</load_address>
         <run_address>0x25ac3</run_address>
         <size>0x13b</size>
         <input_file_ref idref="fl-2"/>
      </object_component>
      <object_component id="oc-59">
         <name>.text</name>
         <load_address>0x25bfe</load_address>
         <run_address>0x25bfe</run_address>
         <size>0x12a</size>
         <input_file_ref idref="fl-f"/>
      </object_component>
      <object_component id="oc-1b">
         <name>.text</name>
         <load_address>0x25d28</load_address>
         <run_address>0x25d28</run_address>
         <size>0xfb</size>
         <input_file_ref idref="fl-4"/>
      </object_component>
      <object_component id="oc-145">
         <name>.text</name>
         <load_address>0x25e23</load_address>
         <run_address>0x25e23</run_address>
         <size>0xf3</size>
         <input_file_ref idref="fl-48"/>
      </object_component>
      <object_component id="oc-d9">
         <name>.text</name>
         <load_address>0x25f16</load_address>
         <run_address>0x25f16</run_address>
         <size>0xda</size>
         <input_file_ref idref="fl-2e"/>
      </object_component>
      <object_component id="oc-ce">
         <name>.text:CIO_breakpoint</name>
         <load_address>0x25ff0</load_address>
         <run_address>0x25ff0</run_address>
         <size>0xbe</size>
         <input_file_ref idref="fl-2b"/>
      </object_component>
      <object_component id="oc-8f">
         <name>.text</name>
         <load_address>0x260ae</load_address>
         <run_address>0x260ae</run_address>
         <size>0xba</size>
         <input_file_ref idref="fl-1e"/>
      </object_component>
      <object_component id="oc-d5">
         <name>.text</name>
         <load_address>0x26168</load_address>
         <run_address>0x26168</run_address>
         <size>0xa6</size>
         <input_file_ref idref="fl-2d"/>
      </object_component>
      <object_component id="oc-114">
         <name>.text</name>
         <load_address>0x2620e</load_address>
         <run_address>0x2620e</run_address>
         <size>0xa2</size>
         <input_file_ref idref="fl-3c"/>
      </object_component>
      <object_component id="oc-103">
         <name>.text</name>
         <load_address>0x262b0</load_address>
         <run_address>0x262b0</run_address>
         <size>0xa0</size>
         <input_file_ref idref="fl-38"/>
      </object_component>
      <object_component id="oc-12d">
         <name>.text</name>
         <load_address>0x26350</load_address>
         <run_address>0x26350</run_address>
         <size>0x79</size>
         <input_file_ref idref="fl-42"/>
      </object_component>
      <object_component id="oc-8b">
         <name>.text</name>
         <load_address>0x263c9</load_address>
         <run_address>0x263c9</run_address>
         <size>0x76</size>
         <input_file_ref idref="fl-1d"/>
      </object_component>
      <object_component id="oc-159">
         <name>.text</name>
         <load_address>0x2643f</load_address>
         <run_address>0x2643f</run_address>
         <size>0x76</size>
         <input_file_ref idref="fl-4d"/>
      </object_component>
      <object_component id="oc-11d">
         <name>.text</name>
         <load_address>0x264b5</load_address>
         <run_address>0x264b5</run_address>
         <size>0x73</size>
         <input_file_ref idref="fl-3e"/>
      </object_component>
      <object_component id="oc-141">
         <name>.text</name>
         <load_address>0x26528</load_address>
         <run_address>0x26528</run_address>
         <size>0x70</size>
         <input_file_ref idref="fl-47"/>
      </object_component>
      <object_component id="oc-10b">
         <name>.text</name>
         <load_address>0x26598</load_address>
         <run_address>0x26598</run_address>
         <size>0x6e</size>
         <input_file_ref idref="fl-3a"/>
      </object_component>
      <object_component id="oc-cb">
         <name>.text</name>
         <load_address>0x26606</load_address>
         <run_address>0x26606</run_address>
         <size>0x6b</size>
         <input_file_ref idref="fl-2b"/>
      </object_component>
      <object_component id="oc-121">
         <name>.text</name>
         <load_address>0x26671</load_address>
         <run_address>0x26671</run_address>
         <size>0x68</size>
         <input_file_ref idref="fl-3f"/>
      </object_component>
      <object_component id="oc-10f">
         <name>.text</name>
         <load_address>0x266d9</load_address>
         <run_address>0x266d9</run_address>
         <size>0x67</size>
         <input_file_ref idref="fl-3b"/>
      </object_component>
      <object_component id="oc-ed">
         <name>.text</name>
         <load_address>0x26740</load_address>
         <run_address>0x26740</run_address>
         <size>0x59</size>
         <input_file_ref idref="fl-32"/>
      </object_component>
      <object_component id="oc-af">
         <name>.text</name>
         <load_address>0x26799</load_address>
         <run_address>0x26799</run_address>
         <size>0x56</size>
         <input_file_ref idref="fl-25"/>
      </object_component>
      <object_component id="oc-4f">
         <name>.text</name>
         <load_address>0x267ef</load_address>
         <run_address>0x267ef</run_address>
         <size>0x54</size>
         <input_file_ref idref="fl-d"/>
      </object_component>
      <object_component id="oc-65">
         <name>.text</name>
         <load_address>0x26843</load_address>
         <run_address>0x26843</run_address>
         <size>0x54</size>
         <input_file_ref idref="fl-11"/>
      </object_component>
      <object_component id="oc-be">
         <name>.text</name>
         <load_address>0x26897</load_address>
         <run_address>0x26897</run_address>
         <size>0x4e</size>
         <input_file_ref idref="fl-28"/>
      </object_component>
      <object_component id="oc-f1">
         <name>.text</name>
         <load_address>0x268e5</load_address>
         <run_address>0x268e5</run_address>
         <size>0x4d</size>
         <input_file_ref idref="fl-33"/>
      </object_component>
      <object_component id="oc-13d">
         <name>.text</name>
         <load_address>0x26932</load_address>
         <run_address>0x26932</run_address>
         <size>0x4b</size>
         <input_file_ref idref="fl-46"/>
      </object_component>
      <object_component id="oc-e9">
         <name>.text</name>
         <load_address>0x2697d</load_address>
         <run_address>0x2697d</run_address>
         <size>0x49</size>
         <input_file_ref idref="fl-31"/>
      </object_component>
      <object_component id="oc-155">
         <name>.text</name>
         <load_address>0x269c6</load_address>
         <run_address>0x269c6</run_address>
         <size>0x48</size>
         <input_file_ref idref="fl-4c"/>
      </object_component>
      <object_component id="oc-84">
         <name>.text</name>
         <load_address>0x26a0e</load_address>
         <run_address>0x26a0e</run_address>
         <size>0x3e</size>
         <input_file_ref idref="fl-1c"/>
      </object_component>
      <object_component id="oc-a1">
         <name>.text</name>
         <load_address>0x26a4c</load_address>
         <run_address>0x26a4c</run_address>
         <size>0x3c</size>
         <input_file_ref idref="fl-22"/>
      </object_component>
      <object_component id="oc-10">
         <name>.text</name>
         <load_address>0x26a88</load_address>
         <run_address>0x26a88</run_address>
         <size>0x34</size>
         <input_file_ref idref="fl-1b"/>
      </object_component>
      <object_component id="oc-60">
         <name>.text</name>
         <load_address>0x26abc</load_address>
         <run_address>0x26abc</run_address>
         <size>0x2d</size>
         <input_file_ref idref="fl-10"/>
      </object_component>
      <object_component id="oc-107">
         <name>.text</name>
         <load_address>0x26ae9</load_address>
         <run_address>0x26ae9</run_address>
         <size>0x2a</size>
         <input_file_ref idref="fl-39"/>
      </object_component>
      <object_component id="oc-14d">
         <name>.text</name>
         <load_address>0x26b13</load_address>
         <run_address>0x26b13</run_address>
         <size>0x2a</size>
         <input_file_ref idref="fl-4a"/>
      </object_component>
      <object_component id="oc-131">
         <name>.text</name>
         <load_address>0x26b3d</load_address>
         <run_address>0x26b3d</run_address>
         <size>0x22</size>
         <input_file_ref idref="fl-43"/>
      </object_component>
      <object_component id="oc-ba">
         <name>.text</name>
         <load_address>0x26b5f</load_address>
         <run_address>0x26b5f</run_address>
         <size>0x1f</size>
         <input_file_ref idref="fl-27"/>
      </object_component>
      <object_component id="oc-4a">
         <name>.text</name>
         <load_address>0x26b7e</load_address>
         <run_address>0x26b7e</run_address>
         <size>0x1c</size>
         <input_file_ref idref="fl-c"/>
      </object_component>
      <object_component id="oc-125">
         <name>.text</name>
         <load_address>0x26b9a</load_address>
         <run_address>0x26b9a</run_address>
         <size>0x1a</size>
         <input_file_ref idref="fl-40"/>
      </object_component>
      <object_component id="oc-149">
         <name>.text</name>
         <load_address>0x26bb4</load_address>
         <run_address>0x26bb4</run_address>
         <size>0x14</size>
         <input_file_ref idref="fl-49"/>
      </object_component>
      <object_component id="oc-a5">
         <name>.text</name>
         <load_address>0x26bc8</load_address>
         <run_address>0x26bc8</run_address>
         <size>0x13</size>
         <input_file_ref idref="fl-23"/>
      </object_component>
      <object_component id="oc-dd">
         <name>.text</name>
         <load_address>0x26bdb</load_address>
         <run_address>0x26bdb</run_address>
         <size>0x12</size>
         <input_file_ref idref="fl-2f"/>
      </object_component>
      <object_component id="oc-139">
         <name>.text</name>
         <load_address>0x26bed</load_address>
         <run_address>0x26bed</run_address>
         <size>0x10</size>
         <input_file_ref idref="fl-45"/>
      </object_component>
      <object_component id="oc-c2">
         <name>.text</name>
         <load_address>0x26bfd</load_address>
         <run_address>0x26bfd</run_address>
         <size>0xa</size>
         <input_file_ref idref="fl-29"/>
      </object_component>
      <object_component id="oc-88">
         <name>.text:CIO_breakpoint</name>
         <load_address>0x26c07</load_address>
         <run_address>0x26c07</run_address>
         <size>0x7</size>
         <input_file_ref idref="fl-1c"/>
      </object_component>
      <object_component id="oc-d1">
         <name>.text</name>
         <load_address>0x26c0e</load_address>
         <run_address>0x26c0e</run_address>
         <size>0x2</size>
         <input_file_ref idref="fl-2c"/>
      </object_component>
      <object_component id="oc-80">
         <name>.stack</name>
         <uninitialized>true</uninitialized>
         <run_address>0xc0</run_address>
         <size>0x0</size>
         <input_file_ref idref="fl-1b"/>
      </object_component>
      <object_component id="oc-178">
         <name>.stack</name>
         <uninitialized>true</uninitialized>
         <run_address>0xc0</run_address>
         <size>0x0</size>
      </object_component>
      <object_component id="oc-15d">
         <name>.sysstack</name>
         <uninitialized>true</uninitialized>
         <run_address>0x20c0</run_address>
         <size>0x0</size>
         <input_file_ref idref="fl-1b"/>
      </object_component>
      <object_component id="oc-17a">
         <name>.sysstack</name>
         <uninitialized>true</uninitialized>
         <run_address>0x20c0</run_address>
         <size>0x0</size>
      </object_component>
      <object_component id="oc-fb">
         <name>.bss</name>
         <uninitialized>true</uninitialized>
         <run_address>0x5b7c</run_address>
         <size>0x232</size>
         <input_file_ref idref="fl-36"/>
      </object_component>
      <object_component id="oc-c7">
         <name>.bss</name>
         <uninitialized>true</uninitialized>
         <run_address>0x5dae</run_address>
         <size>0x1a0</size>
         <input_file_ref idref="fl-2a"/>
      </object_component>
      <object_component id="oc-3d">
         <name>.bss</name>
         <uninitialized>true</uninitialized>
         <run_address>0x5f4e</run_address>
         <size>0x178</size>
         <input_file_ref idref="fl-a"/>
      </object_component>
      <object_component id="oc-94">
         <name>.bss</name>
         <uninitialized>true</uninitialized>
         <run_address>0x60c6</run_address>
         <size>0x2</size>
         <input_file_ref idref="fl-1f"/>
      </object_component>
      <object_component id="oc-aa">
         <name>.bss</name>
         <uninitialized>true</uninitialized>
         <run_address>0x60c8</run_address>
         <size>0xe2</size>
         <input_file_ref idref="fl-24"/>
      </object_component>
      <object_component id="oc-5a">
         <name>.bss</name>
         <uninitialized>true</uninitialized>
         <run_address>0x61aa</run_address>
         <size>0x2</size>
         <input_file_ref idref="fl-f"/>
      </object_component>
      <object_component id="oc-24">
         <name>.bss</name>
         <uninitialized>true</uninitialized>
         <run_address>0x61ac</run_address>
         <size>0x6c</size>
         <input_file_ref idref="fl-6"/>
      </object_component>
      <object_component id="oc-44">
         <name>.bss</name>
         <uninitialized>true</uninitialized>
         <run_address>0x6218</run_address>
         <size>0x18</size>
         <input_file_ref idref="fl-b"/>
      </object_component>
      <object_component id="oc-b4">
         <name>.bss</name>
         <uninitialized>true</uninitialized>
         <run_address>0x6230</run_address>
         <size>0xe</size>
         <input_file_ref idref="fl-26"/>
      </object_component>
      <object_component id="oc-70">
         <name>.bss</name>
         <uninitialized>true</uninitialized>
         <run_address>0x623e</run_address>
         <size>0x2</size>
         <input_file_ref idref="fl-13"/>
      </object_component>
      <object_component id="oc-de">
         <name>.bss</name>
         <uninitialized>true</uninitialized>
         <run_address>0x6240</run_address>
         <size>0x8</size>
         <input_file_ref idref="fl-2f"/>
      </object_component>
      <object_component id="oc-85">
         <name>.bss</name>
         <uninitialized>true</uninitialized>
         <run_address>0x6248</run_address>
         <size>0x8</size>
         <input_file_ref idref="fl-1c"/>
      </object_component>
      <object_component id="oc-2c">
         <name>.bss</name>
         <uninitialized>true</uninitialized>
         <run_address>0x6250</run_address>
         <size>0x4</size>
         <input_file_ref idref="fl-7"/>
      </object_component>
      <object_component id="oc-27">
         <name>.const:.string</name>
         <load_address>0x50c0</load_address>
         <run_address>0x50c0</run_address>
         <size>0x46c</size>
         <input_file_ref idref="fl-6"/>
      </object_component>
      <object_component id="oc-33">
         <name>.const:.string</name>
         <load_address>0x552c</load_address>
         <run_address>0x552c</run_address>
         <size>0x2e8</size>
         <input_file_ref idref="fl-8"/>
      </object_component>
      <object_component id="oc-15f">
         <name>.const:__ctypes_</name>
         <load_address>0x5814</load_address>
         <run_address>0x5814</run_address>
         <size>0x202</size>
         <input_file_ref idref="fl-35"/>
      </object_component>
      <object_component id="oc-1d">
         <name>.const:.string</name>
         <load_address>0x5a18</load_address>
         <run_address>0x5a18</run_address>
         <size>0xe6</size>
         <input_file_ref idref="fl-4"/>
      </object_component>
      <object_component id="oc-e6">
         <name>.const:.string</name>
         <load_address>0x5b00</load_address>
         <run_address>0x5b00</run_address>
         <size>0x48</size>
         <input_file_ref idref="fl-30"/>
      </object_component>
      <object_component id="oc-e5">
         <name>.const</name>
         <load_address>0x5b48</load_address>
         <run_address>0x5b48</run_address>
         <size>0x18</size>
         <input_file_ref idref="fl-30"/>
      </object_component>
      <object_component id="oc-160">
         <name>.const:_initial_approx$1</name>
         <load_address>0x5b60</load_address>
         <run_address>0x5b60</run_address>
         <size>0x10</size>
         <input_file_ref idref="fl-37"/>
      </object_component>
      <object_component id="oc-11a">
         <name>.const:.string</name>
         <load_address>0x5b70</load_address>
         <run_address>0x5b70</run_address>
         <size>0x4</size>
         <input_file_ref idref="fl-3d"/>
      </object_component>
      <object_component id="oc-15e">
         <name>.const:_$P$T0$1</name>
         <load_address>0x5b74</load_address>
         <run_address>0x5b74</run_address>
         <size>0x4</size>
         <input_file_ref idref="fl-4"/>
      </object_component>
      <object_component id="oc-111">
         <name>.const</name>
         <load_address>0x5b78</load_address>
         <run_address>0x5b78</run_address>
         <size>0x4</size>
         <input_file_ref idref="fl-3b"/>
      </object_component>
      <object_component id="oc-b7">
         <name>.sysmem</name>
         <uninitialized>true</uninitialized>
         <run_address>0x30c0</run_address>
         <size>0x0</size>
         <input_file_ref idref="fl-26"/>
      </object_component>
      <object_component id="oc-179">
         <name>.sysmem</name>
         <uninitialized>true</uninitialized>
         <run_address>0x30c0</run_address>
         <size>0x0</size>
      </object_component>
      <object_component id="oc-3f">
         <name>.cinit</name>
         <load_address>0x40000</load_address>
         <run_address>0x40000</run_address>
         <size>0x184</size>
         <input_file_ref idref="fl-a"/>
      </object_component>
      <object_component id="oc-26">
         <name>.cinit</name>
         <load_address>0x40184</load_address>
         <run_address>0x40184</run_address>
         <size>0x8c</size>
         <input_file_ref idref="fl-6"/>
      </object_component>
      <object_component id="oc-ac">
         <name>.cinit</name>
         <load_address>0x40210</load_address>
         <run_address>0x40210</run_address>
         <size>0x5a</size>
         <input_file_ref idref="fl-24"/>
      </object_component>
      <object_component id="oc-fd">
         <name>.cinit</name>
         <load_address>0x4026a</load_address>
         <run_address>0x4026a</run_address>
         <size>0x54</size>
         <input_file_ref idref="fl-36"/>
      </object_component>
      <object_component id="oc-46">
         <name>.cinit</name>
         <load_address>0x402be</load_address>
         <run_address>0x402be</run_address>
         <size>0x48</size>
         <input_file_ref idref="fl-b"/>
      </object_component>
      <object_component id="oc-e0">
         <name>.cinit</name>
         <load_address>0x40306</load_address>
         <run_address>0x40306</run_address>
         <size>0x14</size>
         <input_file_ref idref="fl-2f"/>
      </object_component>
      <object_component id="oc-87">
         <name>.cinit</name>
         <load_address>0x4031a</load_address>
         <run_address>0x4031a</run_address>
         <size>0x14</size>
         <input_file_ref idref="fl-1c"/>
      </object_component>
      <object_component id="oc-96">
         <name>.cinit</name>
         <load_address>0x4032e</load_address>
         <run_address>0x4032e</run_address>
         <size>0x8</size>
         <input_file_ref idref="fl-1f"/>
      </object_component>
      <object_component id="oc-b6">
         <name>.cinit</name>
         <load_address>0x40336</load_address>
         <run_address>0x40336</run_address>
         <size>0x8</size>
         <input_file_ref idref="fl-26"/>
      </object_component>
      <object_component id="oc-5c">
         <name>.cinit</name>
         <load_address>0x4033e</load_address>
         <run_address>0x4033e</run_address>
         <size>0x8</size>
         <input_file_ref idref="fl-f"/>
      </object_component>
      <object_component id="oc-72">
         <name>.cinit</name>
         <load_address>0x40346</load_address>
         <run_address>0x40346</run_address>
         <size>0x8</size>
         <input_file_ref idref="fl-13"/>
      </object_component>
      <object_component id="oc-cd">
         <name>.cio</name>
         <uninitialized>true</uninitialized>
         <run_address>0x40350</run_address>
         <size>0x240</size>
         <input_file_ref idref="fl-2b"/>
      </object_component>
      <object_component id="oc-11">
         <name>vectors</name>
         <load_address>0x4fe00</load_address>
         <run_address>0x4fe00</run_address>
         <size>0x100</size>
         <input_file_ref idref="fl-2c"/>
      </object_component>
      <object_component id="oc-13">
         <name>.debug_info</name>
         <load_address>0x0</load_address>
         <run_address>0x0</run_address>
         <size>0xd0</size>
         <input_file_ref idref="fl-2"/>
      </object_component>
      <object_component id="oc-17">
         <name>.debug_info</name>
         <load_address>0xd0</load_address>
         <run_address>0xd0</run_address>
         <size>0x6ba</size>
         <input_file_ref idref="fl-3"/>
      </object_component>
      <object_component id="oc-1c">
         <name>.debug_info</name>
         <load_address>0x78a</load_address>
         <run_address>0x78a</run_address>
         <size>0x929</size>
         <input_file_ref idref="fl-4"/>
      </object_component>
      <object_component id="oc-21">
         <name>.debug_info</name>
         <load_address>0x10b3</load_address>
         <run_address>0x10b3</run_address>
         <size>0x489</size>
         <input_file_ref idref="fl-5"/>
      </object_component>
      <object_component id="oc-25">
         <name>.debug_info</name>
         <load_address>0x153c</load_address>
         <run_address>0x153c</run_address>
         <size>0x11fd</size>
         <input_file_ref idref="fl-6"/>
      </object_component>
      <object_component id="oc-2d">
         <name>.debug_info</name>
         <load_address>0x2739</load_address>
         <run_address>0x2739</run_address>
         <size>0xccb</size>
         <input_file_ref idref="fl-7"/>
      </object_component>
      <object_component id="oc-32">
         <name>.debug_info</name>
         <load_address>0x3404</load_address>
         <run_address>0x3404</run_address>
         <size>0xe82</size>
         <input_file_ref idref="fl-8"/>
      </object_component>
      <object_component id="oc-38">
         <name>.debug_info</name>
         <load_address>0x4286</load_address>
         <run_address>0x4286</run_address>
         <size>0xbbb</size>
         <input_file_ref idref="fl-9"/>
      </object_component>
      <object_component id="oc-3e">
         <name>.debug_info</name>
         <load_address>0x4e41</load_address>
         <run_address>0x4e41</run_address>
         <size>0x19c8</size>
         <input_file_ref idref="fl-a"/>
      </object_component>
      <object_component id="oc-45">
         <name>.debug_info</name>
         <load_address>0x6809</load_address>
         <run_address>0x6809</run_address>
         <size>0x72f</size>
         <input_file_ref idref="fl-b"/>
      </object_component>
      <object_component id="oc-4b">
         <name>.debug_info</name>
         <load_address>0x6f38</load_address>
         <run_address>0x6f38</run_address>
         <size>0x587</size>
         <input_file_ref idref="fl-c"/>
      </object_component>
      <object_component id="oc-50">
         <name>.debug_info</name>
         <load_address>0x74bf</load_address>
         <run_address>0x74bf</run_address>
         <size>0x69d</size>
         <input_file_ref idref="fl-d"/>
      </object_component>
      <object_component id="oc-55">
         <name>.debug_info</name>
         <load_address>0x7b5c</load_address>
         <run_address>0x7b5c</run_address>
         <size>0x82f</size>
         <input_file_ref idref="fl-e"/>
      </object_component>
      <object_component id="oc-5b">
         <name>.debug_info</name>
         <load_address>0x838b</load_address>
         <run_address>0x838b</run_address>
         <size>0xb4c</size>
         <input_file_ref idref="fl-f"/>
      </object_component>
      <object_component id="oc-61">
         <name>.debug_info</name>
         <load_address>0x8ed7</load_address>
         <run_address>0x8ed7</run_address>
         <size>0x65b</size>
         <input_file_ref idref="fl-10"/>
      </object_component>
      <object_component id="oc-66">
         <name>.debug_info</name>
         <load_address>0x9532</load_address>
         <run_address>0x9532</run_address>
         <size>0x69d</size>
         <input_file_ref idref="fl-11"/>
      </object_component>
      <object_component id="oc-6b">
         <name>.debug_info</name>
         <load_address>0x9bcf</load_address>
         <run_address>0x9bcf</run_address>
         <size>0x82f</size>
         <input_file_ref idref="fl-12"/>
      </object_component>
      <object_component id="oc-71">
         <name>.debug_info</name>
         <load_address>0xa3fe</load_address>
         <run_address>0xa3fe</run_address>
         <size>0xbd5</size>
         <input_file_ref idref="fl-13"/>
      </object_component>
      <object_component id="oc-77">
         <name>.debug_info</name>
         <load_address>0xafd3</load_address>
         <run_address>0xafd3</run_address>
         <size>0xed4</size>
         <input_file_ref idref="fl-14"/>
      </object_component>
      <object_component id="oc-7c">
         <name>.debug_info</name>
         <load_address>0xbea7</load_address>
         <run_address>0xbea7</run_address>
         <size>0x5ff3</size>
         <input_file_ref idref="fl-1a"/>
      </object_component>
      <object_component id="oc-81">
         <name>.debug_info</name>
         <load_address>0x11e9a</load_address>
         <run_address>0x11e9a</run_address>
         <size>0xe8</size>
         <input_file_ref idref="fl-1b"/>
      </object_component>
      <object_component id="oc-86">
         <name>.debug_info</name>
         <load_address>0x11f82</load_address>
         <run_address>0x11f82</run_address>
         <size>0x5fb</size>
         <input_file_ref idref="fl-1c"/>
      </object_component>
      <object_component id="oc-8c">
         <name>.debug_info</name>
         <load_address>0x1257d</load_address>
         <run_address>0x1257d</run_address>
         <size>0x64f</size>
         <input_file_ref idref="fl-1d"/>
      </object_component>
      <object_component id="oc-90">
         <name>.debug_info</name>
         <load_address>0x12bcc</load_address>
         <run_address>0x12bcc</run_address>
         <size>0x706</size>
         <input_file_ref idref="fl-1e"/>
      </object_component>
      <object_component id="oc-95">
         <name>.debug_info</name>
         <load_address>0x132d2</load_address>
         <run_address>0x132d2</run_address>
         <size>0xa1c</size>
         <input_file_ref idref="fl-1f"/>
      </object_component>
      <object_component id="oc-9a">
         <name>.debug_info</name>
         <load_address>0x13cee</load_address>
         <run_address>0x13cee</run_address>
         <size>0x771</size>
         <input_file_ref idref="fl-20"/>
      </object_component>
      <object_component id="oc-9e">
         <name>.debug_info</name>
         <load_address>0x1445f</load_address>
         <run_address>0x1445f</run_address>
         <size>0x921</size>
         <input_file_ref idref="fl-21"/>
      </object_component>
      <object_component id="oc-a2">
         <name>.debug_info</name>
         <load_address>0x14d80</load_address>
         <run_address>0x14d80</run_address>
         <size>0xeb</size>
         <input_file_ref idref="fl-22"/>
      </object_component>
      <object_component id="oc-a6">
         <name>.debug_info</name>
         <load_address>0x14e6b</load_address>
         <run_address>0x14e6b</run_address>
         <size>0xbd</size>
         <input_file_ref idref="fl-23"/>
      </object_component>
      <object_component id="oc-ab">
         <name>.debug_info</name>
         <load_address>0x14f28</load_address>
         <run_address>0x14f28</run_address>
         <size>0x144b</size>
         <input_file_ref idref="fl-24"/>
      </object_component>
      <object_component id="oc-b0">
         <name>.debug_info</name>
         <load_address>0x16373</load_address>
         <run_address>0x16373</run_address>
         <size>0xd1</size>
         <input_file_ref idref="fl-25"/>
      </object_component>
      <object_component id="oc-b5">
         <name>.debug_info</name>
         <load_address>0x16444</load_address>
         <run_address>0x16444</run_address>
         <size>0xba5</size>
         <input_file_ref idref="fl-26"/>
      </object_component>
      <object_component id="oc-bb">
         <name>.debug_info</name>
         <load_address>0x16fe9</load_address>
         <run_address>0x16fe9</run_address>
         <size>0xc5</size>
         <input_file_ref idref="fl-27"/>
      </object_component>
      <object_component id="oc-bf">
         <name>.debug_info</name>
         <load_address>0x170ae</load_address>
         <run_address>0x170ae</run_address>
         <size>0x76c</size>
         <input_file_ref idref="fl-28"/>
      </object_component>
      <object_component id="oc-c3">
         <name>.debug_info</name>
         <load_address>0x1781a</load_address>
         <run_address>0x1781a</run_address>
         <size>0x510</size>
         <input_file_ref idref="fl-29"/>
      </object_component>
      <object_component id="oc-c8">
         <name>.debug_info</name>
         <load_address>0x17d2a</load_address>
         <run_address>0x17d2a</run_address>
         <size>0xed4</size>
         <input_file_ref idref="fl-2a"/>
      </object_component>
      <object_component id="oc-cc">
         <name>.debug_info</name>
         <load_address>0x18bfe</load_address>
         <run_address>0x18bfe</run_address>
         <size>0x744</size>
         <input_file_ref idref="fl-2b"/>
      </object_component>
      <object_component id="oc-d2">
         <name>.debug_info</name>
         <load_address>0x19342</load_address>
         <run_address>0x19342</run_address>
         <size>0xbc</size>
         <input_file_ref idref="fl-2c"/>
      </object_component>
      <object_component id="oc-d6">
         <name>.debug_info</name>
         <load_address>0x193fe</load_address>
         <run_address>0x193fe</run_address>
         <size>0x6b8</size>
         <input_file_ref idref="fl-2d"/>
      </object_component>
      <object_component id="oc-da">
         <name>.debug_info</name>
         <load_address>0x19ab6</load_address>
         <run_address>0x19ab6</run_address>
         <size>0x662</size>
         <input_file_ref idref="fl-2e"/>
      </object_component>
      <object_component id="oc-df">
         <name>.debug_info</name>
         <load_address>0x1a118</load_address>
         <run_address>0x1a118</run_address>
         <size>0x5bc</size>
         <input_file_ref idref="fl-2f"/>
      </object_component>
      <object_component id="oc-e4">
         <name>.debug_info</name>
         <load_address>0x1a6d4</load_address>
         <run_address>0x1a6d4</run_address>
         <size>0x27bd</size>
         <input_file_ref idref="fl-30"/>
      </object_component>
      <object_component id="oc-ea">
         <name>.debug_info</name>
         <load_address>0x1ce91</load_address>
         <run_address>0x1ce91</run_address>
         <size>0x586</size>
         <input_file_ref idref="fl-31"/>
      </object_component>
      <object_component id="oc-ee">
         <name>.debug_info</name>
         <load_address>0x1d417</load_address>
         <run_address>0x1d417</run_address>
         <size>0x5a4</size>
         <input_file_ref idref="fl-32"/>
      </object_component>
      <object_component id="oc-f2">
         <name>.debug_info</name>
         <load_address>0x1d9bb</load_address>
         <run_address>0x1d9bb</run_address>
         <size>0xcd</size>
         <input_file_ref idref="fl-33"/>
      </object_component>
      <object_component id="oc-f6">
         <name>.debug_info</name>
         <load_address>0x1da88</load_address>
         <run_address>0x1da88</run_address>
         <size>0x81f</size>
         <input_file_ref idref="fl-34"/>
      </object_component>
      <object_component id="oc-f9">
         <name>.debug_info</name>
         <load_address>0x1e2a7</load_address>
         <run_address>0x1e2a7</run_address>
         <size>0x498</size>
         <input_file_ref idref="fl-35"/>
      </object_component>
      <object_component id="oc-fc">
         <name>.debug_info</name>
         <load_address>0x1e73f</load_address>
         <run_address>0x1e73f</run_address>
         <size>0x57e</size>
         <input_file_ref idref="fl-36"/>
      </object_component>
      <object_component id="oc-100">
         <name>.debug_info</name>
         <load_address>0x1ecbd</load_address>
         <run_address>0x1ecbd</run_address>
         <size>0x7e8</size>
         <input_file_ref idref="fl-37"/>
      </object_component>
      <object_component id="oc-104">
         <name>.debug_info</name>
         <load_address>0x1f4a5</load_address>
         <run_address>0x1f4a5</run_address>
         <size>0x534</size>
         <input_file_ref idref="fl-38"/>
      </object_component>
      <object_component id="oc-108">
         <name>.debug_info</name>
         <load_address>0x1f9d9</load_address>
         <run_address>0x1f9d9</run_address>
         <size>0x4cf</size>
         <input_file_ref idref="fl-39"/>
      </object_component>
      <object_component id="oc-10c">
         <name>.debug_info</name>
         <load_address>0x1fea8</load_address>
         <run_address>0x1fea8</run_address>
         <size>0x534</size>
         <input_file_ref idref="fl-3a"/>
      </object_component>
      <object_component id="oc-110">
         <name>.debug_info</name>
         <load_address>0x203dc</load_address>
         <run_address>0x203dc</run_address>
         <size>0x549</size>
         <input_file_ref idref="fl-3b"/>
      </object_component>
      <object_component id="oc-115">
         <name>.debug_info</name>
         <load_address>0x20925</load_address>
         <run_address>0x20925</run_address>
         <size>0x6aa</size>
         <input_file_ref idref="fl-3c"/>
      </object_component>
      <object_component id="oc-119">
         <name>.debug_info</name>
         <load_address>0x20fcf</load_address>
         <run_address>0x20fcf</run_address>
         <size>0x942</size>
         <input_file_ref idref="fl-3d"/>
      </object_component>
      <object_component id="oc-11e">
         <name>.debug_info</name>
         <load_address>0x21911</load_address>
         <run_address>0x21911</run_address>
         <size>0x53e</size>
         <input_file_ref idref="fl-3e"/>
      </object_component>
      <object_component id="oc-122">
         <name>.debug_info</name>
         <load_address>0x21e4f</load_address>
         <run_address>0x21e4f</run_address>
         <size>0x5f7</size>
         <input_file_ref idref="fl-3f"/>
      </object_component>
      <object_component id="oc-126">
         <name>.debug_info</name>
         <load_address>0x22446</load_address>
         <run_address>0x22446</run_address>
         <size>0x680</size>
         <input_file_ref idref="fl-40"/>
      </object_component>
      <object_component id="oc-12a">
         <name>.debug_info</name>
         <load_address>0x22ac6</load_address>
         <run_address>0x22ac6</run_address>
         <size>0x7d4</size>
         <input_file_ref idref="fl-41"/>
      </object_component>
      <object_component id="oc-12e">
         <name>.debug_info</name>
         <load_address>0x2329a</load_address>
         <run_address>0x2329a</run_address>
         <size>0x5ad</size>
         <input_file_ref idref="fl-42"/>
      </object_component>
      <object_component id="oc-132">
         <name>.debug_info</name>
         <load_address>0x23847</load_address>
         <run_address>0x23847</run_address>
         <size>0x574</size>
         <input_file_ref idref="fl-43"/>
      </object_component>
      <object_component id="oc-136">
         <name>.debug_info</name>
         <load_address>0x23dbb</load_address>
         <run_address>0x23dbb</run_address>
         <size>0x55b</size>
         <input_file_ref idref="fl-44"/>
      </object_component>
      <object_component id="oc-13a">
         <name>.debug_info</name>
         <load_address>0x24316</load_address>
         <run_address>0x24316</run_address>
         <size>0x4b7</size>
         <input_file_ref idref="fl-45"/>
      </object_component>
      <object_component id="oc-13e">
         <name>.debug_info</name>
         <load_address>0x247cd</load_address>
         <run_address>0x247cd</run_address>
         <size>0x4f2</size>
         <input_file_ref idref="fl-46"/>
      </object_component>
      <object_component id="oc-142">
         <name>.debug_info</name>
         <load_address>0x24cbf</load_address>
         <run_address>0x24cbf</run_address>
         <size>0x534</size>
         <input_file_ref idref="fl-47"/>
      </object_component>
      <object_component id="oc-146">
         <name>.debug_info</name>
         <load_address>0x251f3</load_address>
         <run_address>0x251f3</run_address>
         <size>0x64a</size>
         <input_file_ref idref="fl-48"/>
      </object_component>
      <object_component id="oc-14a">
         <name>.debug_info</name>
         <load_address>0x2583d</load_address>
         <run_address>0x2583d</run_address>
         <size>0x4de</size>
         <input_file_ref idref="fl-49"/>
      </object_component>
      <object_component id="oc-14e">
         <name>.debug_info</name>
         <load_address>0x25d1b</load_address>
         <run_address>0x25d1b</run_address>
         <size>0xef</size>
         <input_file_ref idref="fl-4a"/>
      </object_component>
      <object_component id="oc-152">
         <name>.debug_info</name>
         <load_address>0x25e0a</load_address>
         <run_address>0x25e0a</run_address>
         <size>0x5ab</size>
         <input_file_ref idref="fl-4b"/>
      </object_component>
      <object_component id="oc-156">
         <name>.debug_info</name>
         <load_address>0x263b5</load_address>
         <run_address>0x263b5</run_address>
         <size>0x4f2</size>
         <input_file_ref idref="fl-4c"/>
      </object_component>
      <object_component id="oc-15a">
         <name>.debug_info</name>
         <load_address>0x268a7</load_address>
         <run_address>0x268a7</run_address>
         <size>0x4d2</size>
         <input_file_ref idref="fl-4d"/>
      </object_component>
      <object_component id="oc-181">
         <name>.debug_info</name>
         <load_address>0x26d79</load_address>
         <run_address>0x26d79</run_address>
         <size>0x6e</size>
      </object_component>
      <object_component id="oc-14">
         <name>.debug_line</name>
         <load_address>0x0</load_address>
         <run_address>0x0</run_address>
         <size>0xac</size>
         <input_file_ref idref="fl-2"/>
      </object_component>
      <object_component id="oc-19">
         <name>.debug_line</name>
         <load_address>0xac</load_address>
         <run_address>0xac</run_address>
         <size>0xb3</size>
         <input_file_ref idref="fl-3"/>
      </object_component>
      <object_component id="oc-1f">
         <name>.debug_line</name>
         <load_address>0x15f</load_address>
         <run_address>0x15f</run_address>
         <size>0x7b</size>
         <input_file_ref idref="fl-4"/>
      </object_component>
      <object_component id="oc-29">
         <name>.debug_line</name>
         <load_address>0x1da</load_address>
         <run_address>0x1da</run_address>
         <size>0x146</size>
         <input_file_ref idref="fl-6"/>
      </object_component>
      <object_component id="oc-2f">
         <name>.debug_line</name>
         <load_address>0x320</load_address>
         <run_address>0x320</run_address>
         <size>0x102</size>
         <input_file_ref idref="fl-7"/>
      </object_component>
      <object_component id="oc-35">
         <name>.debug_line</name>
         <load_address>0x422</load_address>
         <run_address>0x422</run_address>
         <size>0x212</size>
         <input_file_ref idref="fl-8"/>
      </object_component>
      <object_component id="oc-3a">
         <name>.debug_line</name>
         <load_address>0x634</load_address>
         <run_address>0x634</run_address>
         <size>0x1ad</size>
         <input_file_ref idref="fl-9"/>
      </object_component>
      <object_component id="oc-41">
         <name>.debug_line</name>
         <load_address>0x7e1</load_address>
         <run_address>0x7e1</run_address>
         <size>0x483</size>
         <input_file_ref idref="fl-a"/>
      </object_component>
      <object_component id="oc-48">
         <name>.debug_line</name>
         <load_address>0xc64</load_address>
         <run_address>0xc64</run_address>
         <size>0x1d9</size>
         <input_file_ref idref="fl-b"/>
      </object_component>
      <object_component id="oc-4d">
         <name>.debug_line</name>
         <load_address>0xe3d</load_address>
         <run_address>0xe3d</run_address>
         <size>0x48</size>
         <input_file_ref idref="fl-c"/>
      </object_component>
      <object_component id="oc-52">
         <name>.debug_line</name>
         <load_address>0xe85</load_address>
         <run_address>0xe85</run_address>
         <size>0x87</size>
         <input_file_ref idref="fl-d"/>
      </object_component>
      <object_component id="oc-57">
         <name>.debug_line</name>
         <load_address>0xf0c</load_address>
         <run_address>0xf0c</run_address>
         <size>0xe1</size>
         <input_file_ref idref="fl-e"/>
      </object_component>
      <object_component id="oc-5e">
         <name>.debug_line</name>
         <load_address>0xfed</load_address>
         <run_address>0xfed</run_address>
         <size>0x11c</size>
         <input_file_ref idref="fl-f"/>
      </object_component>
      <object_component id="oc-63">
         <name>.debug_line</name>
         <load_address>0x1109</load_address>
         <run_address>0x1109</run_address>
         <size>0x90</size>
         <input_file_ref idref="fl-10"/>
      </object_component>
      <object_component id="oc-68">
         <name>.debug_line</name>
         <load_address>0x1199</load_address>
         <run_address>0x1199</run_address>
         <size>0x87</size>
         <input_file_ref idref="fl-11"/>
      </object_component>
      <object_component id="oc-6d">
         <name>.debug_line</name>
         <load_address>0x1220</load_address>
         <run_address>0x1220</run_address>
         <size>0xe1</size>
         <input_file_ref idref="fl-12"/>
      </object_component>
      <object_component id="oc-74">
         <name>.debug_line</name>
         <load_address>0x1301</load_address>
         <run_address>0x1301</run_address>
         <size>0x126</size>
         <input_file_ref idref="fl-13"/>
      </object_component>
      <object_component id="oc-79">
         <name>.debug_line</name>
         <load_address>0x1427</load_address>
         <run_address>0x1427</run_address>
         <size>0x17d</size>
         <input_file_ref idref="fl-14"/>
      </object_component>
      <object_component id="oc-7e">
         <name>.debug_line</name>
         <load_address>0x15a4</load_address>
         <run_address>0x15a4</run_address>
         <size>0x2dd</size>
         <input_file_ref idref="fl-1a"/>
      </object_component>
      <object_component id="oc-82">
         <name>.debug_line</name>
         <load_address>0x1881</load_address>
         <run_address>0x1881</run_address>
         <size>0x54</size>
         <input_file_ref idref="fl-1b"/>
      </object_component>
      <object_component id="oc-89">
         <name>.debug_line</name>
         <load_address>0x18d5</load_address>
         <run_address>0x18d5</run_address>
         <size>0x51</size>
         <input_file_ref idref="fl-1c"/>
      </object_component>
      <object_component id="oc-8d">
         <name>.debug_line</name>
         <load_address>0x1926</load_address>
         <run_address>0x1926</run_address>
         <size>0x3d</size>
         <input_file_ref idref="fl-1d"/>
      </object_component>
      <object_component id="oc-91">
         <name>.debug_line</name>
         <load_address>0x1963</load_address>
         <run_address>0x1963</run_address>
         <size>0x5b</size>
         <input_file_ref idref="fl-1e"/>
      </object_component>
      <object_component id="oc-97">
         <name>.debug_line</name>
         <load_address>0x19be</load_address>
         <run_address>0x19be</run_address>
         <size>0xd7</size>
         <input_file_ref idref="fl-1f"/>
      </object_component>
      <object_component id="oc-9b">
         <name>.debug_line</name>
         <load_address>0x1a95</load_address>
         <run_address>0x1a95</run_address>
         <size>0x4d</size>
         <input_file_ref idref="fl-20"/>
      </object_component>
      <object_component id="oc-9f">
         <name>.debug_line</name>
         <load_address>0x1ae2</load_address>
         <run_address>0x1ae2</run_address>
         <size>0x95</size>
         <input_file_ref idref="fl-21"/>
      </object_component>
      <object_component id="oc-a3">
         <name>.debug_line</name>
         <load_address>0x1b77</load_address>
         <run_address>0x1b77</run_address>
         <size>0x5c</size>
         <input_file_ref idref="fl-22"/>
      </object_component>
      <object_component id="oc-a7">
         <name>.debug_line</name>
         <load_address>0x1bd3</load_address>
         <run_address>0x1bd3</run_address>
         <size>0x3c</size>
         <input_file_ref idref="fl-23"/>
      </object_component>
      <object_component id="oc-ad">
         <name>.debug_line</name>
         <load_address>0x1c0f</load_address>
         <run_address>0x1c0f</run_address>
         <size>0x1b0</size>
         <input_file_ref idref="fl-24"/>
      </object_component>
      <object_component id="oc-b1">
         <name>.debug_line</name>
         <load_address>0x1dbf</load_address>
         <run_address>0x1dbf</run_address>
         <size>0x54</size>
         <input_file_ref idref="fl-25"/>
      </object_component>
      <object_component id="oc-b8">
         <name>.debug_line</name>
         <load_address>0x1e13</load_address>
         <run_address>0x1e13</run_address>
         <size>0x112</size>
         <input_file_ref idref="fl-26"/>
      </object_component>
      <object_component id="oc-bc">
         <name>.debug_line</name>
         <load_address>0x1f25</load_address>
         <run_address>0x1f25</run_address>
         <size>0x42</size>
         <input_file_ref idref="fl-27"/>
      </object_component>
      <object_component id="oc-c0">
         <name>.debug_line</name>
         <load_address>0x1f67</load_address>
         <run_address>0x1f67</run_address>
         <size>0x69</size>
         <input_file_ref idref="fl-28"/>
      </object_component>
      <object_component id="oc-c4">
         <name>.debug_line</name>
         <load_address>0x1fd0</load_address>
         <run_address>0x1fd0</run_address>
         <size>0x39</size>
         <input_file_ref idref="fl-29"/>
      </object_component>
      <object_component id="oc-c9">
         <name>.debug_line</name>
         <load_address>0x2009</load_address>
         <run_address>0x2009</run_address>
         <size>0x15e</size>
         <input_file_ref idref="fl-2a"/>
      </object_component>
      <object_component id="oc-cf">
         <name>.debug_line</name>
         <load_address>0x2167</load_address>
         <run_address>0x2167</run_address>
         <size>0x6a</size>
         <input_file_ref idref="fl-2b"/>
      </object_component>
      <object_component id="oc-d3">
         <name>.debug_line</name>
         <load_address>0x21d1</load_address>
         <run_address>0x21d1</run_address>
         <size>0x37</size>
         <input_file_ref idref="fl-2c"/>
      </object_component>
      <object_component id="oc-d7">
         <name>.debug_line</name>
         <load_address>0x2208</load_address>
         <run_address>0x2208</run_address>
         <size>0x4c</size>
         <input_file_ref idref="fl-2d"/>
      </object_component>
      <object_component id="oc-db">
         <name>.debug_line</name>
         <load_address>0x2254</load_address>
         <run_address>0x2254</run_address>
         <size>0x57</size>
         <input_file_ref idref="fl-2e"/>
      </object_component>
      <object_component id="oc-e1">
         <name>.debug_line</name>
         <load_address>0x22ab</load_address>
         <run_address>0x22ab</run_address>
         <size>0x57</size>
         <input_file_ref idref="fl-2f"/>
      </object_component>
      <object_component id="oc-e7">
         <name>.debug_line</name>
         <load_address>0x2302</load_address>
         <run_address>0x2302</run_address>
         <size>0x328</size>
         <input_file_ref idref="fl-30"/>
      </object_component>
      <object_component id="oc-eb">
         <name>.debug_line</name>
         <load_address>0x262a</load_address>
         <run_address>0x262a</run_address>
         <size>0x41</size>
         <input_file_ref idref="fl-31"/>
      </object_component>
      <object_component id="oc-ef">
         <name>.debug_line</name>
         <load_address>0x266b</load_address>
         <run_address>0x266b</run_address>
         <size>0x46</size>
         <input_file_ref idref="fl-32"/>
      </object_component>
      <object_component id="oc-f3">
         <name>.debug_line</name>
         <load_address>0x26b1</load_address>
         <run_address>0x26b1</run_address>
         <size>0x55</size>
         <input_file_ref idref="fl-33"/>
      </object_component>
      <object_component id="oc-f7">
         <name>.debug_line</name>
         <load_address>0x2706</load_address>
         <run_address>0x2706</run_address>
         <size>0xad</size>
         <input_file_ref idref="fl-34"/>
      </object_component>
      <object_component id="oc-101">
         <name>.debug_line</name>
         <load_address>0x27b3</load_address>
         <run_address>0x27b3</run_address>
         <size>0x5b</size>
         <input_file_ref idref="fl-37"/>
      </object_component>
      <object_component id="oc-105">
         <name>.debug_line</name>
         <load_address>0x280e</load_address>
         <run_address>0x280e</run_address>
         <size>0x44</size>
         <input_file_ref idref="fl-38"/>
      </object_component>
      <object_component id="oc-109">
         <name>.debug_line</name>
         <load_address>0x2852</load_address>
         <run_address>0x2852</run_address>
         <size>0x3d</size>
         <input_file_ref idref="fl-39"/>
      </object_component>
      <object_component id="oc-10d">
         <name>.debug_line</name>
         <load_address>0x288f</load_address>
         <run_address>0x288f</run_address>
         <size>0x3d</size>
         <input_file_ref idref="fl-3a"/>
      </object_component>
      <object_component id="oc-112">
         <name>.debug_line</name>
         <load_address>0x28cc</load_address>
         <run_address>0x28cc</run_address>
         <size>0x44</size>
         <input_file_ref idref="fl-3b"/>
      </object_component>
      <object_component id="oc-116">
         <name>.debug_line</name>
         <load_address>0x2910</load_address>
         <run_address>0x2910</run_address>
         <size>0x56</size>
         <input_file_ref idref="fl-3c"/>
      </object_component>
      <object_component id="oc-11b">
         <name>.debug_line</name>
         <load_address>0x2966</load_address>
         <run_address>0x2966</run_address>
         <size>0xa6</size>
         <input_file_ref idref="fl-3d"/>
      </object_component>
      <object_component id="oc-11f">
         <name>.debug_line</name>
         <load_address>0x2a0c</load_address>
         <run_address>0x2a0c</run_address>
         <size>0x40</size>
         <input_file_ref idref="fl-3e"/>
      </object_component>
      <object_component id="oc-123">
         <name>.debug_line</name>
         <load_address>0x2a4c</load_address>
         <run_address>0x2a4c</run_address>
         <size>0x3c</size>
         <input_file_ref idref="fl-3f"/>
      </object_component>
      <object_component id="oc-127">
         <name>.debug_line</name>
         <load_address>0x2a88</load_address>
         <run_address>0x2a88</run_address>
         <size>0x38</size>
         <input_file_ref idref="fl-40"/>
      </object_component>
      <object_component id="oc-12b">
         <name>.debug_line</name>
         <load_address>0x2ac0</load_address>
         <run_address>0x2ac0</run_address>
         <size>0xa8</size>
         <input_file_ref idref="fl-41"/>
      </object_component>
      <object_component id="oc-12f">
         <name>.debug_line</name>
         <load_address>0x2b68</load_address>
         <run_address>0x2b68</run_address>
         <size>0x40</size>
         <input_file_ref idref="fl-42"/>
      </object_component>
      <object_component id="oc-133">
         <name>.debug_line</name>
         <load_address>0x2ba8</load_address>
         <run_address>0x2ba8</run_address>
         <size>0x3a</size>
         <input_file_ref idref="fl-43"/>
      </object_component>
      <object_component id="oc-137">
         <name>.debug_line</name>
         <load_address>0x2be2</load_address>
         <run_address>0x2be2</run_address>
         <size>0x3c</size>
         <input_file_ref idref="fl-44"/>
      </object_component>
      <object_component id="oc-13b">
         <name>.debug_line</name>
         <load_address>0x2c1e</load_address>
         <run_address>0x2c1e</run_address>
         <size>0x37</size>
         <input_file_ref idref="fl-45"/>
      </object_component>
      <object_component id="oc-13f">
         <name>.debug_line</name>
         <load_address>0x2c55</load_address>
         <run_address>0x2c55</run_address>
         <size>0x3c</size>
         <input_file_ref idref="fl-46"/>
      </object_component>
      <object_component id="oc-143">
         <name>.debug_line</name>
         <load_address>0x2c91</load_address>
         <run_address>0x2c91</run_address>
         <size>0x44</size>
         <input_file_ref idref="fl-47"/>
      </object_component>
      <object_component id="oc-147">
         <name>.debug_line</name>
         <load_address>0x2cd5</load_address>
         <run_address>0x2cd5</run_address>
         <size>0x40</size>
         <input_file_ref idref="fl-48"/>
      </object_component>
      <object_component id="oc-14b">
         <name>.debug_line</name>
         <load_address>0x2d15</load_address>
         <run_address>0x2d15</run_address>
         <size>0x37</size>
         <input_file_ref idref="fl-49"/>
      </object_component>
      <object_component id="oc-14f">
         <name>.debug_line</name>
         <load_address>0x2d4c</load_address>
         <run_address>0x2d4c</run_address>
         <size>0x58</size>
         <input_file_ref idref="fl-4a"/>
      </object_component>
      <object_component id="oc-153">
         <name>.debug_line</name>
         <load_address>0x2da4</load_address>
         <run_address>0x2da4</run_address>
         <size>0x5c</size>
         <input_file_ref idref="fl-4b"/>
      </object_component>
      <object_component id="oc-157">
         <name>.debug_line</name>
         <load_address>0x2e00</load_address>
         <run_address>0x2e00</run_address>
         <size>0x3c</size>
         <input_file_ref idref="fl-4c"/>
      </object_component>
      <object_component id="oc-15b">
         <name>.debug_line</name>
         <load_address>0x2e3c</load_address>
         <run_address>0x2e3c</run_address>
         <size>0x3a</size>
         <input_file_ref idref="fl-4d"/>
      </object_component>
      <object_component id="oc-15">
         <name>.debug_abbrev</name>
         <load_address>0x0</load_address>
         <run_address>0x0</run_address>
         <size>0x2c</size>
         <input_file_ref idref="fl-2"/>
      </object_component>
      <object_component id="oc-1a">
         <name>.debug_abbrev</name>
         <load_address>0x2c</load_address>
         <run_address>0x2c</run_address>
         <size>0x9e</size>
         <input_file_ref idref="fl-3"/>
      </object_component>
      <object_component id="oc-20">
         <name>.debug_abbrev</name>
         <load_address>0xca</load_address>
         <run_address>0xca</run_address>
         <size>0x12b</size>
         <input_file_ref idref="fl-4"/>
      </object_component>
      <object_component id="oc-22">
         <name>.debug_abbrev</name>
         <load_address>0x1f5</load_address>
         <run_address>0x1f5</run_address>
         <size>0x34</size>
         <input_file_ref idref="fl-5"/>
      </object_component>
      <object_component id="oc-2a">
         <name>.debug_abbrev</name>
         <load_address>0x229</load_address>
         <run_address>0x229</run_address>
         <size>0x14c</size>
         <input_file_ref idref="fl-6"/>
      </object_component>
      <object_component id="oc-30">
         <name>.debug_abbrev</name>
         <load_address>0x375</load_address>
         <run_address>0x375</run_address>
         <size>0x147</size>
         <input_file_ref idref="fl-7"/>
      </object_component>
      <object_component id="oc-36">
         <name>.debug_abbrev</name>
         <load_address>0x4bc</load_address>
         <run_address>0x4bc</run_address>
         <size>0xfd</size>
         <input_file_ref idref="fl-8"/>
      </object_component>
[...]
      <symbol id="sm-2ce">
         <name>_USBSTK5515_LED_on</name>
         <value>0x24fc4</value>
         <object_component_ref idref="oc-76"/>
      </symbol>
      <symbol id="sm-2cf">
         <name>_USBSTK5515_LED_off</name>
         <value>0x24fd5</value>
         <object_component_ref idref="oc-76"/>
      </symbol>
      <symbol id="sm-2d0">
         <name>_USBSTK5515_ULED_on</name>
         <value>0x250d5</value>
         <object_component_ref idref="oc-76"/>
      </symbol>
      <symbol id="sm-2d1">
         <name>_USBSTK5515_ULED_off</name>
         <value>0x2510a</value>
         <object_component_ref idref="oc-76"/>
      </symbol>
      <symbol id="sm-2d2">
         <name>_USBSTK5515_ULED_getall</name>
         <value>0x25015</value>
         <object_component_ref idref="oc-76"/>
      </symbol>
      <symbol id="sm-2d3">
         <name>_USBSTK5515_ULED_setall</name>
         <value>0x25067</value>
         <object_component_ref idref="oc-76"/>
      </symbol>
      <symbol id="sm-2d4">
         <name>_USBSTK5515_ULED_init</name>
         <value>0x24fe6</value>
         <object_component_ref idref="oc-76"/>
      </symbol>
      <symbol id="sm-2d5">
         <name>_USBSTK5515_LED_init</name>
         <value>0x24fb9</value>
         <object_component_ref idref="oc-76"/>
      </symbol>
      <symbol id="sm-2fa">
         <name>_PLL_reset</name>
         <value>0x241c2</value>
         <object_component_ref idref="oc-7b"/>
      </symbol>
      <symbol id="sm-2fb">
         <name>_PLL_bypass</name>
         <value>0x24173</value>
         <object_component_ref idref="oc-7b"/>
      </symbol>
      <symbol id="sm-2fc">
         <name>_PLL_enable</name>
         <value>0x2410c</value>
         <object_component_ref idref="oc-7b"/>
      </symbol>
      <symbol id="sm-2fd">
         <name>_PLL_config</name>
         <value>0x23fe3</value>
         <object_component_ref idref="oc-7b"/>
      </symbol>
      <symbol id="sm-2fe">
         <name>_PLL_init</name>
         <value>0x23fab</value>
         <object_component_ref idref="oc-7b"/>
      </symbol>
      <symbol id="sm-30a">
         <name>__sysstack</name>
         <value>0x20c0</value>
         <object_component_ref idref="oc-15d"/>
      </symbol>
      <symbol id="sm-30b">
         <name>_c_int00</name>
         <value>0x26a88</value>
         <object_component_ref idref="oc-10"/>
      </symbol>
      <symbol id="sm-30c">
         <name>__stack</name>
         <value>0xc0</value>
         <object_component_ref idref="oc-80"/>
      </symbol>
      <symbol id="sm-31c">
         <name>C$$EXIT</name>
         <value>0x26c08</value>
         <object_component_ref idref="oc-88"/>
      </symbol>
      <symbol id="sm-31d">
         <name>_exit</name>
         <value>0x26a0e</value>
         <object_component_ref idref="oc-84"/>
      </symbol>
      <symbol id="sm-31e">
         <name>_abort</name>
         <value>0x26c07</value>
         <object_component_ref idref="oc-88"/>
      </symbol>
      <symbol id="sm-31f">
         <name>__cleanup_ptr</name>
         <value>0x6248</value>
         <object_component_ref idref="oc-85"/>
      </symbol>
      <symbol id="sm-320">
         <name>__dtors_ptr</name>
         <value>0x624c</value>
         <object_component_ref idref="oc-85"/>
      </symbol>
      <symbol id="sm-32a">
         <name>_fclose</name>
         <value>0x263c9</value>
         <object_component_ref idref="oc-8b"/>
      </symbol>
      <symbol id="sm-334">
         <name>__doflush</name>
         <value>0x260ae</value>
         <object_component_ref idref="oc-8f"/>
      </symbol>
      <symbol id="sm-335">
         <name>_fflush</name>
         <value>0x26110</value>
         <object_component_ref idref="oc-8f"/>
      </symbol>
      <symbol id="sm-344">
         <name>__cleanup</name>
         <value>0x24343</value>
         <object_component_ref idref="oc-93"/>
      </symbol>
      <symbol id="sm-345">
         <name>_fopen</name>
         <value>0x24461</value>
         <object_component_ref idref="oc-93"/>
      </symbol>
      <symbol id="sm-346">
         <name>_freopen</name>
         <value>0x2439b</value>
         <object_component_ref idref="oc-93"/>
      </symbol>
      <symbol id="sm-350">
         <name>_fread</name>
         <value>0x25702</value>
         <object_component_ref idref="oc-99"/>
      </symbol>
      <symbol id="sm-35a">
         <name>_fwrite</name>
         <value>0x24ba9</value>
         <object_component_ref idref="oc-9d"/>
      </symbol>
      <symbol id="sm-362">
         <name>__remi</name>
         <value>0x26a6b</value>
         <object_component_ref idref="oc-a1"/>
      </symbol>
      <symbol id="sm-363">
         <name>__divi</name>
         <value>0x26a4c</value>
         <object_component_ref idref="oc-a1"/>
      </symbol>
      <symbol id="sm-364">
         <name>I$$MOD</name>
         <value>0x26a6b</value>
         <object_component_ref idref="oc-a1"/>
      </symbol>
      <symbol id="sm-365">
         <name>I$$DIV</name>
         <value>0x26a4c</value>
         <object_component_ref idref="oc-a1"/>
      </symbol>
      <symbol id="sm-36d">
         <name>__mpyli</name>
         <value>0x26bc8</value>
         <object_component_ref idref="oc-a5"/>
      </symbol>
      <symbol id="sm-36e">
         <name>I$$LMPY</name>
         <value>0x26bc8</value>
         <object_component_ref idref="oc-a5"/>
      </symbol>
      <symbol id="sm-37f">
         <name>_add_device</name>
         <value>0x2314b</value>
         <object_component_ref idref="oc-a9"/>
      </symbol>
      <symbol id="sm-380">
         <name>_rename</name>
         <value>0x22e7c</value>
         <object_component_ref idref="oc-a9"/>
      </symbol>
      <symbol id="sm-381">
         <name>_read</name>
         <value>0x22f07</value>
         <object_component_ref idref="oc-a9"/>
      </symbol>
      <symbol id="sm-382">
         <name>_unlink</name>
         <value>0x22e48</value>
         <object_component_ref idref="oc-a9"/>
      </symbol>
      <symbol id="sm-383">
         <name>_remove_device</name>
         <value>0x22ed3</value>
         <object_component_ref idref="oc-a9"/>
      </symbol>
      <symbol id="sm-384">
         <name>_open</name>
         <value>0x22fb1</value>
         <object_component_ref idref="oc-a9"/>
      </symbol>
      <symbol id="sm-385">
         <name>_find_registered_device</name>
         <value>0x230d2</value>
         <object_component_ref idref="oc-a9"/>
      </symbol>
      <symbol id="sm-386">
         <name>_lseek</name>
         <value>0x2306e</value>
         <object_component_ref idref="oc-a9"/>
      </symbol>
      <symbol id="sm-387">
         <name>_close</name>
         <value>0x230db</value>
         <object_component_ref idref="oc-a9"/>
      </symbol>
      <symbol id="sm-388">
         <name>_write</name>
         <value>0x22d1b</value>
         <object_component_ref idref="oc-a9"/>
      </symbol>
      <symbol id="sm-392">
         <name>_memcpy</name>
         <value>0x26799</value>
         <object_component_ref idref="oc-af"/>
      </symbol>
      <symbol id="sm-3a2">
         <name>__sys_memory</name>
         <value>0x30c0</value>
         <object_component_ref idref="oc-b7"/>
      </symbol>
      <symbol id="sm-3a3">
         <name>_chkheap</name>
         <value>0x227a5</value>
         <object_component_ref idref="oc-b3"/>
      </symbol>
      <symbol id="sm-3a4">
         <name>_realloc</name>
         <value>0x2250b</value>
         <object_component_ref idref="oc-b3"/>
      </symbol>
      <symbol id="sm-3a5">
         <name>_free_memory</name>
         <value>0x2273e</value>
         <object_component_ref idref="oc-b3"/>
      </symbol>
      <symbol id="sm-3a6">
         <name>_max_free</name>
         <value>0x226d4</value>
         <object_component_ref idref="oc-b3"/>
      </symbol>
      <symbol id="sm-3a7">
         <name>_free</name>
         <value>0x222c6</value>
         <object_component_ref idref="oc-b3"/>
      </symbol>
      <symbol id="sm-3a8">
         <name>_calloc</name>
         <value>0x227ad</value>
         <object_component_ref idref="oc-b3"/>
      </symbol>
      <symbol id="sm-3a9">
         <name>_malloc</name>
         <value>0x2240a</value>
         <object_component_ref idref="oc-b3"/>
      </symbol>
      <symbol id="sm-3aa">
         <name>_minit</name>
         <value>0x22398</value>
         <object_component_ref idref="oc-b3"/>
      </symbol>
      <symbol id="sm-3b3">
         <name>_memset</name>
         <value>0x26b5f</value>
         <object_component_ref idref="oc-ba"/>
      </symbol>
      <symbol id="sm-3bd">
         <name>_printf</name>
         <value>0x26897</value>
         <object_component_ref idref="oc-be"/>
      </symbol>
      <symbol id="sm-3c7">
         <name>_remove</name>
         <value>0x26bfd</value>
         <object_component_ref idref="oc-c2"/>
      </symbol>
      <symbol id="sm-3d3">
         <name>_HOSTopen</name>
         <value>0x220a7</value>
         <object_component_ref idref="oc-c6"/>
      </symbol>
      <symbol id="sm-3d4">
         <name>_HOSTread</name>
         <value>0x2201c</value>
         <object_component_ref idref="oc-c6"/>
      </symbol>
      <symbol id="sm-3d5">
         <name>_HOSTtime</name>
         <value>0x21f05</value>
         <object_component_ref idref="oc-c6"/>
      </symbol>
      <symbol id="sm-3d6">
         <name>_getenv</name>
         <value>0x21d8e</value>
         <object_component_ref idref="oc-c6"/>
      </symbol>
      <symbol id="sm-3d7">
         <name>_HOSTrename</name>
         <value>0x21f63</value>
         <object_component_ref idref="oc-c6"/>
      </symbol>
      <symbol id="sm-3d8">
         <name>_HOSTclock</name>
         <value>0x22268</value>
         <object_component_ref idref="oc-c6"/>
      </symbol>
      <symbol id="sm-3d9">
         <name>_HOSTwrite</name>
         <value>0x21e0e</value>
         <object_component_ref idref="oc-c6"/>
      </symbol>
      <symbol id="sm-3da">
         <name>_HOSTlseek</name>
         <value>0x22148</value>
         <object_component_ref idref="oc-c6"/>
      </symbol>
      <symbol id="sm-3db">
         <name>_HOSTunlink</name>
         <value>0x21e99</value>
         <object_component_ref idref="oc-c6"/>
      </symbol>
      <symbol id="sm-3dc">
         <name>_HOSTclose</name>
         <value>0x221fd</value>
         <object_component_ref idref="oc-c6"/>
      </symbol>
      <symbol id="sm-3ee">
         <name>C$$IO$$</name>
         <value>0x260a9</value>
         <object_component_ref idref="oc-ce"/>
      </symbol>
      <symbol id="sm-3ef">
         <name>__CIOBUF_</name>
         <value>0x40350</value>
         <object_component_ref idref="oc-cd"/>
      </symbol>
      <symbol id="sm-3f0">
         <name>_readmsg</name>
         <value>0x26606</value>
         <object_component_ref idref="oc-cb"/>
      </symbol>
      <symbol id="sm-3f1">
         <name>_writemsg</name>
         <value>0x25ff0</value>
         <object_component_ref idref="oc-ce"/>
      </symbol>
      <symbol id="sm-3fb">
         <name>_Reset</name>
         <value>0x4fe00</value>
         <object_component_ref idref="oc-11"/>
      </symbol>
      <symbol id="sm-405">
         <name>__buff_read</name>
         <value>0x26168</value>
         <object_component_ref idref="oc-d5"/>
      </symbol>
      <symbol id="sm-40f">
         <name>__rd_ok</name>
         <value>0x25f93</value>
         <object_component_ref idref="oc-d9"/>
      </symbol>
      <symbol id="sm-410">
         <name>__wrt_ok</name>
         <value>0x25f16</value>
         <object_component_ref idref="oc-d9"/>
      </symbol>
      <symbol id="sm-41e">
         <name>__unlock</name>
         <value>0x6244</value>
         <object_component_ref idref="oc-de"/>
      </symbol>
      <symbol id="sm-41f">
         <name>__lock</name>
         <value>0x6240</value>
         <object_component_ref idref="oc-de"/>
      </symbol>
      <symbol id="sm-420">
         <name>__register_lock</name>
         <value>0x26be3</value>
         <object_component_ref idref="oc-dd"/>
      </symbol>
      <symbol id="sm-421">
         <name>__nop</name>
         <value>0x26beb</value>
         <object_component_ref idref="oc-dd"/>
      </symbol>
      <symbol id="sm-422">
         <name>__register_unlock</name>
         <value>0x26bdb</value>
         <object_component_ref idref="oc-dd"/>
      </symbol>
      <symbol id="sm-434">
         <name>__printfi</name>
         <value>0x21315</value>
         <object_component_ref idref="oc-e3"/>
      </symbol>
      <symbol id="sm-43e">
         <name>__args_main</name>
         <value>0x2697d</value>
         <object_component_ref idref="oc-e9"/>
      </symbol>
      <symbol id="sm-43f">
         <name>__TI_args_main</name>
         <value>0x1</value>
      </symbol>
      <symbol id="sm-449">
         <name>_atoi</name>
         <value>0x26740</value>
         <object_component_ref idref="oc-ed"/>
      </symbol>
      <symbol id="sm-451">
         <name>_auto_init</name>
         <value>0x268e5</value>
         <object_component_ref idref="oc-f1"/>
      </symbol>
      <symbol id="sm-45b">
         <name>__eqld</name>
         <value>0x24f2d</value>
         <object_component_ref idref="oc-f5"/>
      </symbol>
      <symbol id="sm-45c">
         <name>__cmpd</name>
         <value>0x24f61</value>
         <object_component_ref idref="oc-f5"/>
      </symbol>
      <symbol id="sm-45d">
         <name>__neqd</name>
         <value>0x24dcf</value>
         <object_component_ref idref="oc-f5"/>
      </symbol>
      <symbol id="sm-45e">
         <name>__gtrd</name>
         <value>0x24e98</value>
         <object_component_ref idref="oc-f5"/>
      </symbol>
      <symbol id="sm-45f">
         <name>__geqd</name>
         <value>0x24ee3</value>
         <object_component_ref idref="oc-f5"/>
      </symbol>
      <symbol id="sm-460">
         <name>__leqd</name>
         <value>0x24e4b</value>
         <object_component_ref idref="oc-f5"/>
      </symbol>
      <symbol id="sm-461">
         <name>__lssd</name>
         <value>0x24e03</value>
         <object_component_ref idref="oc-f5"/>
      </symbol>
      <symbol id="sm-469">
         <name>__ctypes_</name>
         <value>0x5814</value>
         <object_component_ref idref="oc-15f"/>
      </symbol>
      <symbol id="sm-473">
         <name>__tmpnams</name>
         <value>0x5c6c</value>
         <object_component_ref idref="oc-fb"/>
      </symbol>
      <symbol id="sm-474">
         <name>__ft_end</name>
         <value>0x5dac</value>
         <object_component_ref idref="oc-fb"/>
      </symbol>
      <symbol id="sm-475">
         <name>__ftable</name>
         <value>0x5b7c</value>
         <object_component_ref idref="oc-fb"/>
      </symbol>
      <symbol id="sm-481">
         <name>__divd</name>
         <value>0x23233</value>
         <object_component_ref idref="oc-ff"/>
      </symbol>
      <symbol id="sm-48c">
         <name>__divul</name>
         <value>0x262b0</value>
         <object_component_ref idref="oc-103"/>
      </symbol>
      <symbol id="sm-496">
         <name>__fixdi</name>
         <value>0x26ae9</value>
         <object_component_ref idref="oc-107"/>
      </symbol>
      <symbol id="sm-4a0">
         <name>__fixdli</name>
         <value>0x26598</value>
         <object_component_ref idref="oc-10b"/>
      </symbol>
      <symbol id="sm-4ac">
         <name>__fltlid</name>
         <value>0x266d9</value>
         <object_component_ref idref="oc-10f"/>
      </symbol>
      <symbol id="sm-4b6">
         <name>_putchar</name>
         <value>0x262a1</value>
         <object_component_ref idref="oc-114"/>
      </symbol>
      <symbol id="sm-4b7">
         <name>_putc</name>
         <value>0x2620e</value>
         <object_component_ref idref="oc-114"/>
      </symbol>
      <symbol id="sm-4b8">
         <name>_fputc</name>
         <value>0x2620e</value>
         <object_component_ref idref="oc-114"/>
      </symbol>
      <symbol id="sm-4c4">
         <name>_puts</name>
         <value>0x252d1</value>
         <object_component_ref idref="oc-118"/>
      </symbol>
      <symbol id="sm-4c5">
         <name>_fputs</name>
         <value>0x25182</value>
         <object_component_ref idref="oc-118"/>
      </symbol>
      <symbol id="sm-4cf">
         <name>__frcmpyd_div</name>
         <value>0x264b5</value>
         <object_component_ref idref="oc-11d"/>
      </symbol>
      <symbol id="sm-4d9">
         <name>_fseek</name>
         <value>0x26671</value>
         <object_component_ref idref="oc-121"/>
      </symbol>
      <symbol id="sm-4e3">
         <name>___isinf</name>
         <value>0x26b9a</value>
         <object_component_ref idref="oc-125"/>
      </symbol>
      <symbol id="sm-4ed">
         <name>__divull</name>
         <value>0x2482a</value>
         <object_component_ref idref="oc-129"/>
      </symbol>
      <symbol id="sm-4ee">
         <name>__mpylli</name>
         <value>0x24773</value>
         <object_component_ref idref="oc-129"/>
      </symbol>
      <symbol id="sm-4ef">
         <name>__remlli</name>
         <value>0x24744</value>
         <object_component_ref idref="oc-129"/>
      </symbol>
      <symbol id="sm-4f0">
         <name>__divlli</name>
         <value>0x2491e</value>
         <object_component_ref idref="oc-129"/>
      </symbol>
      <symbol id="sm-4f1">
         <name>__remull</name>
         <value>0x246f6</value>
         <object_component_ref idref="oc-129"/>
      </symbol>
      <symbol id="sm-4fb">
         <name>_ltoa</name>
         <value>0x26350</value>
         <object_component_ref idref="oc-12d"/>
      </symbol>
      <symbol id="sm-506">
         <name>_memccpy</name>
         <value>0x26b3d</value>
         <object_component_ref idref="oc-131"/>
      </symbol>
      <symbol id="sm-510">
         <name>__mpyd</name>
         <value>0x255b7</value>
         <object_component_ref idref="oc-135"/>
      </symbol>
      <symbol id="sm-51a">
         <name>__negd</name>
         <value>0x26bed</value>
         <object_component_ref idref="oc-139"/>
      </symbol>
      <symbol id="sm-524">
         <name>__remli</name>
         <value>0x26932</value>
         <object_component_ref idref="oc-13d"/>
      </symbol>
      <symbol id="sm-52f">
         <name>__remul</name>
         <value>0x26528</value>
         <object_component_ref idref="oc-141"/>
      </symbol>
      <symbol id="sm-539">
         <name>_setvbuf</name>
         <value>0x25e23</value>
         <object_component_ref idref="oc-145"/>
      </symbol>
      <symbol id="sm-543">
         <name>__subd</name>
         <value>0x26bb4</value>
         <object_component_ref idref="oc-149"/>
      </symbol>
      <symbol id="sm-54b">
         <name>__remu</name>
         <value>0x26b28</value>
         <object_component_ref idref="oc-14d"/>
      </symbol>
      <symbol id="sm-54c">
         <name>__divu</name>
         <value>0x26b13</value>
         <object_component_ref idref="oc-14d"/>
      </symbol>
      <symbol id="sm-54d">
         <name>I$$UMOD</name>
         <value>0x26b28</value>
         <object_component_ref idref="oc-14d"/>
      </symbol>
      <symbol id="sm-54e">
         <name>I$$UDIV</name>
         <value>0x26b13</value>
         <object_component_ref idref="oc-14d"/>
      </symbol>
      <symbol id="sm-558">
         <name>__addd</name>
         <value>0x24952</value>
         <object_component_ref idref="oc-151"/>
      </symbol>
      <symbol id="sm-562">
         <name>__divli</name>
         <value>0x269c6</value>
         <object_component_ref idref="oc-155"/>
      </symbol>
      <symbol id="sm-56c">
         <name>__frcmpyd</name>
         <value>0x2643f</value>
         <object_component_ref idref="oc-159"/>
      </symbol>
   </symbol_table>
</link_info>
